tasks.c:739:16:xTaskCreate	56	static
tasks.c:830:13:prvInitialiseNewTask	32	static
tasks.c:1081:13:prvAddNewTaskToReadyList	32	static
tasks.c:1167:10:vTaskDelete	24	static,ignoring_inline_asm
tasks.c:1262:16:xTaskDelayUntil	32	static,ignoring_inline_asm
tasks.c:1349:10:vTaskDelay	24	static,ignoring_inline_asm
tasks.c:1394:16:eTaskGetState	40	static
tasks.c:1491:17:uxTaskPriorityGet	24	static
tasks.c:1513:17:uxTaskPriorityGetFromISR	40	static,ignoring_inline_asm
tasks.c:1553:10:vTaskPrioritySet	40	static
tasks.c:1720:10:vTaskSuspend	24	static,ignoring_inline_asm
tasks.c:1827:23:prvTaskIsTaskSuspended	24	static
tasks.c:1873:10:vTaskResume	24	static
tasks.c:1927:16:xTaskResumeFromISR	40	static,ignoring_inline_asm
tasks.c:2002:6:vTaskStartScheduler	24	static,ignoring_inline_asm
tasks.c:2130:6:vTaskEndScheduler	16	static,ignoring_inline_asm
tasks.c:2141:6:vTaskSuspendAll	4	static,ignoring_inline_asm
tasks.c:2225:12:xTaskResumeAll	24	static
tasks.c:2336:12:xTaskGetTickCount	16	static
tasks.c:2351:12:xTaskGetTickCountFromISR	16	static
tasks.c:2382:13:uxTaskGetNumberOfTasks	4	static
tasks.c:2390:8:pcTaskGetName	24	static
tasks.c:2537:17:uxTaskGetSystemState	32	static
tasks.c:2612:18:xTaskGetIdleTaskHandle	8	static
tasks.c:2642:12:xTaskCatchUpTicks	24	static
tasks.c:2740:12:xTaskIncrementTick	32	static
tasks.c:3025:6:vTaskSwitchContext	24	static,ignoring_inline_asm
tasks.c:3101:6:vTaskPlaceOnEventList	16	static
tasks.c:3119:6:vTaskPlaceOnUnorderedEventList	24	static
tasks.c:3147:10:vTaskPlaceOnEventListRestricted	24	static
tasks.c:3180:12:xTaskRemoveFromEventList	24	static
tasks.c:3248:6:vTaskRemoveFromUnorderedEventList	24	static
tasks.c:3297:6:vTaskSetTimeOutState	16	static
tasks.c:3309:6:vTaskInternalSetTimeOutState	16	static
tasks.c:3317:12:xTaskCheckForTimeOut	32	static
tasks.c:3382:6:vTaskMissedYield	4	static
tasks.c:3390:17:uxTaskGetTaskNumber	24	static
tasks.c:3413:10:vTaskSetTaskNumber	24	static
tasks.c:3438:8:prvIdleTask	16	static,ignoring_inline_asm
tasks.c:3663:13:prvInitialiseTaskLists	16	static
tasks.c:3695:13:prvCheckTasksWaitingTermination	16	static
tasks.c:3725:10:vTaskGetInfo	32	static
tasks.c:3824:24:prvListTasksWithinSingleList	48	static
tasks.c:3859:35:prvTaskCheckFreeStackSpace	24	static
tasks.c:3946:11:pxTaskGetStackStart	24	static
tasks.c:3961:17:prvDeleteTCB	16	static
tasks.c:4017:13:prvResetNextTaskUnblockTime	4	static
tasks.c:4040:18:xTaskGetCurrentTaskHandle	16	static
tasks.c:4057:16:xTaskGetSchedulerState	16	static
tasks.c:4085:16:xTaskPriorityInherit	24	static
tasks.c:4176:16:xTaskPriorityDisinherit	24	static
tasks.c:4257:10:vTaskPriorityDisinheritAfterTimeout	32	static
tasks.c:4426:19:prvWriteNameToBuffer	24	static
tasks.c:4453:10:vTaskList	48	static
tasks.c:4682:12:uxTaskResetEventItemValue	16	static
tasks.c:4698:18:pvTaskIncrementMutexHeldCount	4	static
tasks.c:4715:14:ulTaskGenericNotifyTake	32	static,ignoring_inline_asm
tasks.c:4788:16:xTaskGenericNotifyWait	40	static,ignoring_inline_asm
tasks.c:4876:16:xTaskGenericNotify	48	static
tasks.c:5001:16:xTaskGenericNotifyFromISR	64	static,ignoring_inline_asm
tasks.c:5141:10:vTaskGenericNotifyGiveFromISR	48	static,ignoring_inline_asm
tasks.c:5231:16:xTaskGenericNotifyStateClear	24	static
tasks.c:5265:14:ulTaskGenericNotifyValueClear	32	static
tasks.c:5301:13:prvAddCurrentTaskToDelayedList	24	static
