port.c:181:15:pxPortInitialiseStack	24	static
port.c:213:13:prvTaskExitError	16	static,ignoring_inline_asm
port.c:239:6:SVC_Handler	0	static,ignoring_inline_asm
port.c:258:13:prvPortStartFirstTask	0	static,ignoring_inline_asm
port.c:282:6:vInitPrioGroupValue	24	static
port.c:357:12:xPortStartScheduler	8	static
port.c:395:6:vPortEndScheduler	8	static
port.c:403:6:vPortEnterCritical	16	static,ignoring_inline_asm
port.c:420:6:vPortExitCritical	16	static,ignoring_inline_asm
port.c:432:6:PendSV_Handler	0	static,ignoring_inline_asm
port.c:491:6:SysTick_Handler	16	static,ignoring_inline_asm
port.c:691:32:vPortSetupTimerInterrupt	4	static
port.c:713:13:vPortEnableVFP	0	static,ignoring_inline_asm
port.c:730:10:vPortValidateInterruptPriority	16	static,ignoring_inline_asm
