09:51:25 **** Incremental Build of configuration Debug for project 001Tasks ****
make -j7 all 
arm-none-eabi-gcc "../Core/Src/main.c" -mcpu=cortex-m7 -std=gnu11 -g -DDEBUG -DUSE_HAL_DRIVER -DSTM32F750xx -c -I../Drivers/CMSIS/Include -I"/Users/siemen/repos/rtos_course/RTOS_workspace/001Tasks/ThirdParty/FreeRTOS" -I"/Users/siemen/repos/rtos_course/RTOS_workspace/001Tasks/ThirdParty/SEGGER/Config" -I"/Users/siemen/repos/rtos_course/RTOS_workspace/001Tasks/ThirdParty/SEGGER/OS" -I"/Users/siemen/repos/rtos_course/RTOS_workspace/001Tasks/ThirdParty/SEGGER/SEGGER" -I"/Users/siemen/repos/rtos_course/RTOS_workspace/001Tasks/ThirdParty/FreeRTOS/include" -I"/Users/siemen/repos/rtos_course/RTOS_workspace/001Tasks/ThirdParty/FreeRTOS/portable/GCC/ARM_CM7/r0p1" -I../Drivers/CMSIS/Device/ST/STM32F7xx/Include -I../Core/Inc -I../Drivers/STM32F7xx_HAL_Driver/Inc -I../Drivers/STM32F7xx_HAL_Driver/Inc/Legacy -O0 -ffunction-sections -fdata-sections -Wall -fstack-usage -MMD -MP -MF"Core/Src/main.d" -MT"Core/Src/main.o" --specs=nano.specs -mfpu=fpv5-sp-d16 -mfloat-abi=hard -mthumb -o "Core/Src/main.o"
arm-none-eabi-gcc -o "001Tasks.elf" @"objects.list"   -mcpu=cortex-m7 -T"/Users/siemen/repos/rtos_course/RTOS_workspace/001Tasks/STM32F750N8HX_FLASH.ld" --specs=nosys.specs -Wl,-Map="001Tasks.map" -Wl,--gc-sections -static --specs=nano.specs -mfpu=fpv5-sp-d16 -mfloat-abi=hard -mthumb -Wl,--start-group -lc -lm -Wl,--end-group
Finished building target: 001Tasks.elf
 
arm-none-eabi-size   001Tasks.elf 
   text	   data	    bss	    dec	    hex	filename
  31528	    136	  54984	  86648	  15278	001Tasks.elf
Finished building: default.size.stdout
 

09:51:25 Build Finished. 0 errors, 0 warnings. (took 580ms)

