16:42:58 **** Incremental Build of configuration Debug for project 001Tasks ****
make -j7 all 
arm-none-eabi-gcc "../ThirdParty/SEGGER/Rec/segger_uart.c" -mcpu=cortex-m7 -std=gnu11 -g -DDEBUG -DUSE_HAL_DRIVER -DSTM32F750xx -c -I../Core/Inc -I"/Users/siemen/repos/rtos_course/RTOS_workspace/001Tasks/ThirdParty/FreeRTOS/portable/GCC/ARM_CM7/r0p1" -I"/Users/siemen/repos/rtos_course/RTOS_workspace/001Tasks/ThirdParty/FreeRTOS" -I"/Users/siemen/repos/rtos_course/RTOS_workspace/001Tasks/ThirdParty/FreeRTOS/portable/GCC/ARM_CM7" -I"/Users/siemen/repos/rtos_course/RTOS_workspace/001Tasks/ThirdParty/FreeRTOS/include" -I../Drivers/STM32F7xx_HAL_Driver/Inc -I../Drivers/STM32F7xx_HAL_Driver/Inc/Legacy -I../Drivers/CMSIS/Device/ST/STM32F7xx/Include -I../Drivers/CMSIS/Include -O0 -ffunction-sections -fdata-sections -Wall -fstack-usage -MMD -MP -MF"ThirdParty/SEGGER/Rec/segger_uart.d" -MT"ThirdParty/SEGGER/Rec/segger_uart.o" --specs=nano.specs -mfpu=fpv5-sp-d16 -mfloat-abi=hard -mthumb -o "ThirdParty/SEGGER/Rec/segger_uart.o"
arm-none-eabi-gcc -o "001Tasks.elf" @"objects.list"   -mcpu=cortex-m7 -T"/Users/siemen/repos/rtos_course/RTOS_workspace/001Tasks/STM32F750N8HX_FLASH.ld" --specs=nosys.specs -Wl,-Map="001Tasks.map" -Wl,--gc-sections -static --specs=nano.specs -mfpu=fpv5-sp-d16 -mfloat-abi=hard -mthumb -Wl,--start-group -lc -lm -Wl,--end-group
Finished building target: 001Tasks.elf
 
arm-none-eabi-objdump -h -S  001Tasks.elf  > "001Tasks.list"
arm-none-eabi-objcopy  -O binary  001Tasks.elf  "001Tasks.bin"
arm-none-eabi-size   001Tasks.elf 
   text	   data	    bss	    dec	    hex	filename
  27324	    136	  54848	  82308	  14184	001Tasks.elf
Finished building: default.size.stdout
 
Finished building: 001Tasks.bin
 
Finished building: 001Tasks.list
 
16:43:01 **** Incremental Build of configuration Debug for project 001Tasks ****
make -j7 all 
arm-none-eabi-size   001Tasks.elf 
   text	   data	    bss	    dec	    hex	filename
  27324	    136	  54848	  82308	  14184	001Tasks.elf
Finished building: default.size.stdout
 
16:43:04 **** Incremental Build of configuration Debug for project 001Tasks ****
make -j7 all 
arm-none-eabi-size   001Tasks.elf 
   text	   data	    bss	    dec	    hex	filename
  27324	    136	  54848	  82308	  14184	001Tasks.elf
Finished building: default.size.stdout
 
16:43:59 **** Incremental Build of configuration Debug for project 001Tasks ****
make -j7 all 
arm-none-eabi-size   001Tasks.elf 
   text	   data	    bss	    dec	    hex	filename
  27324	    136	  54848	  82308	  14184	001Tasks.elf
Finished building: default.size.stdout
 
16:44:27 **** Incremental Build of configuration Debug for project 001Tasks ****
make -j7 all 
arm-none-eabi-gcc "../Core/Src/main.c" -mcpu=cortex-m7 -std=gnu11 -g -DDEBUG -DUSE_HAL_DRIVER -DSTM32F750xx -c -I../Drivers/CMSIS/Include -I"/Users/siemen/repos/rtos_course/RTOS_workspace/001Tasks/ThirdParty/FreeRTOS" -I"/Users/siemen/repos/rtos_course/RTOS_workspace/001Tasks/ThirdParty/SEGGER/Config" -I"/Users/siemen/repos/rtos_course/RTOS_workspace/001Tasks/ThirdParty/SEGGER/OS" -I"/Users/siemen/repos/rtos_course/RTOS_workspace/001Tasks/ThirdParty/SEGGER/SEGGER" -I"/Users/siemen/repos/rtos_course/RTOS_workspace/001Tasks/ThirdParty/FreeRTOS/include" -I"/Users/siemen/repos/rtos_course/RTOS_workspace/001Tasks/ThirdParty/FreeRTOS/portable/GCC/ARM_CM7/r0p1" -I../Drivers/CMSIS/Device/ST/STM32F7xx/Include -I../Core/Inc -I../Drivers/STM32F7xx_HAL_Driver/Inc -I../Drivers/STM32F7xx_HAL_Driver/Inc/Legacy -O0 -ffunction-sections -fdata-sections -Wall -fstack-usage -MMD -MP -MF"Core/Src/main.d" -MT"Core/Src/main.o" --specs=nano.specs -mfpu=fpv5-sp-d16 -mfloat-abi=hard -mthumb -o "Core/Src/main.o"
arm-none-eabi-gcc -o "001Tasks.elf" @"objects.list"   -mcpu=cortex-m7 -T"/Users/siemen/repos/rtos_course/RTOS_workspace/001Tasks/STM32F750N8HX_FLASH.ld" --specs=nosys.specs -Wl,-Map="001Tasks.map" -Wl,--gc-sections -static --specs=nano.specs -mfpu=fpv5-sp-d16 -mfloat-abi=hard -mthumb -Wl,--start-group -lc -lm -Wl,--end-group
Finished building target: 001Tasks.elf
 
arm-none-eabi-objdump -h -S  001Tasks.elf  > "001Tasks.list"
arm-none-eabi-objcopy  -O binary  001Tasks.elf  "001Tasks.bin"
arm-none-eabi-size   001Tasks.elf 
   text	   data	    bss	    dec	    hex	filename
  27324	    136	  54848	  82308	  14184	001Tasks.elf
Finished building: default.size.stdout
 
Finished building: 001Tasks.bin
 
Finished building: 001Tasks.list
 
16:44:33 **** Incremental Build of configuration Debug for project 001Tasks ****
make -j7 all 
arm-none-eabi-size   001Tasks.elf 
   text	   data	    bss	    dec	    hex	filename
  27324	    136	  54848	  82308	  14184	001Tasks.elf
Finished building: default.size.stdout
 
17:04:28 **** Incremental Build of configuration Debug for project 001Tasks ****
make -j7 all 
arm-none-eabi-gcc "../ThirdParty/SEGGER/Rec/segger_uart.c" -mcpu=cortex-m7 -std=gnu11 -g -DDEBUG -DUSE_HAL_DRIVER -DSTM32F750xx -c -I../Core/Inc -I"/Users/siemen/repos/rtos_course/RTOS_workspace/001Tasks/ThirdParty/FreeRTOS/portable/GCC/ARM_CM7/r0p1" -I"/Users/siemen/repos/rtos_course/RTOS_workspace/001Tasks/ThirdParty/FreeRTOS" -I"/Users/siemen/repos/rtos_course/RTOS_workspace/001Tasks/ThirdParty/FreeRTOS/portable/GCC/ARM_CM7" -I"/Users/siemen/repos/rtos_course/RTOS_workspace/001Tasks/ThirdParty/FreeRTOS/include" -I../Drivers/STM32F7xx_HAL_Driver/Inc -I../Drivers/STM32F7xx_HAL_Driver/Inc/Legacy -I../Drivers/CMSIS/Device/ST/STM32F7xx/Include -I../Drivers/CMSIS/Include -O0 -ffunction-sections -fdata-sections -Wall -fstack-usage -MMD -MP -MF"ThirdParty/SEGGER/Rec/segger_uart.d" -MT"ThirdParty/SEGGER/Rec/segger_uart.o" --specs=nano.specs -mfpu=fpv5-sp-d16 -mfloat-abi=hard -mthumb -o "ThirdParty/SEGGER/Rec/segger_uart.o"
arm-none-eabi-gcc "../Core/Src/main.c" -mcpu=cortex-m7 -std=gnu11 -g -DDEBUG -DUSE_HAL_DRIVER -DSTM32F750xx -c -I../Drivers/CMSIS/Include -I"/Users/siemen/repos/rtos_course/RTOS_workspace/001Tasks/ThirdParty/FreeRTOS" -I"/Users/siemen/repos/rtos_course/RTOS_workspace/001Tasks/ThirdParty/SEGGER/Config" -I"/Users/siemen/repos/rtos_course/RTOS_workspace/001Tasks/ThirdParty/SEGGER/OS" -I"/Users/siemen/repos/rtos_course/RTOS_workspace/001Tasks/ThirdParty/SEGGER/SEGGER" -I"/Users/siemen/repos/rtos_course/RTOS_workspace/001Tasks/ThirdParty/FreeRTOS/include" -I"/Users/siemen/repos/rtos_course/RTOS_workspace/001Tasks/ThirdParty/FreeRTOS/portable/GCC/ARM_CM7/r0p1" -I../Drivers/CMSIS/Device/ST/STM32F7xx/Include -I../Core/Inc -I../Drivers/STM32F7xx_HAL_Driver/Inc -I../Drivers/STM32F7xx_HAL_Driver/Inc/Legacy -O0 -ffunction-sections -fdata-sections -Wall -fstack-usage -MMD -MP -MF"Core/Src/main.d" -MT"Core/Src/main.o" --specs=nano.specs -mfpu=fpv5-sp-d16 -mfloat-abi=hard -mthumb -o "Core/Src/main.o"
../Core/Src/main.c: In function 'main':
../Core/Src/main.c:118:3: warning: implicit declaration of function 'USART1_IRQHandler'; did you mean 'RNG_IRQHandler'? [-Wimplicit-function-declaration]
  118 |   USART1_IRQHandler();
      |   ^~~~~~~~~~~~~~~~~
      |   RNG_IRQHandler
arm-none-eabi-gcc -o "001Tasks.elf" @"objects.list"   -mcpu=cortex-m7 -T"/Users/siemen/repos/rtos_course/RTOS_workspace/001Tasks/STM32F750N8HX_FLASH.ld" --specs=nosys.specs -Wl,-Map="001Tasks.map" -Wl,--gc-sections -static --specs=nano.specs -mfpu=fpv5-sp-d16 -mfloat-abi=hard -mthumb -Wl,--start-group -lc -lm -Wl,--end-group
Finished building target: 001Tasks.elf
 
arm-none-eabi-objdump -h -S  001Tasks.elf  > "001Tasks.list"
arm-none-eabi-objcopy  -O binary  001Tasks.elf  "001Tasks.bin"
arm-none-eabi-size   001Tasks.elf 
   text	   data	    bss	    dec	    hex	filename
  27340	    136	  54848	  82324	  14194	001Tasks.elf
Finished building: default.size.stdout
 
Finished building: 001Tasks.bin
 
Finished building: 001Tasks.list
 
17:04:53 **** Incremental Build of configuration Debug for project 001Tasks ****
make -j7 all 
arm-none-eabi-gcc "../Core/Src/main.c" -mcpu=cortex-m7 -std=gnu11 -g -DDEBUG -DUSE_HAL_DRIVER -DSTM32F750xx -c -I../Drivers/CMSIS/Include -I"/Users/siemen/repos/rtos_course/RTOS_workspace/001Tasks/ThirdParty/FreeRTOS" -I"/Users/siemen/repos/rtos_course/RTOS_workspace/001Tasks/ThirdParty/SEGGER/Config" -I"/Users/siemen/repos/rtos_course/RTOS_workspace/001Tasks/ThirdParty/SEGGER/OS" -I"/Users/siemen/repos/rtos_course/RTOS_workspace/001Tasks/ThirdParty/SEGGER/SEGGER" -I"/Users/siemen/repos/rtos_course/RTOS_workspace/001Tasks/ThirdParty/FreeRTOS/include" -I"/Users/siemen/repos/rtos_course/RTOS_workspace/001Tasks/ThirdParty/FreeRTOS/portable/GCC/ARM_CM7/r0p1" -I../Drivers/CMSIS/Device/ST/STM32F7xx/Include -I../Core/Inc -I../Drivers/STM32F7xx_HAL_Driver/Inc -I../Drivers/STM32F7xx_HAL_Driver/Inc/Legacy -O0 -ffunction-sections -fdata-sections -Wall -fstack-usage -MMD -MP -MF"Core/Src/main.d" -MT"Core/Src/main.o" --specs=nano.specs -mfpu=fpv5-sp-d16 -mfloat-abi=hard -mthumb -o "Core/Src/main.o"
arm-none-eabi-gcc -o "001Tasks.elf" @"objects.list"   -mcpu=cortex-m7 -T"/Users/siemen/repos/rtos_course/RTOS_workspace/001Tasks/STM32F750N8HX_FLASH.ld" --specs=nosys.specs -Wl,-Map="001Tasks.map" -Wl,--gc-sections -static --specs=nano.specs -mfpu=fpv5-sp-d16 -mfloat-abi=hard -mthumb -Wl,--start-group -lc -lm -Wl,--end-group
Finished building target: 001Tasks.elf
 
arm-none-eabi-objdump -h -S  001Tasks.elf  > "001Tasks.list"
arm-none-eabi-objcopy  -O binary  001Tasks.elf  "001Tasks.bin"
arm-none-eabi-size   001Tasks.elf 
   text	   data	    bss	    dec	    hex	filename
  27340	    136	  54848	  82324	  14194	001Tasks.elf
Finished building: default.size.stdout
 
Finished building: 001Tasks.bin
 
Finished building: 001Tasks.list
 
17:05:02 **** Incremental Build of configuration Debug for project 001Tasks ****
make -j7 all 
arm-none-eabi-gcc "../Core/Src/main.c" -mcpu=cortex-m7 -std=gnu11 -g -DDEBUG -DUSE_HAL_DRIVER -DSTM32F750xx -c -I../Drivers/CMSIS/Include -I"/Users/siemen/repos/rtos_course/RTOS_workspace/001Tasks/ThirdParty/FreeRTOS" -I"/Users/siemen/repos/rtos_course/RTOS_workspace/001Tasks/ThirdParty/SEGGER/Config" -I"/Users/siemen/repos/rtos_course/RTOS_workspace/001Tasks/ThirdParty/SEGGER/OS" -I"/Users/siemen/repos/rtos_course/RTOS_workspace/001Tasks/ThirdParty/SEGGER/SEGGER" -I"/Users/siemen/repos/rtos_course/RTOS_workspace/001Tasks/ThirdParty/FreeRTOS/include" -I"/Users/siemen/repos/rtos_course/RTOS_workspace/001Tasks/ThirdParty/FreeRTOS/portable/GCC/ARM_CM7/r0p1" -I../Drivers/CMSIS/Device/ST/STM32F7xx/Include -I../Core/Inc -I../Drivers/STM32F7xx_HAL_Driver/Inc -I../Drivers/STM32F7xx_HAL_Driver/Inc/Legacy -O0 -ffunction-sections -fdata-sections -Wall -fstack-usage -MMD -MP -MF"Core/Src/main.d" -MT"Core/Src/main.o" --specs=nano.specs -mfpu=fpv5-sp-d16 -mfloat-abi=hard -mthumb -o "Core/Src/main.o"
arm-none-eabi-gcc -o "001Tasks.elf" @"objects.list"   -mcpu=cortex-m7 -T"/Users/siemen/repos/rtos_course/RTOS_workspace/001Tasks/STM32F750N8HX_FLASH.ld" --specs=nosys.specs -Wl,-Map="001Tasks.map" -Wl,--gc-sections -static --specs=nano.specs -mfpu=fpv5-sp-d16 -mfloat-abi=hard -mthumb -Wl,--start-group -lc -lm -Wl,--end-group
Finished building target: 001Tasks.elf
 
arm-none-eabi-size   001Tasks.elf 
   text	   data	    bss	    dec	    hex	filename
  27340	    136	  54848	  82324	  14194	001Tasks.elf
Finished building: default.size.stdout
 
17:05:44 **** Incremental Build of configuration Debug for project 001Tasks ****
make -j7 all 
arm-none-eabi-objdump -h -S  001Tasks.elf  > "001Tasks.list"
arm-none-eabi-objcopy  -O binary  001Tasks.elf  "001Tasks.bin"
arm-none-eabi-size   001Tasks.elf 
   text	   data	    bss	    dec	    hex	filename
  27340	    136	  54848	  82324	  14194	001Tasks.elf
Finished building: default.size.stdout
 
Finished building: 001Tasks.bin
 
Finished building: 001Tasks.list
 
17:10:13 **** Incremental Build of configuration Debug for project 001Tasks ****
make -j7 all 
arm-none-eabi-size   001Tasks.elf 
   text	   data	    bss	    dec	    hex	filename
  27340	    136	  54848	  82324	  14194	001Tasks.elf
Finished building: default.size.stdout
 
17:26:48 **** Clean-only build of configuration Debug for project 001Tasks ****
make -j7 clean 
rm -rf *
 
17:26:48 **** Incremental Build of configuration Debug for project 001Tasks ****
make -j7 all 
arm-none-eabi-gcc "../ThirdParty/SEGGER/SEGGER/Syscalls/SEGGER_RTT_Syscalls_GCC.c" -mcpu=cortex-m7 -std=gnu11 -g -DDEBUG -DUSE_HAL_DRIVER -DSTM32F750xx -c -I../Core/Inc -I"/Users/siemen/repos/rtos_course/RTOS_workspace/001Tasks/ThirdParty/FreeRTOS/portable/GCC/ARM_CM7/r0p1" -I"/Users/siemen/repos/rtos_course/RTOS_workspace/001Tasks/ThirdParty/FreeRTOS" -I"/Users/siemen/repos/rtos_course/RTOS_workspace/001Tasks/ThirdParty/FreeRTOS/portable/GCC/ARM_CM7" -I"/Users/siemen/repos/rtos_course/RTOS_workspace/001Tasks/ThirdParty/FreeRTOS/include" -I../Drivers/STM32F7xx_HAL_Driver/Inc -I../Drivers/STM32F7xx_HAL_Driver/Inc/Legacy -I../Drivers/CMSIS/Device/ST/STM32F7xx/Include -I../Drivers/CMSIS/Include -O0 -ffunction-sections -fdata-sections -Wall -fstack-usage -MMD -MP -MF"ThirdParty/SEGGER/SEGGER/Syscalls/SEGGER_RTT_Syscalls_GCC.d" -MT"ThirdParty/SEGGER/SEGGER/Syscalls/SEGGER_RTT_Syscalls_GCC.o" --specs=nano.specs -mfpu=fpv5-sp-d16 -mfloat-abi=hard -mthumb -o "ThirdParty/SEGGER/SEGGER/Syscalls/SEGGER_RTT_Syscalls_GCC.o"
arm-none-eabi-gcc "../ThirdParty/SEGGER/SEGGER/SEGGER_RTT.c" -mcpu=cortex-m7 -std=gnu11 -g -DDEBUG -DUSE_HAL_DRIVER -DSTM32F750xx -c -I../Core/Inc -I"/Users/siemen/repos/rtos_course/RTOS_workspace/001Tasks/ThirdParty/FreeRTOS/portable/GCC/ARM_CM7/r0p1" -I"/Users/siemen/repos/rtos_course/RTOS_workspace/001Tasks/ThirdParty/FreeRTOS" -I"/Users/siemen/repos/rtos_course/RTOS_workspace/001Tasks/ThirdParty/FreeRTOS/portable/GCC/ARM_CM7" -I"/Users/siemen/repos/rtos_course/RTOS_workspace/001Tasks/ThirdParty/FreeRTOS/include" -I../Drivers/STM32F7xx_HAL_Driver/Inc -I../Drivers/STM32F7xx_HAL_Driver/Inc/Legacy -I../Drivers/CMSIS/Device/ST/STM32F7xx/Include -I../Drivers/CMSIS/Include -O0 -ffunction-sections -fdata-sections -Wall -fstack-usage -MMD -MP -MF"ThirdParty/SEGGER/SEGGER/SEGGER_RTT.d" -MT"ThirdParty/SEGGER/SEGGER/SEGGER_RTT.o" --specs=nano.specs -mfpu=fpv5-sp-d16 -mfloat-abi=hard -mthumb -o "ThirdParty/SEGGER/SEGGER/SEGGER_RTT.o"
arm-none-eabi-gcc -mcpu=cortex-m7 -g -c -I"/Users/siemen/repos/rtos_course/RTOS_workspace/001Tasks/ThirdParty/SEGGER/Config" -x assembler-with-cpp -MMD -MP -MF"ThirdParty/SEGGER/SEGGER/SEGGER_RTT_ASM_ARMv7M.d" -MT"ThirdParty/SEGGER/SEGGER/SEGGER_RTT_ASM_ARMv7M.o" --specs=nano.specs -mfpu=fpv5-sp-d16 -mfloat-abi=hard -mthumb -o "ThirdParty/SEGGER/SEGGER/SEGGER_RTT_ASM_ARMv7M.o" "../ThirdParty/SEGGER/SEGGER/SEGGER_RTT_ASM_ARMv7M.S"
arm-none-eabi-gcc "../ThirdParty/SEGGER/SEGGER/SEGGER_RTT_printf.c" -mcpu=cortex-m7 -std=gnu11 -g -DDEBUG -DUSE_HAL_DRIVER -DSTM32F750xx -c -I../Core/Inc -I"/Users/siemen/repos/rtos_course/RTOS_workspace/001Tasks/ThirdParty/FreeRTOS/portable/GCC/ARM_CM7/r0p1" -I"/Users/siemen/repos/rtos_course/RTOS_workspace/001Tasks/ThirdParty/FreeRTOS" -I"/Users/siemen/repos/rtos_course/RTOS_workspace/001Tasks/ThirdParty/FreeRTOS/portable/GCC/ARM_CM7" -I"/Users/siemen/repos/rtos_course/RTOS_workspace/001Tasks/ThirdParty/FreeRTOS/include" -I../Drivers/STM32F7xx_HAL_Driver/Inc -I../Drivers/STM32F7xx_HAL_Driver/Inc/Legacy -I../Drivers/CMSIS/Device/ST/STM32F7xx/Include -I../Drivers/CMSIS/Include -O0 -ffunction-sections -fdata-sections -Wall -fstack-usage -MMD -MP -MF"ThirdParty/SEGGER/SEGGER/SEGGER_RTT_printf.d" -MT"ThirdParty/SEGGER/SEGGER/SEGGER_RTT_printf.o" --specs=nano.specs -mfpu=fpv5-sp-d16 -mfloat-abi=hard -mthumb -o "ThirdParty/SEGGER/SEGGER/SEGGER_RTT_printf.o"
arm-none-eabi-gcc "../ThirdParty/SEGGER/SEGGER/SEGGER_SYSVIEW.c" -mcpu=cortex-m7 -std=gnu11 -g -DDEBUG -DUSE_HAL_DRIVER -DSTM32F750xx -c -I../Core/Inc -I"/Users/siemen/repos/rtos_course/RTOS_workspace/001Tasks/ThirdParty/FreeRTOS/portable/GCC/ARM_CM7/r0p1" -I"/Users/siemen/repos/rtos_course/RTOS_workspace/001Tasks/ThirdParty/FreeRTOS" -I"/Users/siemen/repos/rtos_course/RTOS_workspace/001Tasks/ThirdParty/FreeRTOS/portable/GCC/ARM_CM7" -I"/Users/siemen/repos/rtos_course/RTOS_workspace/001Tasks/ThirdParty/FreeRTOS/include" -I../Drivers/STM32F7xx_HAL_Driver/Inc -I../Drivers/STM32F7xx_HAL_Driver/Inc/Legacy -I../Drivers/CMSIS/Device/ST/STM32F7xx/Include -I../Drivers/CMSIS/Include -O0 -ffunction-sections -fdata-sections -Wall -fstack-usage -MMD -MP -MF"ThirdParty/SEGGER/SEGGER/SEGGER_SYSVIEW.d" -MT"ThirdParty/SEGGER/SEGGER/SEGGER_SYSVIEW.o" --specs=nano.specs -mfpu=fpv5-sp-d16 -mfloat-abi=hard -mthumb -o "ThirdParty/SEGGER/SEGGER/SEGGER_SYSVIEW.o"
arm-none-eabi-gcc "../ThirdParty/SEGGER/OS/SEGGER_SYSVIEW_FreeRTOS.c" -mcpu=cortex-m7 -std=gnu11 -g -DDEBUG -DUSE_HAL_DRIVER -DSTM32F750xx -c -I../Core/Inc -I"/Users/siemen/repos/rtos_course/RTOS_workspace/001Tasks/ThirdParty/FreeRTOS/portable/GCC/ARM_CM7/r0p1" -I"/Users/siemen/repos/rtos_course/RTOS_workspace/001Tasks/ThirdParty/FreeRTOS" -I"/Users/siemen/repos/rtos_course/RTOS_workspace/001Tasks/ThirdParty/FreeRTOS/portable/GCC/ARM_CM7" -I"/Users/siemen/repos/rtos_course/RTOS_workspace/001Tasks/ThirdParty/FreeRTOS/include" -I../Drivers/STM32F7xx_HAL_Driver/Inc -I../Drivers/STM32F7xx_HAL_Driver/Inc/Legacy -I../Drivers/CMSIS/Device/ST/STM32F7xx/Include -I../Drivers/CMSIS/Include -O0 -ffunction-sections -fdata-sections -Wall -fstack-usage -MMD -MP -MF"ThirdParty/SEGGER/OS/SEGGER_SYSVIEW_FreeRTOS.d" -MT"ThirdParty/SEGGER/OS/SEGGER_SYSVIEW_FreeRTOS.o" --specs=nano.specs -mfpu=fpv5-sp-d16 -mfloat-abi=hard -mthumb -o "ThirdParty/SEGGER/OS/SEGGER_SYSVIEW_FreeRTOS.o"
arm-none-eabi-gcc "../ThirdParty/SEGGER/Config/SEGGER_SYSVIEW_Config_FreeRTOS.c" -mcpu=cortex-m7 -std=gnu11 -g -DDEBUG -DUSE_HAL_DRIVER -DSTM32F750xx -c -I../Core/Inc -I"/Users/siemen/repos/rtos_course/RTOS_workspace/001Tasks/ThirdParty/FreeRTOS/portable/GCC/ARM_CM7/r0p1" -I"/Users/siemen/repos/rtos_course/RTOS_workspace/001Tasks/ThirdParty/FreeRTOS" -I"/Users/siemen/repos/rtos_course/RTOS_workspace/001Tasks/ThirdParty/FreeRTOS/portable/GCC/ARM_CM7" -I"/Users/siemen/repos/rtos_course/RTOS_workspace/001Tasks/ThirdParty/FreeRTOS/include" -I../Drivers/STM32F7xx_HAL_Driver/Inc -I../Drivers/STM32F7xx_HAL_Driver/Inc/Legacy -I../Drivers/CMSIS/Device/ST/STM32F7xx/Include -I../Drivers/CMSIS/Include -O0 -ffunction-sections -fdata-sections -Wall -fstack-usage -MMD -MP -MF"ThirdParty/SEGGER/Config/SEGGER_SYSVIEW_Config_FreeRTOS.d" -MT"ThirdParty/SEGGER/Config/SEGGER_SYSVIEW_Config_FreeRTOS.o" --specs=nano.specs -mfpu=fpv5-sp-d16 -mfloat-abi=hard -mthumb -o "ThirdParty/SEGGER/Config/SEGGER_SYSVIEW_Config_FreeRTOS.o"
arm-none-eabi-gcc "../ThirdParty/FreeRTOS/portable/MemMang/heap_4.c" -mcpu=cortex-m7 -std=gnu11 -g -DDEBUG -DUSE_HAL_DRIVER -DSTM32F750xx -c -I../Drivers/CMSIS/Include -I"/Users/siemen/repos/rtos_course/RTOS_workspace/001Tasks/ThirdParty/FreeRTOS" -I"/Users/siemen/repos/rtos_course/RTOS_workspace/001Tasks/ThirdParty/SEGGER/Config" -I"/Users/siemen/repos/rtos_course/RTOS_workspace/001Tasks/ThirdParty/SEGGER/OS" -I"/Users/siemen/repos/rtos_course/RTOS_workspace/001Tasks/ThirdParty/SEGGER/SEGGER" -I"/Users/siemen/repos/rtos_course/RTOS_workspace/001Tasks/ThirdParty/FreeRTOS/include" -I"/Users/siemen/repos/rtos_course/RTOS_workspace/001Tasks/ThirdParty/FreeRTOS/portable/GCC/ARM_CM7/r0p1" -I../Drivers/CMSIS/Device/ST/STM32F7xx/Include -I../Core/Inc -I../Drivers/STM32F7xx_HAL_Driver/Inc -I../Drivers/STM32F7xx_HAL_Driver/Inc/Legacy -O0 -ffunction-sections -fdata-sections -Wall -fstack-usage -MMD -MP -MF"ThirdParty/FreeRTOS/portable/MemMang/heap_4.d" -MT"ThirdParty/FreeRTOS/portable/MemMang/heap_4.o" --specs=nano.specs -mfpu=fpv5-sp-d16 -mfloat-abi=hard -mthumb -o "ThirdParty/FreeRTOS/portable/MemMang/heap_4.o"
arm-none-eabi-gcc "../ThirdParty/FreeRTOS/portable/GCC/ARM_CM7/r0p1/port.c" -mcpu=cortex-m7 -std=gnu11 -g -DDEBUG -DUSE_HAL_DRIVER -DSTM32F750xx -c -I../Drivers/CMSIS/Include -I"/Users/siemen/repos/rtos_course/RTOS_workspace/001Tasks/ThirdParty/FreeRTOS" -I"/Users/siemen/repos/rtos_course/RTOS_workspace/001Tasks/ThirdParty/SEGGER/Config" -I"/Users/siemen/repos/rtos_course/RTOS_workspace/001Tasks/ThirdParty/SEGGER/OS" -I"/Users/siemen/repos/rtos_course/RTOS_workspace/001Tasks/ThirdParty/SEGGER/SEGGER" -I"/Users/siemen/repos/rtos_course/RTOS_workspace/001Tasks/ThirdParty/FreeRTOS/include" -I"/Users/siemen/repos/rtos_course/RTOS_workspace/001Tasks/ThirdParty/FreeRTOS/portable/GCC/ARM_CM7/r0p1" -I../Drivers/CMSIS/Device/ST/STM32F7xx/Include -I../Core/Inc -I../Drivers/STM32F7xx_HAL_Driver/Inc -I../Drivers/STM32F7xx_HAL_Driver/Inc/Legacy -O0 -ffunction-sections -fdata-sections -Wall -fstack-usage -MMD -MP -MF"ThirdParty/FreeRTOS/portable/GCC/ARM_CM7/r0p1/port.d" -MT"ThirdParty/FreeRTOS/portable/GCC/ARM_CM7/r0p1/port.o" --specs=nano.specs -mfpu=fpv5-sp-d16 -mfloat-abi=hard -mthumb -o "ThirdParty/FreeRTOS/portable/GCC/ARM_CM7/r0p1/port.o"
arm-none-eabi-gcc "../ThirdParty/FreeRTOS/croutine.c" -mcpu=cortex-m7 -std=gnu11 -g -DDEBUG -DUSE_HAL_DRIVER -DSTM32F750xx -c -I../Drivers/CMSIS/Include -I"/Users/siemen/repos/rtos_course/RTOS_workspace/001Tasks/ThirdParty/FreeRTOS" -I"/Users/siemen/repos/rtos_course/RTOS_workspace/001Tasks/ThirdParty/SEGGER/Config" -I"/Users/siemen/repos/rtos_course/RTOS_workspace/001Tasks/ThirdParty/SEGGER/OS" -I"/Users/siemen/repos/rtos_course/RTOS_workspace/001Tasks/ThirdParty/SEGGER/SEGGER" -I"/Users/siemen/repos/rtos_course/RTOS_workspace/001Tasks/ThirdParty/FreeRTOS/include" -I"/Users/siemen/repos/rtos_course/RTOS_workspace/001Tasks/ThirdParty/FreeRTOS/portable/GCC/ARM_CM7/r0p1" -I../Drivers/CMSIS/Device/ST/STM32F7xx/Include -I../Core/Inc -I../Drivers/STM32F7xx_HAL_Driver/Inc -I../Drivers/STM32F7xx_HAL_Driver/Inc/Legacy -O0 -ffunction-sections -fdata-sections -Wall -fstack-usage -MMD -MP -MF"ThirdParty/FreeRTOS/croutine.d" -MT"ThirdParty/FreeRTOS/croutine.o" --specs=nano.specs -mfpu=fpv5-sp-d16 -mfloat-abi=hard -mthumb -o "ThirdParty/FreeRTOS/croutine.o"
arm-none-eabi-gcc "../ThirdParty/FreeRTOS/event_groups.c" -mcpu=cortex-m7 -std=gnu11 -g -DDEBUG -DUSE_HAL_DRIVER -DSTM32F750xx -c -I../Drivers/CMSIS/Include -I"/Users/siemen/repos/rtos_course/RTOS_workspace/001Tasks/ThirdParty/FreeRTOS" -I"/Users/siemen/repos/rtos_course/RTOS_workspace/001Tasks/ThirdParty/SEGGER/Config" -I"/Users/siemen/repos/rtos_course/RTOS_workspace/001Tasks/ThirdParty/SEGGER/OS" -I"/Users/siemen/repos/rtos_course/RTOS_workspace/001Tasks/ThirdParty/SEGGER/SEGGER" -I"/Users/siemen/repos/rtos_course/RTOS_workspace/001Tasks/ThirdParty/FreeRTOS/include" -I"/Users/siemen/repos/rtos_course/RTOS_workspace/001Tasks/ThirdParty/FreeRTOS/portable/GCC/ARM_CM7/r0p1" -I../Drivers/CMSIS/Device/ST/STM32F7xx/Include -I../Core/Inc -I../Drivers/STM32F7xx_HAL_Driver/Inc -I../Drivers/STM32F7xx_HAL_Driver/Inc/Legacy -O0 -ffunction-sections -fdata-sections -Wall -fstack-usage -MMD -MP -MF"ThirdParty/FreeRTOS/event_groups.d" -MT"ThirdParty/FreeRTOS/event_groups.o" --specs=nano.specs -mfpu=fpv5-sp-d16 -mfloat-abi=hard -mthumb -o "ThirdParty/FreeRTOS/event_groups.o"
arm-none-eabi-gcc "../ThirdParty/FreeRTOS/list.c" -mcpu=cortex-m7 -std=gnu11 -g -DDEBUG -DUSE_HAL_DRIVER -DSTM32F750xx -c -I../Drivers/CMSIS/Include -I"/Users/siemen/repos/rtos_course/RTOS_workspace/001Tasks/ThirdParty/FreeRTOS" -I"/Users/siemen/repos/rtos_course/RTOS_workspace/001Tasks/ThirdParty/SEGGER/Config" -I"/Users/siemen/repos/rtos_course/RTOS_workspace/001Tasks/ThirdParty/SEGGER/OS" -I"/Users/siemen/repos/rtos_course/RTOS_workspace/001Tasks/ThirdParty/SEGGER/SEGGER" -I"/Users/siemen/repos/rtos_course/RTOS_workspace/001Tasks/ThirdParty/FreeRTOS/include" -I"/Users/siemen/repos/rtos_course/RTOS_workspace/001Tasks/ThirdParty/FreeRTOS/portable/GCC/ARM_CM7/r0p1" -I../Drivers/CMSIS/Device/ST/STM32F7xx/Include -I../Core/Inc -I../Drivers/STM32F7xx_HAL_Driver/Inc -I../Drivers/STM32F7xx_HAL_Driver/Inc/Legacy -O0 -ffunction-sections -fdata-sections -Wall -fstack-usage -MMD -MP -MF"ThirdParty/FreeRTOS/list.d" -MT"ThirdParty/FreeRTOS/list.o" --specs=nano.specs -mfpu=fpv5-sp-d16 -mfloat-abi=hard -mthumb -o "ThirdParty/FreeRTOS/list.o"
arm-none-eabi-gcc "../ThirdParty/FreeRTOS/queue.c" -mcpu=cortex-m7 -std=gnu11 -g -DDEBUG -DUSE_HAL_DRIVER -DSTM32F750xx -c -I../Drivers/CMSIS/Include -I"/Users/siemen/repos/rtos_course/RTOS_workspace/001Tasks/ThirdParty/FreeRTOS" -I"/Users/siemen/repos/rtos_course/RTOS_workspace/001Tasks/ThirdParty/SEGGER/Config" -I"/Users/siemen/repos/rtos_course/RTOS_workspace/001Tasks/ThirdParty/SEGGER/OS" -I"/Users/siemen/repos/rtos_course/RTOS_workspace/001Tasks/ThirdParty/SEGGER/SEGGER" -I"/Users/siemen/repos/rtos_course/RTOS_workspace/001Tasks/ThirdParty/FreeRTOS/include" -I"/Users/siemen/repos/rtos_course/RTOS_workspace/001Tasks/ThirdParty/FreeRTOS/portable/GCC/ARM_CM7/r0p1" -I../Drivers/CMSIS/Device/ST/STM32F7xx/Include -I../Core/Inc -I../Drivers/STM32F7xx_HAL_Driver/Inc -I../Drivers/STM32F7xx_HAL_Driver/Inc/Legacy -O0 -ffunction-sections -fdata-sections -Wall -fstack-usage -MMD -MP -MF"ThirdParty/FreeRTOS/queue.d" -MT"ThirdParty/FreeRTOS/queue.o" --specs=nano.specs -mfpu=fpv5-sp-d16 -mfloat-abi=hard -mthumb -o "ThirdParty/FreeRTOS/queue.o"
arm-none-eabi-gcc "../ThirdParty/FreeRTOS/stream_buffer.c" -mcpu=cortex-m7 -std=gnu11 -g -DDEBUG -DUSE_HAL_DRIVER -DSTM32F750xx -c -I../Drivers/CMSIS/Include -I"/Users/siemen/repos/rtos_course/RTOS_workspace/001Tasks/ThirdParty/FreeRTOS" -I"/Users/siemen/repos/rtos_course/RTOS_workspace/001Tasks/ThirdParty/SEGGER/Config" -I"/Users/siemen/repos/rtos_course/RTOS_workspace/001Tasks/ThirdParty/SEGGER/OS" -I"/Users/siemen/repos/rtos_course/RTOS_workspace/001Tasks/ThirdParty/SEGGER/SEGGER" -I"/Users/siemen/repos/rtos_course/RTOS_workspace/001Tasks/ThirdParty/FreeRTOS/include" -I"/Users/siemen/repos/rtos_course/RTOS_workspace/001Tasks/ThirdParty/FreeRTOS/portable/GCC/ARM_CM7/r0p1" -I../Drivers/CMSIS/Device/ST/STM32F7xx/Include -I../Core/Inc -I../Drivers/STM32F7xx_HAL_Driver/Inc -I../Drivers/STM32F7xx_HAL_Driver/Inc/Legacy -O0 -ffunction-sections -fdata-sections -Wall -fstack-usage -MMD -MP -MF"ThirdParty/FreeRTOS/stream_buffer.d" -MT"ThirdParty/FreeRTOS/stream_buffer.o" --specs=nano.specs -mfpu=fpv5-sp-d16 -mfloat-abi=hard -mthumb -o "ThirdParty/FreeRTOS/stream_buffer.o"
arm-none-eabi-gcc "../ThirdParty/FreeRTOS/tasks.c" -mcpu=cortex-m7 -std=gnu11 -g -DDEBUG -DUSE_HAL_DRIVER -DSTM32F750xx -c -I../Drivers/CMSIS/Include -I"/Users/siemen/repos/rtos_course/RTOS_workspace/001Tasks/ThirdParty/FreeRTOS" -I"/Users/siemen/repos/rtos_course/RTOS_workspace/001Tasks/ThirdParty/SEGGER/Config" -I"/Users/siemen/repos/rtos_course/RTOS_workspace/001Tasks/ThirdParty/SEGGER/OS" -I"/Users/siemen/repos/rtos_course/RTOS_workspace/001Tasks/ThirdParty/SEGGER/SEGGER" -I"/Users/siemen/repos/rtos_course/RTOS_workspace/001Tasks/ThirdParty/FreeRTOS/include" -I"/Users/siemen/repos/rtos_course/RTOS_workspace/001Tasks/ThirdParty/FreeRTOS/portable/GCC/ARM_CM7/r0p1" -I../Drivers/CMSIS/Device/ST/STM32F7xx/Include -I../Core/Inc -I../Drivers/STM32F7xx_HAL_Driver/Inc -I../Drivers/STM32F7xx_HAL_Driver/Inc/Legacy -O0 -ffunction-sections -fdata-sections -Wall -fstack-usage -MMD -MP -MF"ThirdParty/FreeRTOS/tasks.d" -MT"ThirdParty/FreeRTOS/tasks.o" --specs=nano.specs -mfpu=fpv5-sp-d16 -mfloat-abi=hard -mthumb -o "ThirdParty/FreeRTOS/tasks.o"
arm-none-eabi-gcc "../ThirdParty/FreeRTOS/timers.c" -mcpu=cortex-m7 -std=gnu11 -g -DDEBUG -DUSE_HAL_DRIVER -DSTM32F750xx -c -I../Drivers/CMSIS/Include -I"/Users/siemen/repos/rtos_course/RTOS_workspace/001Tasks/ThirdParty/FreeRTOS" -I"/Users/siemen/repos/rtos_course/RTOS_workspace/001Tasks/ThirdParty/SEGGER/Config" -I"/Users/siemen/repos/rtos_course/RTOS_workspace/001Tasks/ThirdParty/SEGGER/OS" -I"/Users/siemen/repos/rtos_course/RTOS_workspace/001Tasks/ThirdParty/SEGGER/SEGGER" -I"/Users/siemen/repos/rtos_course/RTOS_workspace/001Tasks/ThirdParty/FreeRTOS/include" -I"/Users/siemen/repos/rtos_course/RTOS_workspace/001Tasks/ThirdParty/FreeRTOS/portable/GCC/ARM_CM7/r0p1" -I../Drivers/CMSIS/Device/ST/STM32F7xx/Include -I../Core/Inc -I../Drivers/STM32F7xx_HAL_Driver/Inc -I../Drivers/STM32F7xx_HAL_Driver/Inc/Legacy -O0 -ffunction-sections -fdata-sections -Wall -fstack-usage -MMD -MP -MF"ThirdParty/FreeRTOS/timers.d" -MT"ThirdParty/FreeRTOS/timers.o" --specs=nano.specs -mfpu=fpv5-sp-d16 -mfloat-abi=hard -mthumb -o "ThirdParty/FreeRTOS/timers.o"
arm-none-eabi-gcc "../Drivers/STM32F7xx_HAL_Driver/Src/stm32f7xx_hal.c" -mcpu=cortex-m7 -std=gnu11 -g -DDEBUG -DUSE_HAL_DRIVER -DSTM32F750xx -c -I../Drivers/CMSIS/Include -I"/Users/siemen/repos/rtos_course/RTOS_workspace/001Tasks/ThirdParty/FreeRTOS" -I"/Users/siemen/repos/rtos_course/RTOS_workspace/001Tasks/ThirdParty/SEGGER/Config" -I"/Users/siemen/repos/rtos_course/RTOS_workspace/001Tasks/ThirdParty/SEGGER/OS" -I"/Users/siemen/repos/rtos_course/RTOS_workspace/001Tasks/ThirdParty/SEGGER/SEGGER" -I"/Users/siemen/repos/rtos_course/RTOS_workspace/001Tasks/ThirdParty/FreeRTOS/include" -I"/Users/siemen/repos/rtos_course/RTOS_workspace/001Tasks/ThirdParty/FreeRTOS/portable/GCC/ARM_CM7/r0p1" -I../Drivers/CMSIS/Device/ST/STM32F7xx/Include -I../Core/Inc -I../Drivers/STM32F7xx_HAL_Driver/Inc -I../Drivers/STM32F7xx_HAL_Driver/Inc/Legacy -O0 -ffunction-sections -fdata-sections -Wall -fstack-usage -MMD -MP -MF"Drivers/STM32F7xx_HAL_Driver/Src/stm32f7xx_hal.d" -MT"Drivers/STM32F7xx_HAL_Driver/Src/stm32f7xx_hal.o" --specs=nano.specs -mfpu=fpv5-sp-d16 -mfloat-abi=hard -mthumb -o "Drivers/STM32F7xx_HAL_Driver/Src/stm32f7xx_hal.o"
arm-none-eabi-gcc "../Drivers/STM32F7xx_HAL_Driver/Src/stm32f7xx_hal_cortex.c" -mcpu=cortex-m7 -std=gnu11 -g -DDEBUG -DUSE_HAL_DRIVER -DSTM32F750xx -c -I../Drivers/CMSIS/Include -I"/Users/siemen/repos/rtos_course/RTOS_workspace/001Tasks/ThirdParty/FreeRTOS" -I"/Users/siemen/repos/rtos_course/RTOS_workspace/001Tasks/ThirdParty/SEGGER/Config" -I"/Users/siemen/repos/rtos_course/RTOS_workspace/001Tasks/ThirdParty/SEGGER/OS" -I"/Users/siemen/repos/rtos_course/RTOS_workspace/001Tasks/ThirdParty/SEGGER/SEGGER" -I"/Users/siemen/repos/rtos_course/RTOS_workspace/001Tasks/ThirdParty/FreeRTOS/include" -I"/Users/siemen/repos/rtos_course/RTOS_workspace/001Tasks/ThirdParty/FreeRTOS/portable/GCC/ARM_CM7/r0p1" -I../Drivers/CMSIS/Device/ST/STM32F7xx/Include -I../Core/Inc -I../Drivers/STM32F7xx_HAL_Driver/Inc -I../Drivers/STM32F7xx_HAL_Driver/Inc/Legacy -O0 -ffunction-sections -fdata-sections -Wall -fstack-usage -MMD -MP -MF"Drivers/STM32F7xx_HAL_Driver/Src/stm32f7xx_hal_cortex.d" -MT"Drivers/STM32F7xx_HAL_Driver/Src/stm32f7xx_hal_cortex.o" --specs=nano.specs -mfpu=fpv5-sp-d16 -mfloat-abi=hard -mthumb -o "Drivers/STM32F7xx_HAL_Driver/Src/stm32f7xx_hal_cortex.o"
arm-none-eabi-gcc "../Drivers/STM32F7xx_HAL_Driver/Src/stm32f7xx_hal_dma.c" -mcpu=cortex-m7 -std=gnu11 -g -DDEBUG -DUSE_HAL_DRIVER -DSTM32F750xx -c -I../Drivers/CMSIS/Include -I"/Users/siemen/repos/rtos_course/RTOS_workspace/001Tasks/ThirdParty/FreeRTOS" -I"/Users/siemen/repos/rtos_course/RTOS_workspace/001Tasks/ThirdParty/SEGGER/Config" -I"/Users/siemen/repos/rtos_course/RTOS_workspace/001Tasks/ThirdParty/SEGGER/OS" -I"/Users/siemen/repos/rtos_course/RTOS_workspace/001Tasks/ThirdParty/SEGGER/SEGGER" -I"/Users/siemen/repos/rtos_course/RTOS_workspace/001Tasks/ThirdParty/FreeRTOS/include" -I"/Users/siemen/repos/rtos_course/RTOS_workspace/001Tasks/ThirdParty/FreeRTOS/portable/GCC/ARM_CM7/r0p1" -I../Drivers/CMSIS/Device/ST/STM32F7xx/Include -I../Core/Inc -I../Drivers/STM32F7xx_HAL_Driver/Inc -I../Drivers/STM32F7xx_HAL_Driver/Inc/Legacy -O0 -ffunction-sections -fdata-sections -Wall -fstack-usage -MMD -MP -MF"Drivers/STM32F7xx_HAL_Driver/Src/stm32f7xx_hal_dma.d" -MT"Drivers/STM32F7xx_HAL_Driver/Src/stm32f7xx_hal_dma.o" --specs=nano.specs -mfpu=fpv5-sp-d16 -mfloat-abi=hard -mthumb -o "Drivers/STM32F7xx_HAL_Driver/Src/stm32f7xx_hal_dma.o"
arm-none-eabi-gcc "../Drivers/STM32F7xx_HAL_Driver/Src/stm32f7xx_hal_dma_ex.c" -mcpu=cortex-m7 -std=gnu11 -g -DDEBUG -DUSE_HAL_DRIVER -DSTM32F750xx -c -I../Drivers/CMSIS/Include -I"/Users/siemen/repos/rtos_course/RTOS_workspace/001Tasks/ThirdParty/FreeRTOS" -I"/Users/siemen/repos/rtos_course/RTOS_workspace/001Tasks/ThirdParty/SEGGER/Config" -I"/Users/siemen/repos/rtos_course/RTOS_workspace/001Tasks/ThirdParty/SEGGER/OS" -I"/Users/siemen/repos/rtos_course/RTOS_workspace/001Tasks/ThirdParty/SEGGER/SEGGER" -I"/Users/siemen/repos/rtos_course/RTOS_workspace/001Tasks/ThirdParty/FreeRTOS/include" -I"/Users/siemen/repos/rtos_course/RTOS_workspace/001Tasks/ThirdParty/FreeRTOS/portable/GCC/ARM_CM7/r0p1" -I../Drivers/CMSIS/Device/ST/STM32F7xx/Include -I../Core/Inc -I../Drivers/STM32F7xx_HAL_Driver/Inc -I../Drivers/STM32F7xx_HAL_Driver/Inc/Legacy -O0 -ffunction-sections -fdata-sections -Wall -fstack-usage -MMD -MP -MF"Drivers/STM32F7xx_HAL_Driver/Src/stm32f7xx_hal_dma_ex.d" -MT"Drivers/STM32F7xx_HAL_Driver/Src/stm32f7xx_hal_dma_ex.o" --specs=nano.specs -mfpu=fpv5-sp-d16 -mfloat-abi=hard -mthumb -o "Drivers/STM32F7xx_HAL_Driver/Src/stm32f7xx_hal_dma_ex.o"
arm-none-eabi-gcc "../Drivers/STM32F7xx_HAL_Driver/Src/stm32f7xx_hal_exti.c" -mcpu=cortex-m7 -std=gnu11 -g -DDEBUG -DUSE_HAL_DRIVER -DSTM32F750xx -c -I../Drivers/CMSIS/Include -I"/Users/siemen/repos/rtos_course/RTOS_workspace/001Tasks/ThirdParty/FreeRTOS" -I"/Users/siemen/repos/rtos_course/RTOS_workspace/001Tasks/ThirdParty/SEGGER/Config" -I"/Users/siemen/repos/rtos_course/RTOS_workspace/001Tasks/ThirdParty/SEGGER/OS" -I"/Users/siemen/repos/rtos_course/RTOS_workspace/001Tasks/ThirdParty/SEGGER/SEGGER" -I"/Users/siemen/repos/rtos_course/RTOS_workspace/001Tasks/ThirdParty/FreeRTOS/include" -I"/Users/siemen/repos/rtos_course/RTOS_workspace/001Tasks/ThirdParty/FreeRTOS/portable/GCC/ARM_CM7/r0p1" -I../Drivers/CMSIS/Device/ST/STM32F7xx/Include -I../Core/Inc -I../Drivers/STM32F7xx_HAL_Driver/Inc -I../Drivers/STM32F7xx_HAL_Driver/Inc/Legacy -O0 -ffunction-sections -fdata-sections -Wall -fstack-usage -MMD -MP -MF"Drivers/STM32F7xx_HAL_Driver/Src/stm32f7xx_hal_exti.d" -MT"Drivers/STM32F7xx_HAL_Driver/Src/stm32f7xx_hal_exti.o" --specs=nano.specs -mfpu=fpv5-sp-d16 -mfloat-abi=hard -mthumb -o "Drivers/STM32F7xx_HAL_Driver/Src/stm32f7xx_hal_exti.o"
arm-none-eabi-gcc "../Drivers/STM32F7xx_HAL_Driver/Src/stm32f7xx_hal_flash.c" -mcpu=cortex-m7 -std=gnu11 -g -DDEBUG -DUSE_HAL_DRIVER -DSTM32F750xx -c -I../Drivers/CMSIS/Include -I"/Users/siemen/repos/rtos_course/RTOS_workspace/001Tasks/ThirdParty/FreeRTOS" -I"/Users/siemen/repos/rtos_course/RTOS_workspace/001Tasks/ThirdParty/SEGGER/Config" -I"/Users/siemen/repos/rtos_course/RTOS_workspace/001Tasks/ThirdParty/SEGGER/OS" -I"/Users/siemen/repos/rtos_course/RTOS_workspace/001Tasks/ThirdParty/SEGGER/SEGGER" -I"/Users/siemen/repos/rtos_course/RTOS_workspace/001Tasks/ThirdParty/FreeRTOS/include" -I"/Users/siemen/repos/rtos_course/RTOS_workspace/001Tasks/ThirdParty/FreeRTOS/portable/GCC/ARM_CM7/r0p1" -I../Drivers/CMSIS/Device/ST/STM32F7xx/Include -I../Core/Inc -I../Drivers/STM32F7xx_HAL_Driver/Inc -I../Drivers/STM32F7xx_HAL_Driver/Inc/Legacy -O0 -ffunction-sections -fdata-sections -Wall -fstack-usage -MMD -MP -MF"Drivers/STM32F7xx_HAL_Driver/Src/stm32f7xx_hal_flash.d" -MT"Drivers/STM32F7xx_HAL_Driver/Src/stm32f7xx_hal_flash.o" --specs=nano.specs -mfpu=fpv5-sp-d16 -mfloat-abi=hard -mthumb -o "Drivers/STM32F7xx_HAL_Driver/Src/stm32f7xx_hal_flash.o"
arm-none-eabi-gcc "../Drivers/STM32F7xx_HAL_Driver/Src/stm32f7xx_hal_flash_ex.c" -mcpu=cortex-m7 -std=gnu11 -g -DDEBUG -DUSE_HAL_DRIVER -DSTM32F750xx -c -I../Drivers/CMSIS/Include -I"/Users/siemen/repos/rtos_course/RTOS_workspace/001Tasks/ThirdParty/FreeRTOS" -I"/Users/siemen/repos/rtos_course/RTOS_workspace/001Tasks/ThirdParty/SEGGER/Config" -I"/Users/siemen/repos/rtos_course/RTOS_workspace/001Tasks/ThirdParty/SEGGER/OS" -I"/Users/siemen/repos/rtos_course/RTOS_workspace/001Tasks/ThirdParty/SEGGER/SEGGER" -I"/Users/siemen/repos/rtos_course/RTOS_workspace/001Tasks/ThirdParty/FreeRTOS/include" -I"/Users/siemen/repos/rtos_course/RTOS_workspace/001Tasks/ThirdParty/FreeRTOS/portable/GCC/ARM_CM7/r0p1" -I../Drivers/CMSIS/Device/ST/STM32F7xx/Include -I../Core/Inc -I../Drivers/STM32F7xx_HAL_Driver/Inc -I../Drivers/STM32F7xx_HAL_Driver/Inc/Legacy -O0 -ffunction-sections -fdata-sections -Wall -fstack-usage -MMD -MP -MF"Drivers/STM32F7xx_HAL_Driver/Src/stm32f7xx_hal_flash_ex.d" -MT"Drivers/STM32F7xx_HAL_Driver/Src/stm32f7xx_hal_flash_ex.o" --specs=nano.specs -mfpu=fpv5-sp-d16 -mfloat-abi=hard -mthumb -o "Drivers/STM32F7xx_HAL_Driver/Src/stm32f7xx_hal_flash_ex.o"
arm-none-eabi-gcc "../Drivers/STM32F7xx_HAL_Driver/Src/stm32f7xx_hal_gpio.c" -mcpu=cortex-m7 -std=gnu11 -g -DDEBUG -DUSE_HAL_DRIVER -DSTM32F750xx -c -I../Drivers/CMSIS/Include -I"/Users/siemen/repos/rtos_course/RTOS_workspace/001Tasks/ThirdParty/FreeRTOS" -I"/Users/siemen/repos/rtos_course/RTOS_workspace/001Tasks/ThirdParty/SEGGER/Config" -I"/Users/siemen/repos/rtos_course/RTOS_workspace/001Tasks/ThirdParty/SEGGER/OS" -I"/Users/siemen/repos/rtos_course/RTOS_workspace/001Tasks/ThirdParty/SEGGER/SEGGER" -I"/Users/siemen/repos/rtos_course/RTOS_workspace/001Tasks/ThirdParty/FreeRTOS/include" -I"/Users/siemen/repos/rtos_course/RTOS_workspace/001Tasks/ThirdParty/FreeRTOS/portable/GCC/ARM_CM7/r0p1" -I../Drivers/CMSIS/Device/ST/STM32F7xx/Include -I../Core/Inc -I../Drivers/STM32F7xx_HAL_Driver/Inc -I../Drivers/STM32F7xx_HAL_Driver/Inc/Legacy -O0 -ffunction-sections -fdata-sections -Wall -fstack-usage -MMD -MP -MF"Drivers/STM32F7xx_HAL_Driver/Src/stm32f7xx_hal_gpio.d" -MT"Drivers/STM32F7xx_HAL_Driver/Src/stm32f7xx_hal_gpio.o" --specs=nano.specs -mfpu=fpv5-sp-d16 -mfloat-abi=hard -mthumb -o "Drivers/STM32F7xx_HAL_Driver/Src/stm32f7xx_hal_gpio.o"
arm-none-eabi-gcc "../Drivers/STM32F7xx_HAL_Driver/Src/stm32f7xx_hal_i2c.c" -mcpu=cortex-m7 -std=gnu11 -g -DDEBUG -DUSE_HAL_DRIVER -DSTM32F750xx -c -I../Drivers/CMSIS/Include -I"/Users/siemen/repos/rtos_course/RTOS_workspace/001Tasks/ThirdParty/FreeRTOS" -I"/Users/siemen/repos/rtos_course/RTOS_workspace/001Tasks/ThirdParty/SEGGER/Config" -I"/Users/siemen/repos/rtos_course/RTOS_workspace/001Tasks/ThirdParty/SEGGER/OS" -I"/Users/siemen/repos/rtos_course/RTOS_workspace/001Tasks/ThirdParty/SEGGER/SEGGER" -I"/Users/siemen/repos/rtos_course/RTOS_workspace/001Tasks/ThirdParty/FreeRTOS/include" -I"/Users/siemen/repos/rtos_course/RTOS_workspace/001Tasks/ThirdParty/FreeRTOS/portable/GCC/ARM_CM7/r0p1" -I../Drivers/CMSIS/Device/ST/STM32F7xx/Include -I../Core/Inc -I../Drivers/STM32F7xx_HAL_Driver/Inc -I../Drivers/STM32F7xx_HAL_Driver/Inc/Legacy -O0 -ffunction-sections -fdata-sections -Wall -fstack-usage -MMD -MP -MF"Drivers/STM32F7xx_HAL_Driver/Src/stm32f7xx_hal_i2c.d" -MT"Drivers/STM32F7xx_HAL_Driver/Src/stm32f7xx_hal_i2c.o" --specs=nano.specs -mfpu=fpv5-sp-d16 -mfloat-abi=hard -mthumb -o "Drivers/STM32F7xx_HAL_Driver/Src/stm32f7xx_hal_i2c.o"
arm-none-eabi-gcc "../Drivers/STM32F7xx_HAL_Driver/Src/stm32f7xx_hal_i2c_ex.c" -mcpu=cortex-m7 -std=gnu11 -g -DDEBUG -DUSE_HAL_DRIVER -DSTM32F750xx -c -I../Drivers/CMSIS/Include -I"/Users/siemen/repos/rtos_course/RTOS_workspace/001Tasks/ThirdParty/FreeRTOS" -I"/Users/siemen/repos/rtos_course/RTOS_workspace/001Tasks/ThirdParty/SEGGER/Config" -I"/Users/siemen/repos/rtos_course/RTOS_workspace/001Tasks/ThirdParty/SEGGER/OS" -I"/Users/siemen/repos/rtos_course/RTOS_workspace/001Tasks/ThirdParty/SEGGER/SEGGER" -I"/Users/siemen/repos/rtos_course/RTOS_workspace/001Tasks/ThirdParty/FreeRTOS/include" -I"/Users/siemen/repos/rtos_course/RTOS_workspace/001Tasks/ThirdParty/FreeRTOS/portable/GCC/ARM_CM7/r0p1" -I../Drivers/CMSIS/Device/ST/STM32F7xx/Include -I../Core/Inc -I../Drivers/STM32F7xx_HAL_Driver/Inc -I../Drivers/STM32F7xx_HAL_Driver/Inc/Legacy -O0 -ffunction-sections -fdata-sections -Wall -fstack-usage -MMD -MP -MF"Drivers/STM32F7xx_HAL_Driver/Src/stm32f7xx_hal_i2c_ex.d" -MT"Drivers/STM32F7xx_HAL_Driver/Src/stm32f7xx_hal_i2c_ex.o" --specs=nano.specs -mfpu=fpv5-sp-d16 -mfloat-abi=hard -mthumb -o "Drivers/STM32F7xx_HAL_Driver/Src/stm32f7xx_hal_i2c_ex.o"
arm-none-eabi-gcc "../Drivers/STM32F7xx_HAL_Driver/Src/stm32f7xx_hal_pwr.c" -mcpu=cortex-m7 -std=gnu11 -g -DDEBUG -DUSE_HAL_DRIVER -DSTM32F750xx -c -I../Drivers/CMSIS/Include -I"/Users/siemen/repos/rtos_course/RTOS_workspace/001Tasks/ThirdParty/FreeRTOS" -I"/Users/siemen/repos/rtos_course/RTOS_workspace/001Tasks/ThirdParty/SEGGER/Config" -I"/Users/siemen/repos/rtos_course/RTOS_workspace/001Tasks/ThirdParty/SEGGER/OS" -I"/Users/siemen/repos/rtos_course/RTOS_workspace/001Tasks/ThirdParty/SEGGER/SEGGER" -I"/Users/siemen/repos/rtos_course/RTOS_workspace/001Tasks/ThirdParty/FreeRTOS/include" -I"/Users/siemen/repos/rtos_course/RTOS_workspace/001Tasks/ThirdParty/FreeRTOS/portable/GCC/ARM_CM7/r0p1" -I../Drivers/CMSIS/Device/ST/STM32F7xx/Include -I../Core/Inc -I../Drivers/STM32F7xx_HAL_Driver/Inc -I../Drivers/STM32F7xx_HAL_Driver/Inc/Legacy -O0 -ffunction-sections -fdata-sections -Wall -fstack-usage -MMD -MP -MF"Drivers/STM32F7xx_HAL_Driver/Src/stm32f7xx_hal_pwr.d" -MT"Drivers/STM32F7xx_HAL_Driver/Src/stm32f7xx_hal_pwr.o" --specs=nano.specs -mfpu=fpv5-sp-d16 -mfloat-abi=hard -mthumb -o "Drivers/STM32F7xx_HAL_Driver/Src/stm32f7xx_hal_pwr.o"
arm-none-eabi-gcc "../Drivers/STM32F7xx_HAL_Driver/Src/stm32f7xx_hal_pwr_ex.c" -mcpu=cortex-m7 -std=gnu11 -g -DDEBUG -DUSE_HAL_DRIVER -DSTM32F750xx -c -I../Drivers/CMSIS/Include -I"/Users/siemen/repos/rtos_course/RTOS_workspace/001Tasks/ThirdParty/FreeRTOS" -I"/Users/siemen/repos/rtos_course/RTOS_workspace/001Tasks/ThirdParty/SEGGER/Config" -I"/Users/siemen/repos/rtos_course/RTOS_workspace/001Tasks/ThirdParty/SEGGER/OS" -I"/Users/siemen/repos/rtos_course/RTOS_workspace/001Tasks/ThirdParty/SEGGER/SEGGER" -I"/Users/siemen/repos/rtos_course/RTOS_workspace/001Tasks/ThirdParty/FreeRTOS/include" -I"/Users/siemen/repos/rtos_course/RTOS_workspace/001Tasks/ThirdParty/FreeRTOS/portable/GCC/ARM_CM7/r0p1" -I../Drivers/CMSIS/Device/ST/STM32F7xx/Include -I../Core/Inc -I../Drivers/STM32F7xx_HAL_Driver/Inc -I../Drivers/STM32F7xx_HAL_Driver/Inc/Legacy -O0 -ffunction-sections -fdata-sections -Wall -fstack-usage -MMD -MP -MF"Drivers/STM32F7xx_HAL_Driver/Src/stm32f7xx_hal_pwr_ex.d" -MT"Drivers/STM32F7xx_HAL_Driver/Src/stm32f7xx_hal_pwr_ex.o" --specs=nano.specs -mfpu=fpv5-sp-d16 -mfloat-abi=hard -mthumb -o "Drivers/STM32F7xx_HAL_Driver/Src/stm32f7xx_hal_pwr_ex.o"
arm-none-eabi-gcc "../Drivers/STM32F7xx_HAL_Driver/Src/stm32f7xx_hal_rcc.c" -mcpu=cortex-m7 -std=gnu11 -g -DDEBUG -DUSE_HAL_DRIVER -DSTM32F750xx -c -I../Drivers/CMSIS/Include -I"/Users/siemen/repos/rtos_course/RTOS_workspace/001Tasks/ThirdParty/FreeRTOS" -I"/Users/siemen/repos/rtos_course/RTOS_workspace/001Tasks/ThirdParty/SEGGER/Config" -I"/Users/siemen/repos/rtos_course/RTOS_workspace/001Tasks/ThirdParty/SEGGER/OS" -I"/Users/siemen/repos/rtos_course/RTOS_workspace/001Tasks/ThirdParty/SEGGER/SEGGER" -I"/Users/siemen/repos/rtos_course/RTOS_workspace/001Tasks/ThirdParty/FreeRTOS/include" -I"/Users/siemen/repos/rtos_course/RTOS_workspace/001Tasks/ThirdParty/FreeRTOS/portable/GCC/ARM_CM7/r0p1" -I../Drivers/CMSIS/Device/ST/STM32F7xx/Include -I../Core/Inc -I../Drivers/STM32F7xx_HAL_Driver/Inc -I../Drivers/STM32F7xx_HAL_Driver/Inc/Legacy -O0 -ffunction-sections -fdata-sections -Wall -fstack-usage -MMD -MP -MF"Drivers/STM32F7xx_HAL_Driver/Src/stm32f7xx_hal_rcc.d" -MT"Drivers/STM32F7xx_HAL_Driver/Src/stm32f7xx_hal_rcc.o" --specs=nano.specs -mfpu=fpv5-sp-d16 -mfloat-abi=hard -mthumb -o "Drivers/STM32F7xx_HAL_Driver/Src/stm32f7xx_hal_rcc.o"
arm-none-eabi-gcc "../Drivers/STM32F7xx_HAL_Driver/Src/stm32f7xx_hal_rcc_ex.c" -mcpu=cortex-m7 -std=gnu11 -g -DDEBUG -DUSE_HAL_DRIVER -DSTM32F750xx -c -I../Drivers/CMSIS/Include -I"/Users/siemen/repos/rtos_course/RTOS_workspace/001Tasks/ThirdParty/FreeRTOS" -I"/Users/siemen/repos/rtos_course/RTOS_workspace/001Tasks/ThirdParty/SEGGER/Config" -I"/Users/siemen/repos/rtos_course/RTOS_workspace/001Tasks/ThirdParty/SEGGER/OS" -I"/Users/siemen/repos/rtos_course/RTOS_workspace/001Tasks/ThirdParty/SEGGER/SEGGER" -I"/Users/siemen/repos/rtos_course/RTOS_workspace/001Tasks/ThirdParty/FreeRTOS/include" -I"/Users/siemen/repos/rtos_course/RTOS_workspace/001Tasks/ThirdParty/FreeRTOS/portable/GCC/ARM_CM7/r0p1" -I../Drivers/CMSIS/Device/ST/STM32F7xx/Include -I../Core/Inc -I../Drivers/STM32F7xx_HAL_Driver/Inc -I../Drivers/STM32F7xx_HAL_Driver/Inc/Legacy -O0 -ffunction-sections -fdata-sections -Wall -fstack-usage -MMD -MP -MF"Drivers/STM32F7xx_HAL_Driver/Src/stm32f7xx_hal_rcc_ex.d" -MT"Drivers/STM32F7xx_HAL_Driver/Src/stm32f7xx_hal_rcc_ex.o" --specs=nano.specs -mfpu=fpv5-sp-d16 -mfloat-abi=hard -mthumb -o "Drivers/STM32F7xx_HAL_Driver/Src/stm32f7xx_hal_rcc_ex.o"
arm-none-eabi-gcc "../Drivers/STM32F7xx_HAL_Driver/Src/stm32f7xx_hal_tim.c" -mcpu=cortex-m7 -std=gnu11 -g -DDEBUG -DUSE_HAL_DRIVER -DSTM32F750xx -c -I../Drivers/CMSIS/Include -I"/Users/siemen/repos/rtos_course/RTOS_workspace/001Tasks/ThirdParty/FreeRTOS" -I"/Users/siemen/repos/rtos_course/RTOS_workspace/001Tasks/ThirdParty/SEGGER/Config" -I"/Users/siemen/repos/rtos_course/RTOS_workspace/001Tasks/ThirdParty/SEGGER/OS" -I"/Users/siemen/repos/rtos_course/RTOS_workspace/001Tasks/ThirdParty/SEGGER/SEGGER" -I"/Users/siemen/repos/rtos_course/RTOS_workspace/001Tasks/ThirdParty/FreeRTOS/include" -I"/Users/siemen/repos/rtos_course/RTOS_workspace/001Tasks/ThirdParty/FreeRTOS/portable/GCC/ARM_CM7/r0p1" -I../Drivers/CMSIS/Device/ST/STM32F7xx/Include -I../Core/Inc -I../Drivers/STM32F7xx_HAL_Driver/Inc -I../Drivers/STM32F7xx_HAL_Driver/Inc/Legacy -O0 -ffunction-sections -fdata-sections -Wall -fstack-usage -MMD -MP -MF"Drivers/STM32F7xx_HAL_Driver/Src/stm32f7xx_hal_tim.d" -MT"Drivers/STM32F7xx_HAL_Driver/Src/stm32f7xx_hal_tim.o" --specs=nano.specs -mfpu=fpv5-sp-d16 -mfloat-abi=hard -mthumb -o "Drivers/STM32F7xx_HAL_Driver/Src/stm32f7xx_hal_tim.o"
arm-none-eabi-gcc "../Drivers/STM32F7xx_HAL_Driver/Src/stm32f7xx_hal_tim_ex.c" -mcpu=cortex-m7 -std=gnu11 -g -DDEBUG -DUSE_HAL_DRIVER -DSTM32F750xx -c -I../Drivers/CMSIS/Include -I"/Users/siemen/repos/rtos_course/RTOS_workspace/001Tasks/ThirdParty/FreeRTOS" -I"/Users/siemen/repos/rtos_course/RTOS_workspace/001Tasks/ThirdParty/SEGGER/Config" -I"/Users/siemen/repos/rtos_course/RTOS_workspace/001Tasks/ThirdParty/SEGGER/OS" -I"/Users/siemen/repos/rtos_course/RTOS_workspace/001Tasks/ThirdParty/SEGGER/SEGGER" -I"/Users/siemen/repos/rtos_course/RTOS_workspace/001Tasks/ThirdParty/FreeRTOS/include" -I"/Users/siemen/repos/rtos_course/RTOS_workspace/001Tasks/ThirdParty/FreeRTOS/portable/GCC/ARM_CM7/r0p1" -I../Drivers/CMSIS/Device/ST/STM32F7xx/Include -I../Core/Inc -I../Drivers/STM32F7xx_HAL_Driver/Inc -I../Drivers/STM32F7xx_HAL_Driver/Inc/Legacy -O0 -ffunction-sections -fdata-sections -Wall -fstack-usage -MMD -MP -MF"Drivers/STM32F7xx_HAL_Driver/Src/stm32f7xx_hal_tim_ex.d" -MT"Drivers/STM32F7xx_HAL_Driver/Src/stm32f7xx_hal_tim_ex.o" --specs=nano.specs -mfpu=fpv5-sp-d16 -mfloat-abi=hard -mthumb -o "Drivers/STM32F7xx_HAL_Driver/Src/stm32f7xx_hal_tim_ex.o"
arm-none-eabi-gcc -mcpu=cortex-m7 -g -c -I"/Users/siemen/repos/rtos_course/RTOS_workspace/001Tasks/ThirdParty/SEGGER/Config" -x assembler-with-cpp -MMD -MP -MF"Core/Startup/startup_stm32f750n8hx.d" -MT"Core/Startup/startup_stm32f750n8hx.o" --specs=nano.specs -mfpu=fpv5-sp-d16 -mfloat-abi=hard -mthumb -o "Core/Startup/startup_stm32f750n8hx.o" "../Core/Startup/startup_stm32f750n8hx.s"
arm-none-eabi-gcc "../Core/Src/gpio.c" -mcpu=cortex-m7 -std=gnu11 -g -DDEBUG -DUSE_HAL_DRIVER -DSTM32F750xx -c -I../Drivers/CMSIS/Include -I"/Users/siemen/repos/rtos_course/RTOS_workspace/001Tasks/ThirdParty/FreeRTOS" -I"/Users/siemen/repos/rtos_course/RTOS_workspace/001Tasks/ThirdParty/SEGGER/Config" -I"/Users/siemen/repos/rtos_course/RTOS_workspace/001Tasks/ThirdParty/SEGGER/OS" -I"/Users/siemen/repos/rtos_course/RTOS_workspace/001Tasks/ThirdParty/SEGGER/SEGGER" -I"/Users/siemen/repos/rtos_course/RTOS_workspace/001Tasks/ThirdParty/FreeRTOS/include" -I"/Users/siemen/repos/rtos_course/RTOS_workspace/001Tasks/ThirdParty/FreeRTOS/portable/GCC/ARM_CM7/r0p1" -I../Drivers/CMSIS/Device/ST/STM32F7xx/Include -I../Core/Inc -I../Drivers/STM32F7xx_HAL_Driver/Inc -I../Drivers/STM32F7xx_HAL_Driver/Inc/Legacy -O0 -ffunction-sections -fdata-sections -Wall -fstack-usage -MMD -MP -MF"Core/Src/gpio.d" -MT"Core/Src/gpio.o" --specs=nano.specs -mfpu=fpv5-sp-d16 -mfloat-abi=hard -mthumb -o "Core/Src/gpio.o"
arm-none-eabi-gcc "../Core/Src/main.c" -mcpu=cortex-m7 -std=gnu11 -g -DDEBUG -DUSE_HAL_DRIVER -DSTM32F750xx -c -I../Drivers/CMSIS/Include -I"/Users/siemen/repos/rtos_course/RTOS_workspace/001Tasks/ThirdParty/FreeRTOS" -I"/Users/siemen/repos/rtos_course/RTOS_workspace/001Tasks/ThirdParty/SEGGER/Config" -I"/Users/siemen/repos/rtos_course/RTOS_workspace/001Tasks/ThirdParty/SEGGER/OS" -I"/Users/siemen/repos/rtos_course/RTOS_workspace/001Tasks/ThirdParty/SEGGER/SEGGER" -I"/Users/siemen/repos/rtos_course/RTOS_workspace/001Tasks/ThirdParty/FreeRTOS/include" -I"/Users/siemen/repos/rtos_course/RTOS_workspace/001Tasks/ThirdParty/FreeRTOS/portable/GCC/ARM_CM7/r0p1" -I../Drivers/CMSIS/Device/ST/STM32F7xx/Include -I../Core/Inc -I../Drivers/STM32F7xx_HAL_Driver/Inc -I../Drivers/STM32F7xx_HAL_Driver/Inc/Legacy -O0 -ffunction-sections -fdata-sections -Wall -fstack-usage -MMD -MP -MF"Core/Src/main.d" -MT"Core/Src/main.o" --specs=nano.specs -mfpu=fpv5-sp-d16 -mfloat-abi=hard -mthumb -o "Core/Src/main.o"
arm-none-eabi-gcc "../Core/Src/stm32f7xx_hal_msp.c" -mcpu=cortex-m7 -std=gnu11 -g -DDEBUG -DUSE_HAL_DRIVER -DSTM32F750xx -c -I../Drivers/CMSIS/Include -I"/Users/siemen/repos/rtos_course/RTOS_workspace/001Tasks/ThirdParty/FreeRTOS" -I"/Users/siemen/repos/rtos_course/RTOS_workspace/001Tasks/ThirdParty/SEGGER/Config" -I"/Users/siemen/repos/rtos_course/RTOS_workspace/001Tasks/ThirdParty/SEGGER/OS" -I"/Users/siemen/repos/rtos_course/RTOS_workspace/001Tasks/ThirdParty/SEGGER/SEGGER" -I"/Users/siemen/repos/rtos_course/RTOS_workspace/001Tasks/ThirdParty/FreeRTOS/include" -I"/Users/siemen/repos/rtos_course/RTOS_workspace/001Tasks/ThirdParty/FreeRTOS/portable/GCC/ARM_CM7/r0p1" -I../Drivers/CMSIS/Device/ST/STM32F7xx/Include -I../Core/Inc -I../Drivers/STM32F7xx_HAL_Driver/Inc -I../Drivers/STM32F7xx_HAL_Driver/Inc/Legacy -O0 -ffunction-sections -fdata-sections -Wall -fstack-usage -MMD -MP -MF"Core/Src/stm32f7xx_hal_msp.d" -MT"Core/Src/stm32f7xx_hal_msp.o" --specs=nano.specs -mfpu=fpv5-sp-d16 -mfloat-abi=hard -mthumb -o "Core/Src/stm32f7xx_hal_msp.o"
arm-none-eabi-gcc "../Core/Src/stm32f7xx_hal_timebase_tim.c" -mcpu=cortex-m7 -std=gnu11 -g -DDEBUG -DUSE_HAL_DRIVER -DSTM32F750xx -c -I../Drivers/CMSIS/Include -I"/Users/siemen/repos/rtos_course/RTOS_workspace/001Tasks/ThirdParty/FreeRTOS" -I"/Users/siemen/repos/rtos_course/RTOS_workspace/001Tasks/ThirdParty/SEGGER/Config" -I"/Users/siemen/repos/rtos_course/RTOS_workspace/001Tasks/ThirdParty/SEGGER/OS" -I"/Users/siemen/repos/rtos_course/RTOS_workspace/001Tasks/ThirdParty/SEGGER/SEGGER" -I"/Users/siemen/repos/rtos_course/RTOS_workspace/001Tasks/ThirdParty/FreeRTOS/include" -I"/Users/siemen/repos/rtos_course/RTOS_workspace/001Tasks/ThirdParty/FreeRTOS/portable/GCC/ARM_CM7/r0p1" -I../Drivers/CMSIS/Device/ST/STM32F7xx/Include -I../Core/Inc -I../Drivers/STM32F7xx_HAL_Driver/Inc -I../Drivers/STM32F7xx_HAL_Driver/Inc/Legacy -O0 -ffunction-sections -fdata-sections -Wall -fstack-usage -MMD -MP -MF"Core/Src/stm32f7xx_hal_timebase_tim.d" -MT"Core/Src/stm32f7xx_hal_timebase_tim.o" --specs=nano.specs -mfpu=fpv5-sp-d16 -mfloat-abi=hard -mthumb -o "Core/Src/stm32f7xx_hal_timebase_tim.o"
arm-none-eabi-gcc "../Core/Src/stm32f7xx_it.c" -mcpu=cortex-m7 -std=gnu11 -g -DDEBUG -DUSE_HAL_DRIVER -DSTM32F750xx -c -I../Drivers/CMSIS/Include -I"/Users/siemen/repos/rtos_course/RTOS_workspace/001Tasks/ThirdParty/FreeRTOS" -I"/Users/siemen/repos/rtos_course/RTOS_workspace/001Tasks/ThirdParty/SEGGER/Config" -I"/Users/siemen/repos/rtos_course/RTOS_workspace/001Tasks/ThirdParty/SEGGER/OS" -I"/Users/siemen/repos/rtos_course/RTOS_workspace/001Tasks/ThirdParty/SEGGER/SEGGER" -I"/Users/siemen/repos/rtos_course/RTOS_workspace/001Tasks/ThirdParty/FreeRTOS/include" -I"/Users/siemen/repos/rtos_course/RTOS_workspace/001Tasks/ThirdParty/FreeRTOS/portable/GCC/ARM_CM7/r0p1" -I../Drivers/CMSIS/Device/ST/STM32F7xx/Include -I../Core/Inc -I../Drivers/STM32F7xx_HAL_Driver/Inc -I../Drivers/STM32F7xx_HAL_Driver/Inc/Legacy -O0 -ffunction-sections -fdata-sections -Wall -fstack-usage -MMD -MP -MF"Core/Src/stm32f7xx_it.d" -MT"Core/Src/stm32f7xx_it.o" --specs=nano.specs -mfpu=fpv5-sp-d16 -mfloat-abi=hard -mthumb -o "Core/Src/stm32f7xx_it.o"
arm-none-eabi-gcc "../Core/Src/syscalls.c" -mcpu=cortex-m7 -std=gnu11 -g -DDEBUG -DUSE_HAL_DRIVER -DSTM32F750xx -c -I../Drivers/CMSIS/Include -I"/Users/siemen/repos/rtos_course/RTOS_workspace/001Tasks/ThirdParty/FreeRTOS" -I"/Users/siemen/repos/rtos_course/RTOS_workspace/001Tasks/ThirdParty/SEGGER/Config" -I"/Users/siemen/repos/rtos_course/RTOS_workspace/001Tasks/ThirdParty/SEGGER/OS" -I"/Users/siemen/repos/rtos_course/RTOS_workspace/001Tasks/ThirdParty/SEGGER/SEGGER" -I"/Users/siemen/repos/rtos_course/RTOS_workspace/001Tasks/ThirdParty/FreeRTOS/include" -I"/Users/siemen/repos/rtos_course/RTOS_workspace/001Tasks/ThirdParty/FreeRTOS/portable/GCC/ARM_CM7/r0p1" -I../Drivers/CMSIS/Device/ST/STM32F7xx/Include -I../Core/Inc -I../Drivers/STM32F7xx_HAL_Driver/Inc -I../Drivers/STM32F7xx_HAL_Driver/Inc/Legacy -O0 -ffunction-sections -fdata-sections -Wall -fstack-usage -MMD -MP -MF"Core/Src/syscalls.d" -MT"Core/Src/syscalls.o" --specs=nano.specs -mfpu=fpv5-sp-d16 -mfloat-abi=hard -mthumb -o "Core/Src/syscalls.o"
arm-none-eabi-gcc "../Core/Src/system_stm32f7xx.c" -mcpu=cortex-m7 -std=gnu11 -g -DDEBUG -DUSE_HAL_DRIVER -DSTM32F750xx -c -I../Drivers/CMSIS/Include -I"/Users/siemen/repos/rtos_course/RTOS_workspace/001Tasks/ThirdParty/FreeRTOS" -I"/Users/siemen/repos/rtos_course/RTOS_workspace/001Tasks/ThirdParty/SEGGER/Config" -I"/Users/siemen/repos/rtos_course/RTOS_workspace/001Tasks/ThirdParty/SEGGER/OS" -I"/Users/siemen/repos/rtos_course/RTOS_workspace/001Tasks/ThirdParty/SEGGER/SEGGER" -I"/Users/siemen/repos/rtos_course/RTOS_workspace/001Tasks/ThirdParty/FreeRTOS/include" -I"/Users/siemen/repos/rtos_course/RTOS_workspace/001Tasks/ThirdParty/FreeRTOS/portable/GCC/ARM_CM7/r0p1" -I../Drivers/CMSIS/Device/ST/STM32F7xx/Include -I../Core/Inc -I../Drivers/STM32F7xx_HAL_Driver/Inc -I../Drivers/STM32F7xx_HAL_Driver/Inc/Legacy -O0 -ffunction-sections -fdata-sections -Wall -fstack-usage -MMD -MP -MF"Core/Src/system_stm32f7xx.d" -MT"Core/Src/system_stm32f7xx.o" --specs=nano.specs -mfpu=fpv5-sp-d16 -mfloat-abi=hard -mthumb -o "Core/Src/system_stm32f7xx.o"
arm-none-eabi-gcc -o "001Tasks.elf" @"objects.list"   -mcpu=cortex-m7 -T"/Users/siemen/repos/rtos_course/RTOS_workspace/001Tasks/STM32F750N8HX_FLASH.ld" --specs=nosys.specs -Wl,-Map="001Tasks.map" -Wl,--gc-sections -static --specs=nano.specs -mfpu=fpv5-sp-d16 -mfloat-abi=hard -mthumb -Wl,--start-group -lc -lm -Wl,--end-group
/Applications/STM32CubeIDE.app/Contents/Eclipse/plugins/com.st.stm32cube.ide.mcu.externaltools.gnu-tools-for-stm32.9-2020-q2-update.macos64_1.5.0.202011040924/tools/bin/../lib/gcc/arm-none-eabi/9.3.1/../../../../arm-none-eabi/bin/ld: Core/Src/main.o: in function `main':
/Users/siemen/repos/rtos_course/RTOS_workspace/001Tasks/Debug/../Core/Src/main.c:118: undefined reference to `SEGGER_UART_init'
/Applications/STM32CubeIDE.app/Contents/Eclipse/plugins/com.st.stm32cube.ide.mcu.externaltools.gnu-tools-for-stm32.9-2020-q2-update.macos64_1.5.0.202011040924/tools/bin/../lib/gcc/arm-none-eabi/9.3.1/../../../../arm-none-eabi/bin/ld: ThirdParty/SEGGER/SEGGER/SEGGER_SYSVIEW.o: in function `_TrySendOverflowPacket':
/Users/siemen/repos/rtos_course/RTOS_workspace/001Tasks/Debug/../ThirdParty/SEGGER/SEGGER/SEGGER_SYSVIEW.c:654: undefined reference to `HIF_UART_EnableTXEInterrupt'
/Applications/STM32CubeIDE.app/Contents/Eclipse/plugins/com.st.stm32cube.ide.mcu.externaltools.gnu-tools-for-stm32.9-2020-q2-update.macos64_1.5.0.202011040924/tools/bin/../lib/gcc/arm-none-eabi/9.3.1/../../../../arm-none-eabi/bin/ld: ThirdParty/SEGGER/SEGGER/SEGGER_SYSVIEW.o: in function `_SendPacket':
/Users/siemen/repos/rtos_course/RTOS_workspace/001Tasks/Debug/../ThirdParty/SEGGER/SEGGER/SEGGER_SYSVIEW.c:823: undefined reference to `HIF_UART_EnableTXEInterrupt'
/Applications/STM32CubeIDE.app/Contents/Eclipse/plugins/com.st.stm32cube.ide.mcu.externaltools.gnu-tools-for-stm32.9-2020-q2-update.macos64_1.5.0.202011040924/tools/bin/../lib/gcc/arm-none-eabi/9.3.1/../../../../arm-none-eabi/bin/ld: ThirdParty/SEGGER/SEGGER/SEGGER_SYSVIEW.o: in function `SEGGER_SYSVIEW_Start':
/Users/siemen/repos/rtos_course/RTOS_workspace/001Tasks/Debug/../ThirdParty/SEGGER/SEGGER/SEGGER_SYSVIEW.c:1789: undefined reference to `HIF_UART_EnableTXEInterrupt'
collect2: error: ld returned 1 exit status
make: *** [makefile:72: 001Tasks.elf] Error 1
"make -j7 all" terminated with exit code 2. Build might be incomplete.
17:27:05 **** Clean-only build of configuration Debug for project 001Tasks ****
make -j7 clean 
rm -rf *
 
17:27:05 **** Incremental Build of configuration Debug for project 001Tasks ****
make -j7 all 
arm-none-eabi-gcc "../ThirdParty/SEGGER/SEGGER/Syscalls/SEGGER_RTT_Syscalls_GCC.c" -mcpu=cortex-m7 -std=gnu11 -g -DDEBUG -DUSE_HAL_DRIVER -DSTM32F750xx -c -I../Core/Inc -I"/Users/siemen/repos/rtos_course/RTOS_workspace/001Tasks/ThirdParty/FreeRTOS/portable/GCC/ARM_CM7/r0p1" -I"/Users/siemen/repos/rtos_course/RTOS_workspace/001Tasks/ThirdParty/FreeRTOS" -I"/Users/siemen/repos/rtos_course/RTOS_workspace/001Tasks/ThirdParty/FreeRTOS/portable/GCC/ARM_CM7" -I"/Users/siemen/repos/rtos_course/RTOS_workspace/001Tasks/ThirdParty/FreeRTOS/include" -I../Drivers/STM32F7xx_HAL_Driver/Inc -I../Drivers/STM32F7xx_HAL_Driver/Inc/Legacy -I../Drivers/CMSIS/Device/ST/STM32F7xx/Include -I../Drivers/CMSIS/Include -O0 -ffunction-sections -fdata-sections -Wall -fstack-usage -MMD -MP -MF"ThirdParty/SEGGER/SEGGER/Syscalls/SEGGER_RTT_Syscalls_GCC.d" -MT"ThirdParty/SEGGER/SEGGER/Syscalls/SEGGER_RTT_Syscalls_GCC.o" --specs=nano.specs -mfpu=fpv5-sp-d16 -mfloat-abi=hard -mthumb -o "ThirdParty/SEGGER/SEGGER/Syscalls/SEGGER_RTT_Syscalls_GCC.o"
arm-none-eabi-gcc "../ThirdParty/SEGGER/SEGGER/SEGGER_RTT.c" -mcpu=cortex-m7 -std=gnu11 -g -DDEBUG -DUSE_HAL_DRIVER -DSTM32F750xx -c -I../Core/Inc -I"/Users/siemen/repos/rtos_course/RTOS_workspace/001Tasks/ThirdParty/FreeRTOS/portable/GCC/ARM_CM7/r0p1" -I"/Users/siemen/repos/rtos_course/RTOS_workspace/001Tasks/ThirdParty/FreeRTOS" -I"/Users/siemen/repos/rtos_course/RTOS_workspace/001Tasks/ThirdParty/FreeRTOS/portable/GCC/ARM_CM7" -I"/Users/siemen/repos/rtos_course/RTOS_workspace/001Tasks/ThirdParty/FreeRTOS/include" -I../Drivers/STM32F7xx_HAL_Driver/Inc -I../Drivers/STM32F7xx_HAL_Driver/Inc/Legacy -I../Drivers/CMSIS/Device/ST/STM32F7xx/Include -I../Drivers/CMSIS/Include -O0 -ffunction-sections -fdata-sections -Wall -fstack-usage -MMD -MP -MF"ThirdParty/SEGGER/SEGGER/SEGGER_RTT.d" -MT"ThirdParty/SEGGER/SEGGER/SEGGER_RTT.o" --specs=nano.specs -mfpu=fpv5-sp-d16 -mfloat-abi=hard -mthumb -o "ThirdParty/SEGGER/SEGGER/SEGGER_RTT.o"
arm-none-eabi-gcc -mcpu=cortex-m7 -g -c -I"/Users/siemen/repos/rtos_course/RTOS_workspace/001Tasks/ThirdParty/SEGGER/Config" -x assembler-with-cpp -MMD -MP -MF"ThirdParty/SEGGER/SEGGER/SEGGER_RTT_ASM_ARMv7M.d" -MT"ThirdParty/SEGGER/SEGGER/SEGGER_RTT_ASM_ARMv7M.o" --specs=nano.specs -mfpu=fpv5-sp-d16 -mfloat-abi=hard -mthumb -o "ThirdParty/SEGGER/SEGGER/SEGGER_RTT_ASM_ARMv7M.o" "../ThirdParty/SEGGER/SEGGER/SEGGER_RTT_ASM_ARMv7M.S"
arm-none-eabi-gcc "../ThirdParty/SEGGER/SEGGER/SEGGER_RTT_printf.c" -mcpu=cortex-m7 -std=gnu11 -g -DDEBUG -DUSE_HAL_DRIVER -DSTM32F750xx -c -I../Core/Inc -I"/Users/siemen/repos/rtos_course/RTOS_workspace/001Tasks/ThirdParty/FreeRTOS/portable/GCC/ARM_CM7/r0p1" -I"/Users/siemen/repos/rtos_course/RTOS_workspace/001Tasks/ThirdParty/FreeRTOS" -I"/Users/siemen/repos/rtos_course/RTOS_workspace/001Tasks/ThirdParty/FreeRTOS/portable/GCC/ARM_CM7" -I"/Users/siemen/repos/rtos_course/RTOS_workspace/001Tasks/ThirdParty/FreeRTOS/include" -I../Drivers/STM32F7xx_HAL_Driver/Inc -I../Drivers/STM32F7xx_HAL_Driver/Inc/Legacy -I../Drivers/CMSIS/Device/ST/STM32F7xx/Include -I../Drivers/CMSIS/Include -O0 -ffunction-sections -fdata-sections -Wall -fstack-usage -MMD -MP -MF"ThirdParty/SEGGER/SEGGER/SEGGER_RTT_printf.d" -MT"ThirdParty/SEGGER/SEGGER/SEGGER_RTT_printf.o" --specs=nano.specs -mfpu=fpv5-sp-d16 -mfloat-abi=hard -mthumb -o "ThirdParty/SEGGER/SEGGER/SEGGER_RTT_printf.o"
arm-none-eabi-gcc "../ThirdParty/SEGGER/SEGGER/SEGGER_SYSVIEW.c" -mcpu=cortex-m7 -std=gnu11 -g -DDEBUG -DUSE_HAL_DRIVER -DSTM32F750xx -c -I../Core/Inc -I"/Users/siemen/repos/rtos_course/RTOS_workspace/001Tasks/ThirdParty/FreeRTOS/portable/GCC/ARM_CM7/r0p1" -I"/Users/siemen/repos/rtos_course/RTOS_workspace/001Tasks/ThirdParty/FreeRTOS" -I"/Users/siemen/repos/rtos_course/RTOS_workspace/001Tasks/ThirdParty/FreeRTOS/portable/GCC/ARM_CM7" -I"/Users/siemen/repos/rtos_course/RTOS_workspace/001Tasks/ThirdParty/FreeRTOS/include" -I../Drivers/STM32F7xx_HAL_Driver/Inc -I../Drivers/STM32F7xx_HAL_Driver/Inc/Legacy -I../Drivers/CMSIS/Device/ST/STM32F7xx/Include -I../Drivers/CMSIS/Include -O0 -ffunction-sections -fdata-sections -Wall -fstack-usage -MMD -MP -MF"ThirdParty/SEGGER/SEGGER/SEGGER_SYSVIEW.d" -MT"ThirdParty/SEGGER/SEGGER/SEGGER_SYSVIEW.o" --specs=nano.specs -mfpu=fpv5-sp-d16 -mfloat-abi=hard -mthumb -o "ThirdParty/SEGGER/SEGGER/SEGGER_SYSVIEW.o"
arm-none-eabi-gcc "../ThirdParty/SEGGER/Rec/segger_uart.c" -mcpu=cortex-m7 -std=gnu11 -g -DDEBUG -DUSE_HAL_DRIVER -DSTM32F750xx -c -I../Core/Inc -I"/Users/siemen/repos/rtos_course/RTOS_workspace/001Tasks/ThirdParty/FreeRTOS/portable/GCC/ARM_CM7/r0p1" -I"/Users/siemen/repos/rtos_course/RTOS_workspace/001Tasks/ThirdParty/FreeRTOS" -I"/Users/siemen/repos/rtos_course/RTOS_workspace/001Tasks/ThirdParty/FreeRTOS/portable/GCC/ARM_CM7" -I"/Users/siemen/repos/rtos_course/RTOS_workspace/001Tasks/ThirdParty/FreeRTOS/include" -I../Drivers/STM32F7xx_HAL_Driver/Inc -I../Drivers/STM32F7xx_HAL_Driver/Inc/Legacy -I../Drivers/CMSIS/Device/ST/STM32F7xx/Include -I../Drivers/CMSIS/Include -O0 -ffunction-sections -fdata-sections -Wall -fstack-usage -MMD -MP -MF"ThirdParty/SEGGER/Rec/segger_uart.d" -MT"ThirdParty/SEGGER/Rec/segger_uart.o" --specs=nano.specs -mfpu=fpv5-sp-d16 -mfloat-abi=hard -mthumb -o "ThirdParty/SEGGER/Rec/segger_uart.o"
arm-none-eabi-gcc "../ThirdParty/SEGGER/OS/SEGGER_SYSVIEW_FreeRTOS.c" -mcpu=cortex-m7 -std=gnu11 -g -DDEBUG -DUSE_HAL_DRIVER -DSTM32F750xx -c -I../Core/Inc -I"/Users/siemen/repos/rtos_course/RTOS_workspace/001Tasks/ThirdParty/FreeRTOS/portable/GCC/ARM_CM7/r0p1" -I"/Users/siemen/repos/rtos_course/RTOS_workspace/001Tasks/ThirdParty/FreeRTOS" -I"/Users/siemen/repos/rtos_course/RTOS_workspace/001Tasks/ThirdParty/FreeRTOS/portable/GCC/ARM_CM7" -I"/Users/siemen/repos/rtos_course/RTOS_workspace/001Tasks/ThirdParty/FreeRTOS/include" -I../Drivers/STM32F7xx_HAL_Driver/Inc -I../Drivers/STM32F7xx_HAL_Driver/Inc/Legacy -I../Drivers/CMSIS/Device/ST/STM32F7xx/Include -I../Drivers/CMSIS/Include -O0 -ffunction-sections -fdata-sections -Wall -fstack-usage -MMD -MP -MF"ThirdParty/SEGGER/OS/SEGGER_SYSVIEW_FreeRTOS.d" -MT"ThirdParty/SEGGER/OS/SEGGER_SYSVIEW_FreeRTOS.o" --specs=nano.specs -mfpu=fpv5-sp-d16 -mfloat-abi=hard -mthumb -o "ThirdParty/SEGGER/OS/SEGGER_SYSVIEW_FreeRTOS.o"
arm-none-eabi-gcc "../ThirdParty/SEGGER/Config/SEGGER_SYSVIEW_Config_FreeRTOS.c" -mcpu=cortex-m7 -std=gnu11 -g -DDEBUG -DUSE_HAL_DRIVER -DSTM32F750xx -c -I../Core/Inc -I"/Users/siemen/repos/rtos_course/RTOS_workspace/001Tasks/ThirdParty/FreeRTOS/portable/GCC/ARM_CM7/r0p1" -I"/Users/siemen/repos/rtos_course/RTOS_workspace/001Tasks/ThirdParty/FreeRTOS" -I"/Users/siemen/repos/rtos_course/RTOS_workspace/001Tasks/ThirdParty/FreeRTOS/portable/GCC/ARM_CM7" -I"/Users/siemen/repos/rtos_course/RTOS_workspace/001Tasks/ThirdParty/FreeRTOS/include" -I../Drivers/STM32F7xx_HAL_Driver/Inc -I../Drivers/STM32F7xx_HAL_Driver/Inc/Legacy -I../Drivers/CMSIS/Device/ST/STM32F7xx/Include -I../Drivers/CMSIS/Include -O0 -ffunction-sections -fdata-sections -Wall -fstack-usage -MMD -MP -MF"ThirdParty/SEGGER/Config/SEGGER_SYSVIEW_Config_FreeRTOS.d" -MT"ThirdParty/SEGGER/Config/SEGGER_SYSVIEW_Config_FreeRTOS.o" --specs=nano.specs -mfpu=fpv5-sp-d16 -mfloat-abi=hard -mthumb -o "ThirdParty/SEGGER/Config/SEGGER_SYSVIEW_Config_FreeRTOS.o"
arm-none-eabi-gcc "../ThirdParty/FreeRTOS/portable/MemMang/heap_4.c" -mcpu=cortex-m7 -std=gnu11 -g -DDEBUG -DUSE_HAL_DRIVER -DSTM32F750xx -c -I../Drivers/CMSIS/Include -I"/Users/siemen/repos/rtos_course/RTOS_workspace/001Tasks/ThirdParty/FreeRTOS" -I"/Users/siemen/repos/rtos_course/RTOS_workspace/001Tasks/ThirdParty/SEGGER/Config" -I"/Users/siemen/repos/rtos_course/RTOS_workspace/001Tasks/ThirdParty/SEGGER/OS" -I"/Users/siemen/repos/rtos_course/RTOS_workspace/001Tasks/ThirdParty/SEGGER/SEGGER" -I"/Users/siemen/repos/rtos_course/RTOS_workspace/001Tasks/ThirdParty/FreeRTOS/include" -I"/Users/siemen/repos/rtos_course/RTOS_workspace/001Tasks/ThirdParty/FreeRTOS/portable/GCC/ARM_CM7/r0p1" -I../Drivers/CMSIS/Device/ST/STM32F7xx/Include -I../Core/Inc -I../Drivers/STM32F7xx_HAL_Driver/Inc -I../Drivers/STM32F7xx_HAL_Driver/Inc/Legacy -O0 -ffunction-sections -fdata-sections -Wall -fstack-usage -MMD -MP -MF"ThirdParty/FreeRTOS/portable/MemMang/heap_4.d" -MT"ThirdParty/FreeRTOS/portable/MemMang/heap_4.o" --specs=nano.specs -mfpu=fpv5-sp-d16 -mfloat-abi=hard -mthumb -o "ThirdParty/FreeRTOS/portable/MemMang/heap_4.o"
arm-none-eabi-gcc "../ThirdParty/FreeRTOS/portable/GCC/ARM_CM7/r0p1/port.c" -mcpu=cortex-m7 -std=gnu11 -g -DDEBUG -DUSE_HAL_DRIVER -DSTM32F750xx -c -I../Drivers/CMSIS/Include -I"/Users/siemen/repos/rtos_course/RTOS_workspace/001Tasks/ThirdParty/FreeRTOS" -I"/Users/siemen/repos/rtos_course/RTOS_workspace/001Tasks/ThirdParty/SEGGER/Config" -I"/Users/siemen/repos/rtos_course/RTOS_workspace/001Tasks/ThirdParty/SEGGER/OS" -I"/Users/siemen/repos/rtos_course/RTOS_workspace/001Tasks/ThirdParty/SEGGER/SEGGER" -I"/Users/siemen/repos/rtos_course/RTOS_workspace/001Tasks/ThirdParty/FreeRTOS/include" -I"/Users/siemen/repos/rtos_course/RTOS_workspace/001Tasks/ThirdParty/FreeRTOS/portable/GCC/ARM_CM7/r0p1" -I../Drivers/CMSIS/Device/ST/STM32F7xx/Include -I../Core/Inc -I../Drivers/STM32F7xx_HAL_Driver/Inc -I../Drivers/STM32F7xx_HAL_Driver/Inc/Legacy -O0 -ffunction-sections -fdata-sections -Wall -fstack-usage -MMD -MP -MF"ThirdParty/FreeRTOS/portable/GCC/ARM_CM7/r0p1/port.d" -MT"ThirdParty/FreeRTOS/portable/GCC/ARM_CM7/r0p1/port.o" --specs=nano.specs -mfpu=fpv5-sp-d16 -mfloat-abi=hard -mthumb -o "ThirdParty/FreeRTOS/portable/GCC/ARM_CM7/r0p1/port.o"
arm-none-eabi-gcc "../ThirdParty/FreeRTOS/croutine.c" -mcpu=cortex-m7 -std=gnu11 -g -DDEBUG -DUSE_HAL_DRIVER -DSTM32F750xx -c -I../Drivers/CMSIS/Include -I"/Users/siemen/repos/rtos_course/RTOS_workspace/001Tasks/ThirdParty/FreeRTOS" -I"/Users/siemen/repos/rtos_course/RTOS_workspace/001Tasks/ThirdParty/SEGGER/Config" -I"/Users/siemen/repos/rtos_course/RTOS_workspace/001Tasks/ThirdParty/SEGGER/OS" -I"/Users/siemen/repos/rtos_course/RTOS_workspace/001Tasks/ThirdParty/SEGGER/SEGGER" -I"/Users/siemen/repos/rtos_course/RTOS_workspace/001Tasks/ThirdParty/FreeRTOS/include" -I"/Users/siemen/repos/rtos_course/RTOS_workspace/001Tasks/ThirdParty/FreeRTOS/portable/GCC/ARM_CM7/r0p1" -I../Drivers/CMSIS/Device/ST/STM32F7xx/Include -I../Core/Inc -I../Drivers/STM32F7xx_HAL_Driver/Inc -I../Drivers/STM32F7xx_HAL_Driver/Inc/Legacy -O0 -ffunction-sections -fdata-sections -Wall -fstack-usage -MMD -MP -MF"ThirdParty/FreeRTOS/croutine.d" -MT"ThirdParty/FreeRTOS/croutine.o" --specs=nano.specs -mfpu=fpv5-sp-d16 -mfloat-abi=hard -mthumb -o "ThirdParty/FreeRTOS/croutine.o"
arm-none-eabi-gcc "../ThirdParty/FreeRTOS/event_groups.c" -mcpu=cortex-m7 -std=gnu11 -g -DDEBUG -DUSE_HAL_DRIVER -DSTM32F750xx -c -I../Drivers/CMSIS/Include -I"/Users/siemen/repos/rtos_course/RTOS_workspace/001Tasks/ThirdParty/FreeRTOS" -I"/Users/siemen/repos/rtos_course/RTOS_workspace/001Tasks/ThirdParty/SEGGER/Config" -I"/Users/siemen/repos/rtos_course/RTOS_workspace/001Tasks/ThirdParty/SEGGER/OS" -I"/Users/siemen/repos/rtos_course/RTOS_workspace/001Tasks/ThirdParty/SEGGER/SEGGER" -I"/Users/siemen/repos/rtos_course/RTOS_workspace/001Tasks/ThirdParty/FreeRTOS/include" -I"/Users/siemen/repos/rtos_course/RTOS_workspace/001Tasks/ThirdParty/FreeRTOS/portable/GCC/ARM_CM7/r0p1" -I../Drivers/CMSIS/Device/ST/STM32F7xx/Include -I../Core/Inc -I../Drivers/STM32F7xx_HAL_Driver/Inc -I../Drivers/STM32F7xx_HAL_Driver/Inc/Legacy -O0 -ffunction-sections -fdata-sections -Wall -fstack-usage -MMD -MP -MF"ThirdParty/FreeRTOS/event_groups.d" -MT"ThirdParty/FreeRTOS/event_groups.o" --specs=nano.specs -mfpu=fpv5-sp-d16 -mfloat-abi=hard -mthumb -o "ThirdParty/FreeRTOS/event_groups.o"
arm-none-eabi-gcc "../ThirdParty/FreeRTOS/list.c" -mcpu=cortex-m7 -std=gnu11 -g -DDEBUG -DUSE_HAL_DRIVER -DSTM32F750xx -c -I../Drivers/CMSIS/Include -I"/Users/siemen/repos/rtos_course/RTOS_workspace/001Tasks/ThirdParty/FreeRTOS" -I"/Users/siemen/repos/rtos_course/RTOS_workspace/001Tasks/ThirdParty/SEGGER/Config" -I"/Users/siemen/repos/rtos_course/RTOS_workspace/001Tasks/ThirdParty/SEGGER/OS" -I"/Users/siemen/repos/rtos_course/RTOS_workspace/001Tasks/ThirdParty/SEGGER/SEGGER" -I"/Users/siemen/repos/rtos_course/RTOS_workspace/001Tasks/ThirdParty/FreeRTOS/include" -I"/Users/siemen/repos/rtos_course/RTOS_workspace/001Tasks/ThirdParty/FreeRTOS/portable/GCC/ARM_CM7/r0p1" -I../Drivers/CMSIS/Device/ST/STM32F7xx/Include -I../Core/Inc -I../Drivers/STM32F7xx_HAL_Driver/Inc -I../Drivers/STM32F7xx_HAL_Driver/Inc/Legacy -O0 -ffunction-sections -fdata-sections -Wall -fstack-usage -MMD -MP -MF"ThirdParty/FreeRTOS/list.d" -MT"ThirdParty/FreeRTOS/list.o" --specs=nano.specs -mfpu=fpv5-sp-d16 -mfloat-abi=hard -mthumb -o "ThirdParty/FreeRTOS/list.o"
arm-none-eabi-gcc "../ThirdParty/FreeRTOS/queue.c" -mcpu=cortex-m7 -std=gnu11 -g -DDEBUG -DUSE_HAL_DRIVER -DSTM32F750xx -c -I../Drivers/CMSIS/Include -I"/Users/siemen/repos/rtos_course/RTOS_workspace/001Tasks/ThirdParty/FreeRTOS" -I"/Users/siemen/repos/rtos_course/RTOS_workspace/001Tasks/ThirdParty/SEGGER/Config" -I"/Users/siemen/repos/rtos_course/RTOS_workspace/001Tasks/ThirdParty/SEGGER/OS" -I"/Users/siemen/repos/rtos_course/RTOS_workspace/001Tasks/ThirdParty/SEGGER/SEGGER" -I"/Users/siemen/repos/rtos_course/RTOS_workspace/001Tasks/ThirdParty/FreeRTOS/include" -I"/Users/siemen/repos/rtos_course/RTOS_workspace/001Tasks/ThirdParty/FreeRTOS/portable/GCC/ARM_CM7/r0p1" -I../Drivers/CMSIS/Device/ST/STM32F7xx/Include -I../Core/Inc -I../Drivers/STM32F7xx_HAL_Driver/Inc -I../Drivers/STM32F7xx_HAL_Driver/Inc/Legacy -O0 -ffunction-sections -fdata-sections -Wall -fstack-usage -MMD -MP -MF"ThirdParty/FreeRTOS/queue.d" -MT"ThirdParty/FreeRTOS/queue.o" --specs=nano.specs -mfpu=fpv5-sp-d16 -mfloat-abi=hard -mthumb -o "ThirdParty/FreeRTOS/queue.o"
arm-none-eabi-gcc "../ThirdParty/FreeRTOS/stream_buffer.c" -mcpu=cortex-m7 -std=gnu11 -g -DDEBUG -DUSE_HAL_DRIVER -DSTM32F750xx -c -I../Drivers/CMSIS/Include -I"/Users/siemen/repos/rtos_course/RTOS_workspace/001Tasks/ThirdParty/FreeRTOS" -I"/Users/siemen/repos/rtos_course/RTOS_workspace/001Tasks/ThirdParty/SEGGER/Config" -I"/Users/siemen/repos/rtos_course/RTOS_workspace/001Tasks/ThirdParty/SEGGER/OS" -I"/Users/siemen/repos/rtos_course/RTOS_workspace/001Tasks/ThirdParty/SEGGER/SEGGER" -I"/Users/siemen/repos/rtos_course/RTOS_workspace/001Tasks/ThirdParty/FreeRTOS/include" -I"/Users/siemen/repos/rtos_course/RTOS_workspace/001Tasks/ThirdParty/FreeRTOS/portable/GCC/ARM_CM7/r0p1" -I../Drivers/CMSIS/Device/ST/STM32F7xx/Include -I../Core/Inc -I../Drivers/STM32F7xx_HAL_Driver/Inc -I../Drivers/STM32F7xx_HAL_Driver/Inc/Legacy -O0 -ffunction-sections -fdata-sections -Wall -fstack-usage -MMD -MP -MF"ThirdParty/FreeRTOS/stream_buffer.d" -MT"ThirdParty/FreeRTOS/stream_buffer.o" --specs=nano.specs -mfpu=fpv5-sp-d16 -mfloat-abi=hard -mthumb -o "ThirdParty/FreeRTOS/stream_buffer.o"
arm-none-eabi-gcc "../ThirdParty/FreeRTOS/tasks.c" -mcpu=cortex-m7 -std=gnu11 -g -DDEBUG -DUSE_HAL_DRIVER -DSTM32F750xx -c -I../Drivers/CMSIS/Include -I"/Users/siemen/repos/rtos_course/RTOS_workspace/001Tasks/ThirdParty/FreeRTOS" -I"/Users/siemen/repos/rtos_course/RTOS_workspace/001Tasks/ThirdParty/SEGGER/Config" -I"/Users/siemen/repos/rtos_course/RTOS_workspace/001Tasks/ThirdParty/SEGGER/OS" -I"/Users/siemen/repos/rtos_course/RTOS_workspace/001Tasks/ThirdParty/SEGGER/SEGGER" -I"/Users/siemen/repos/rtos_course/RTOS_workspace/001Tasks/ThirdParty/FreeRTOS/include" -I"/Users/siemen/repos/rtos_course/RTOS_workspace/001Tasks/ThirdParty/FreeRTOS/portable/GCC/ARM_CM7/r0p1" -I../Drivers/CMSIS/Device/ST/STM32F7xx/Include -I../Core/Inc -I../Drivers/STM32F7xx_HAL_Driver/Inc -I../Drivers/STM32F7xx_HAL_Driver/Inc/Legacy -O0 -ffunction-sections -fdata-sections -Wall -fstack-usage -MMD -MP -MF"ThirdParty/FreeRTOS/tasks.d" -MT"ThirdParty/FreeRTOS/tasks.o" --specs=nano.specs -mfpu=fpv5-sp-d16 -mfloat-abi=hard -mthumb -o "ThirdParty/FreeRTOS/tasks.o"
arm-none-eabi-gcc "../ThirdParty/FreeRTOS/timers.c" -mcpu=cortex-m7 -std=gnu11 -g -DDEBUG -DUSE_HAL_DRIVER -DSTM32F750xx -c -I../Drivers/CMSIS/Include -I"/Users/siemen/repos/rtos_course/RTOS_workspace/001Tasks/ThirdParty/FreeRTOS" -I"/Users/siemen/repos/rtos_course/RTOS_workspace/001Tasks/ThirdParty/SEGGER/Config" -I"/Users/siemen/repos/rtos_course/RTOS_workspace/001Tasks/ThirdParty/SEGGER/OS" -I"/Users/siemen/repos/rtos_course/RTOS_workspace/001Tasks/ThirdParty/SEGGER/SEGGER" -I"/Users/siemen/repos/rtos_course/RTOS_workspace/001Tasks/ThirdParty/FreeRTOS/include" -I"/Users/siemen/repos/rtos_course/RTOS_workspace/001Tasks/ThirdParty/FreeRTOS/portable/GCC/ARM_CM7/r0p1" -I../Drivers/CMSIS/Device/ST/STM32F7xx/Include -I../Core/Inc -I../Drivers/STM32F7xx_HAL_Driver/Inc -I../Drivers/STM32F7xx_HAL_Driver/Inc/Legacy -O0 -ffunction-sections -fdata-sections -Wall -fstack-usage -MMD -MP -MF"ThirdParty/FreeRTOS/timers.d" -MT"ThirdParty/FreeRTOS/timers.o" --specs=nano.specs -mfpu=fpv5-sp-d16 -mfloat-abi=hard -mthumb -o "ThirdParty/FreeRTOS/timers.o"
arm-none-eabi-gcc "../Drivers/STM32F7xx_HAL_Driver/Src/stm32f7xx_hal.c" -mcpu=cortex-m7 -std=gnu11 -g -DDEBUG -DUSE_HAL_DRIVER -DSTM32F750xx -c -I../Drivers/CMSIS/Include -I"/Users/siemen/repos/rtos_course/RTOS_workspace/001Tasks/ThirdParty/FreeRTOS" -I"/Users/siemen/repos/rtos_course/RTOS_workspace/001Tasks/ThirdParty/SEGGER/Config" -I"/Users/siemen/repos/rtos_course/RTOS_workspace/001Tasks/ThirdParty/SEGGER/OS" -I"/Users/siemen/repos/rtos_course/RTOS_workspace/001Tasks/ThirdParty/SEGGER/SEGGER" -I"/Users/siemen/repos/rtos_course/RTOS_workspace/001Tasks/ThirdParty/FreeRTOS/include" -I"/Users/siemen/repos/rtos_course/RTOS_workspace/001Tasks/ThirdParty/FreeRTOS/portable/GCC/ARM_CM7/r0p1" -I../Drivers/CMSIS/Device/ST/STM32F7xx/Include -I../Core/Inc -I../Drivers/STM32F7xx_HAL_Driver/Inc -I../Drivers/STM32F7xx_HAL_Driver/Inc/Legacy -O0 -ffunction-sections -fdata-sections -Wall -fstack-usage -MMD -MP -MF"Drivers/STM32F7xx_HAL_Driver/Src/stm32f7xx_hal.d" -MT"Drivers/STM32F7xx_HAL_Driver/Src/stm32f7xx_hal.o" --specs=nano.specs -mfpu=fpv5-sp-d16 -mfloat-abi=hard -mthumb -o "Drivers/STM32F7xx_HAL_Driver/Src/stm32f7xx_hal.o"
arm-none-eabi-gcc "../Drivers/STM32F7xx_HAL_Driver/Src/stm32f7xx_hal_cortex.c" -mcpu=cortex-m7 -std=gnu11 -g -DDEBUG -DUSE_HAL_DRIVER -DSTM32F750xx -c -I../Drivers/CMSIS/Include -I"/Users/siemen/repos/rtos_course/RTOS_workspace/001Tasks/ThirdParty/FreeRTOS" -I"/Users/siemen/repos/rtos_course/RTOS_workspace/001Tasks/ThirdParty/SEGGER/Config" -I"/Users/siemen/repos/rtos_course/RTOS_workspace/001Tasks/ThirdParty/SEGGER/OS" -I"/Users/siemen/repos/rtos_course/RTOS_workspace/001Tasks/ThirdParty/SEGGER/SEGGER" -I"/Users/siemen/repos/rtos_course/RTOS_workspace/001Tasks/ThirdParty/FreeRTOS/include" -I"/Users/siemen/repos/rtos_course/RTOS_workspace/001Tasks/ThirdParty/FreeRTOS/portable/GCC/ARM_CM7/r0p1" -I../Drivers/CMSIS/Device/ST/STM32F7xx/Include -I../Core/Inc -I../Drivers/STM32F7xx_HAL_Driver/Inc -I../Drivers/STM32F7xx_HAL_Driver/Inc/Legacy -O0 -ffunction-sections -fdata-sections -Wall -fstack-usage -MMD -MP -MF"Drivers/STM32F7xx_HAL_Driver/Src/stm32f7xx_hal_cortex.d" -MT"Drivers/STM32F7xx_HAL_Driver/Src/stm32f7xx_hal_cortex.o" --specs=nano.specs -mfpu=fpv5-sp-d16 -mfloat-abi=hard -mthumb -o "Drivers/STM32F7xx_HAL_Driver/Src/stm32f7xx_hal_cortex.o"
arm-none-eabi-gcc "../Drivers/STM32F7xx_HAL_Driver/Src/stm32f7xx_hal_dma.c" -mcpu=cortex-m7 -std=gnu11 -g -DDEBUG -DUSE_HAL_DRIVER -DSTM32F750xx -c -I../Drivers/CMSIS/Include -I"/Users/siemen/repos/rtos_course/RTOS_workspace/001Tasks/ThirdParty/FreeRTOS" -I"/Users/siemen/repos/rtos_course/RTOS_workspace/001Tasks/ThirdParty/SEGGER/Config" -I"/Users/siemen/repos/rtos_course/RTOS_workspace/001Tasks/ThirdParty/SEGGER/OS" -I"/Users/siemen/repos/rtos_course/RTOS_workspace/001Tasks/ThirdParty/SEGGER/SEGGER" -I"/Users/siemen/repos/rtos_course/RTOS_workspace/001Tasks/ThirdParty/FreeRTOS/include" -I"/Users/siemen/repos/rtos_course/RTOS_workspace/001Tasks/ThirdParty/FreeRTOS/portable/GCC/ARM_CM7/r0p1" -I../Drivers/CMSIS/Device/ST/STM32F7xx/Include -I../Core/Inc -I../Drivers/STM32F7xx_HAL_Driver/Inc -I../Drivers/STM32F7xx_HAL_Driver/Inc/Legacy -O0 -ffunction-sections -fdata-sections -Wall -fstack-usage -MMD -MP -MF"Drivers/STM32F7xx_HAL_Driver/Src/stm32f7xx_hal_dma.d" -MT"Drivers/STM32F7xx_HAL_Driver/Src/stm32f7xx_hal_dma.o" --specs=nano.specs -mfpu=fpv5-sp-d16 -mfloat-abi=hard -mthumb -o "Drivers/STM32F7xx_HAL_Driver/Src/stm32f7xx_hal_dma.o"
arm-none-eabi-gcc "../Drivers/STM32F7xx_HAL_Driver/Src/stm32f7xx_hal_dma_ex.c" -mcpu=cortex-m7 -std=gnu11 -g -DDEBUG -DUSE_HAL_DRIVER -DSTM32F750xx -c -I../Drivers/CMSIS/Include -I"/Users/siemen/repos/rtos_course/RTOS_workspace/001Tasks/ThirdParty/FreeRTOS" -I"/Users/siemen/repos/rtos_course/RTOS_workspace/001Tasks/ThirdParty/SEGGER/Config" -I"/Users/siemen/repos/rtos_course/RTOS_workspace/001Tasks/ThirdParty/SEGGER/OS" -I"/Users/siemen/repos/rtos_course/RTOS_workspace/001Tasks/ThirdParty/SEGGER/SEGGER" -I"/Users/siemen/repos/rtos_course/RTOS_workspace/001Tasks/ThirdParty/FreeRTOS/include" -I"/Users/siemen/repos/rtos_course/RTOS_workspace/001Tasks/ThirdParty/FreeRTOS/portable/GCC/ARM_CM7/r0p1" -I../Drivers/CMSIS/Device/ST/STM32F7xx/Include -I../Core/Inc -I../Drivers/STM32F7xx_HAL_Driver/Inc -I../Drivers/STM32F7xx_HAL_Driver/Inc/Legacy -O0 -ffunction-sections -fdata-sections -Wall -fstack-usage -MMD -MP -MF"Drivers/STM32F7xx_HAL_Driver/Src/stm32f7xx_hal_dma_ex.d" -MT"Drivers/STM32F7xx_HAL_Driver/Src/stm32f7xx_hal_dma_ex.o" --specs=nano.specs -mfpu=fpv5-sp-d16 -mfloat-abi=hard -mthumb -o "Drivers/STM32F7xx_HAL_Driver/Src/stm32f7xx_hal_dma_ex.o"
arm-none-eabi-gcc "../Drivers/STM32F7xx_HAL_Driver/Src/stm32f7xx_hal_exti.c" -mcpu=cortex-m7 -std=gnu11 -g -DDEBUG -DUSE_HAL_DRIVER -DSTM32F750xx -c -I../Drivers/CMSIS/Include -I"/Users/siemen/repos/rtos_course/RTOS_workspace/001Tasks/ThirdParty/FreeRTOS" -I"/Users/siemen/repos/rtos_course/RTOS_workspace/001Tasks/ThirdParty/SEGGER/Config" -I"/Users/siemen/repos/rtos_course/RTOS_workspace/001Tasks/ThirdParty/SEGGER/OS" -I"/Users/siemen/repos/rtos_course/RTOS_workspace/001Tasks/ThirdParty/SEGGER/SEGGER" -I"/Users/siemen/repos/rtos_course/RTOS_workspace/001Tasks/ThirdParty/FreeRTOS/include" -I"/Users/siemen/repos/rtos_course/RTOS_workspace/001Tasks/ThirdParty/FreeRTOS/portable/GCC/ARM_CM7/r0p1" -I../Drivers/CMSIS/Device/ST/STM32F7xx/Include -I../Core/Inc -I../Drivers/STM32F7xx_HAL_Driver/Inc -I../Drivers/STM32F7xx_HAL_Driver/Inc/Legacy -O0 -ffunction-sections -fdata-sections -Wall -fstack-usage -MMD -MP -MF"Drivers/STM32F7xx_HAL_Driver/Src/stm32f7xx_hal_exti.d" -MT"Drivers/STM32F7xx_HAL_Driver/Src/stm32f7xx_hal_exti.o" --specs=nano.specs -mfpu=fpv5-sp-d16 -mfloat-abi=hard -mthumb -o "Drivers/STM32F7xx_HAL_Driver/Src/stm32f7xx_hal_exti.o"
[...]
Finished building target: 001Tasks.elf
 
arm-none-eabi-objdump -h -S  001Tasks.elf  > "001Tasks.list"
arm-none-eabi-objcopy  -O binary  001Tasks.elf  "001Tasks.bin"
arm-none-eabi-size   001Tasks.elf 
   text	   data	    bss	    dec	    hex	filename
  31656	    136	  54984	  86776	  152f8	001Tasks.elf
Finished building: default.size.stdout
 
Finished building: 001Tasks.bin
 
Finished building: 001Tasks.list
 
09:48:25 **** Incremental Build of configuration Debug for project 001Tasks ****
make -j7 all 
arm-none-eabi-size   001Tasks.elf 
   text	   data	    bss	    dec	    hex	filename
  31656	    136	  54984	  86776	  152f8	001Tasks.elf
Finished building: default.size.stdout
 
09:49:25 **** Incremental Build of configuration Debug for project 001Tasks ****
make -j7 all 
arm-none-eabi-gcc "../Core/Src/main.c" -mcpu=cortex-m7 -std=gnu11 -g -DDEBUG -DUSE_HAL_DRIVER -DSTM32F750xx -c -I../Drivers/CMSIS/Include -I"/Users/siemen/repos/rtos_course/RTOS_workspace/001Tasks/ThirdParty/FreeRTOS" -I"/Users/siemen/repos/rtos_course/RTOS_workspace/001Tasks/ThirdParty/SEGGER/Config" -I"/Users/siemen/repos/rtos_course/RTOS_workspace/001Tasks/ThirdParty/SEGGER/OS" -I"/Users/siemen/repos/rtos_course/RTOS_workspace/001Tasks/ThirdParty/SEGGER/SEGGER" -I"/Users/siemen/repos/rtos_course/RTOS_workspace/001Tasks/ThirdParty/FreeRTOS/include" -I"/Users/siemen/repos/rtos_course/RTOS_workspace/001Tasks/ThirdParty/FreeRTOS/portable/GCC/ARM_CM7/r0p1" -I../Drivers/CMSIS/Device/ST/STM32F7xx/Include -I../Core/Inc -I../Drivers/STM32F7xx_HAL_Driver/Inc -I../Drivers/STM32F7xx_HAL_Driver/Inc/Legacy -O0 -ffunction-sections -fdata-sections -Wall -fstack-usage -MMD -MP -MF"Core/Src/main.d" -MT"Core/Src/main.o" --specs=nano.specs -mfpu=fpv5-sp-d16 -mfloat-abi=hard -mthumb -o "Core/Src/main.o"
arm-none-eabi-gcc -o "001Tasks.elf" @"objects.list"   -mcpu=cortex-m7 -T"/Users/siemen/repos/rtos_course/RTOS_workspace/001Tasks/STM32F750N8HX_FLASH.ld" --specs=nosys.specs -Wl,-Map="001Tasks.map" -Wl,--gc-sections -static --specs=nano.specs -mfpu=fpv5-sp-d16 -mfloat-abi=hard -mthumb -Wl,--start-group -lc -lm -Wl,--end-group
Finished building target: 001Tasks.elf
 
arm-none-eabi-objdump -h -S  001Tasks.elf  > "001Tasks.list"
arm-none-eabi-objcopy  -O binary  001Tasks.elf  "001Tasks.bin"
arm-none-eabi-size   001Tasks.elf 
   text	   data	    bss	    dec	    hex	filename
  31640	    136	  54984	  86760	  152e8	001Tasks.elf
Finished building: default.size.stdout
 
Finished building: 001Tasks.bin
 
Finished building: 001Tasks.list
 
09:51:20 **** Incremental Build of configuration Debug for project 001Tasks ****
make -j7 all 
arm-none-eabi-gcc "../Core/Src/main.c" -mcpu=cortex-m7 -std=gnu11 -g -DDEBUG -DUSE_HAL_DRIVER -DSTM32F750xx -c -I../Drivers/CMSIS/Include -I"/Users/siemen/repos/rtos_course/RTOS_workspace/001Tasks/ThirdParty/FreeRTOS" -I"/Users/siemen/repos/rtos_course/RTOS_workspace/001Tasks/ThirdParty/SEGGER/Config" -I"/Users/siemen/repos/rtos_course/RTOS_workspace/001Tasks/ThirdParty/SEGGER/OS" -I"/Users/siemen/repos/rtos_course/RTOS_workspace/001Tasks/ThirdParty/SEGGER/SEGGER" -I"/Users/siemen/repos/rtos_course/RTOS_workspace/001Tasks/ThirdParty/FreeRTOS/include" -I"/Users/siemen/repos/rtos_course/RTOS_workspace/001Tasks/ThirdParty/FreeRTOS/portable/GCC/ARM_CM7/r0p1" -I../Drivers/CMSIS/Device/ST/STM32F7xx/Include -I../Core/Inc -I../Drivers/STM32F7xx_HAL_Driver/Inc -I../Drivers/STM32F7xx_HAL_Driver/Inc/Legacy -O0 -ffunction-sections -fdata-sections -Wall -fstack-usage -MMD -MP -MF"Core/Src/main.d" -MT"Core/Src/main.o" --specs=nano.specs -mfpu=fpv5-sp-d16 -mfloat-abi=hard -mthumb -o "Core/Src/main.o"
arm-none-eabi-gcc "../ThirdParty/SEGGER/SEGGER/SEGGER_SYSVIEW.c" -mcpu=cortex-m7 -std=gnu11 -g -DDEBUG -DUSE_HAL_DRIVER -DSTM32F750xx -c -I../Core/Inc -I"/Users/siemen/repos/rtos_course/RTOS_workspace/001Tasks/ThirdParty/FreeRTOS/portable/GCC/ARM_CM7/r0p1" -I"/Users/siemen/repos/rtos_course/RTOS_workspace/001Tasks/ThirdParty/FreeRTOS" -I"/Users/siemen/repos/rtos_course/RTOS_workspace/001Tasks/ThirdParty/FreeRTOS/portable/GCC/ARM_CM7" -I"/Users/siemen/repos/rtos_course/RTOS_workspace/001Tasks/ThirdParty/FreeRTOS/include" -I../Drivers/STM32F7xx_HAL_Driver/Inc -I../Drivers/STM32F7xx_HAL_Driver/Inc/Legacy -I../Drivers/CMSIS/Device/ST/STM32F7xx/Include -I../Drivers/CMSIS/Include -O0 -ffunction-sections -fdata-sections -Wall -fstack-usage -MMD -MP -MF"ThirdParty/SEGGER/SEGGER/SEGGER_SYSVIEW.d" -MT"ThirdParty/SEGGER/SEGGER/SEGGER_SYSVIEW.o" --specs=nano.specs -mfpu=fpv5-sp-d16 -mfloat-abi=hard -mthumb -o "ThirdParty/SEGGER/SEGGER/SEGGER_SYSVIEW.o"
arm-none-eabi-gcc "../ThirdParty/SEGGER/OS/SEGGER_SYSVIEW_FreeRTOS.c" -mcpu=cortex-m7 -std=gnu11 -g -DDEBUG -DUSE_HAL_DRIVER -DSTM32F750xx -c -I../Core/Inc -I"/Users/siemen/repos/rtos_course/RTOS_workspace/001Tasks/ThirdParty/FreeRTOS/portable/GCC/ARM_CM7/r0p1" -I"/Users/siemen/repos/rtos_course/RTOS_workspace/001Tasks/ThirdParty/FreeRTOS" -I"/Users/siemen/repos/rtos_course/RTOS_workspace/001Tasks/ThirdParty/FreeRTOS/portable/GCC/ARM_CM7" -I"/Users/siemen/repos/rtos_course/RTOS_workspace/001Tasks/ThirdParty/FreeRTOS/include" -I../Drivers/STM32F7xx_HAL_Driver/Inc -I../Drivers/STM32F7xx_HAL_Driver/Inc/Legacy -I../Drivers/CMSIS/Device/ST/STM32F7xx/Include -I../Drivers/CMSIS/Include -O0 -ffunction-sections -fdata-sections -Wall -fstack-usage -MMD -MP -MF"ThirdParty/SEGGER/OS/SEGGER_SYSVIEW_FreeRTOS.d" -MT"ThirdParty/SEGGER/OS/SEGGER_SYSVIEW_FreeRTOS.o" --specs=nano.specs -mfpu=fpv5-sp-d16 -mfloat-abi=hard -mthumb -o "ThirdParty/SEGGER/OS/SEGGER_SYSVIEW_FreeRTOS.o"
arm-none-eabi-gcc "../ThirdParty/SEGGER/Config/SEGGER_SYSVIEW_Config_FreeRTOS.c" -mcpu=cortex-m7 -std=gnu11 -g -DDEBUG -DUSE_HAL_DRIVER -DSTM32F750xx -c -I../Core/Inc -I"/Users/siemen/repos/rtos_course/RTOS_workspace/001Tasks/ThirdParty/FreeRTOS/portable/GCC/ARM_CM7/r0p1" -I"/Users/siemen/repos/rtos_course/RTOS_workspace/001Tasks/ThirdParty/FreeRTOS" -I"/Users/siemen/repos/rtos_course/RTOS_workspace/001Tasks/ThirdParty/FreeRTOS/portable/GCC/ARM_CM7" -I"/Users/siemen/repos/rtos_course/RTOS_workspace/001Tasks/ThirdParty/FreeRTOS/include" -I../Drivers/STM32F7xx_HAL_Driver/Inc -I../Drivers/STM32F7xx_HAL_Driver/Inc/Legacy -I../Drivers/CMSIS/Device/ST/STM32F7xx/Include -I../Drivers/CMSIS/Include -O0 -ffunction-sections -fdata-sections -Wall -fstack-usage -MMD -MP -MF"ThirdParty/SEGGER/Config/SEGGER_SYSVIEW_Config_FreeRTOS.d" -MT"ThirdParty/SEGGER/Config/SEGGER_SYSVIEW_Config_FreeRTOS.o" --specs=nano.specs -mfpu=fpv5-sp-d16 -mfloat-abi=hard -mthumb -o "ThirdParty/SEGGER/Config/SEGGER_SYSVIEW_Config_FreeRTOS.o"
arm-none-eabi-gcc "../ThirdParty/FreeRTOS/portable/MemMang/heap_4.c" -mcpu=cortex-m7 -std=gnu11 -g -DDEBUG -DUSE_HAL_DRIVER -DSTM32F750xx -c -I../Drivers/CMSIS/Include -I"/Users/siemen/repos/rtos_course/RTOS_workspace/001Tasks/ThirdParty/FreeRTOS" -I"/Users/siemen/repos/rtos_course/RTOS_workspace/001Tasks/ThirdParty/SEGGER/Config" -I"/Users/siemen/repos/rtos_course/RTOS_workspace/001Tasks/ThirdParty/SEGGER/OS" -I"/Users/siemen/repos/rtos_course/RTOS_workspace/001Tasks/ThirdParty/SEGGER/SEGGER" -I"/Users/siemen/repos/rtos_course/RTOS_workspace/001Tasks/ThirdParty/FreeRTOS/include" -I"/Users/siemen/repos/rtos_course/RTOS_workspace/001Tasks/ThirdParty/FreeRTOS/portable/GCC/ARM_CM7/r0p1" -I../Drivers/CMSIS/Device/ST/STM32F7xx/Include -I../Core/Inc -I../Drivers/STM32F7xx_HAL_Driver/Inc -I../Drivers/STM32F7xx_HAL_Driver/Inc/Legacy -O0 -ffunction-sections -fdata-sections -Wall -fstack-usage -MMD -MP -MF"ThirdParty/FreeRTOS/portable/MemMang/heap_4.d" -MT"ThirdParty/FreeRTOS/portable/MemMang/heap_4.o" --specs=nano.specs -mfpu=fpv5-sp-d16 -mfloat-abi=hard -mthumb -o "ThirdParty/FreeRTOS/portable/MemMang/heap_4.o"
arm-none-eabi-gcc "../ThirdParty/FreeRTOS/portable/GCC/ARM_CM7/r0p1/port.c" -mcpu=cortex-m7 -std=gnu11 -g -DDEBUG -DUSE_HAL_DRIVER -DSTM32F750xx -c -I../Drivers/CMSIS/Include -I"/Users/siemen/repos/rtos_course/RTOS_workspace/001Tasks/ThirdParty/FreeRTOS" -I"/Users/siemen/repos/rtos_course/RTOS_workspace/001Tasks/ThirdParty/SEGGER/Config" -I"/Users/siemen/repos/rtos_course/RTOS_workspace/001Tasks/ThirdParty/SEGGER/OS" -I"/Users/siemen/repos/rtos_course/RTOS_workspace/001Tasks/ThirdParty/SEGGER/SEGGER" -I"/Users/siemen/repos/rtos_course/RTOS_workspace/001Tasks/ThirdParty/FreeRTOS/include" -I"/Users/siemen/repos/rtos_course/RTOS_workspace/001Tasks/ThirdParty/FreeRTOS/portable/GCC/ARM_CM7/r0p1" -I../Drivers/CMSIS/Device/ST/STM32F7xx/Include -I../Core/Inc -I../Drivers/STM32F7xx_HAL_Driver/Inc -I../Drivers/STM32F7xx_HAL_Driver/Inc/Legacy -O0 -ffunction-sections -fdata-sections -Wall -fstack-usage -MMD -MP -MF"ThirdParty/FreeRTOS/portable/GCC/ARM_CM7/r0p1/port.d" -MT"ThirdParty/FreeRTOS/portable/GCC/ARM_CM7/r0p1/port.o" --specs=nano.specs -mfpu=fpv5-sp-d16 -mfloat-abi=hard -mthumb -o "ThirdParty/FreeRTOS/portable/GCC/ARM_CM7/r0p1/port.o"
arm-none-eabi-gcc "../ThirdParty/FreeRTOS/croutine.c" -mcpu=cortex-m7 -std=gnu11 -g -DDEBUG -DUSE_HAL_DRIVER -DSTM32F750xx -c -I../Drivers/CMSIS/Include -I"/Users/siemen/repos/rtos_course/RTOS_workspace/001Tasks/ThirdParty/FreeRTOS" -I"/Users/siemen/repos/rtos_course/RTOS_workspace/001Tasks/ThirdParty/SEGGER/Config" -I"/Users/siemen/repos/rtos_course/RTOS_workspace/001Tasks/ThirdParty/SEGGER/OS" -I"/Users/siemen/repos/rtos_course/RTOS_workspace/001Tasks/ThirdParty/SEGGER/SEGGER" -I"/Users/siemen/repos/rtos_course/RTOS_workspace/001Tasks/ThirdParty/FreeRTOS/include" -I"/Users/siemen/repos/rtos_course/RTOS_workspace/001Tasks/ThirdParty/FreeRTOS/portable/GCC/ARM_CM7/r0p1" -I../Drivers/CMSIS/Device/ST/STM32F7xx/Include -I../Core/Inc -I../Drivers/STM32F7xx_HAL_Driver/Inc -I../Drivers/STM32F7xx_HAL_Driver/Inc/Legacy -O0 -ffunction-sections -fdata-sections -Wall -fstack-usage -MMD -MP -MF"ThirdParty/FreeRTOS/croutine.d" -MT"ThirdParty/FreeRTOS/croutine.o" --specs=nano.specs -mfpu=fpv5-sp-d16 -mfloat-abi=hard -mthumb -o "ThirdParty/FreeRTOS/croutine.o"
arm-none-eabi-gcc "../ThirdParty/FreeRTOS/event_groups.c" -mcpu=cortex-m7 -std=gnu11 -g -DDEBUG -DUSE_HAL_DRIVER -DSTM32F750xx -c -I../Drivers/CMSIS/Include -I"/Users/siemen/repos/rtos_course/RTOS_workspace/001Tasks/ThirdParty/FreeRTOS" -I"/Users/siemen/repos/rtos_course/RTOS_workspace/001Tasks/ThirdParty/SEGGER/Config" -I"/Users/siemen/repos/rtos_course/RTOS_workspace/001Tasks/ThirdParty/SEGGER/OS" -I"/Users/siemen/repos/rtos_course/RTOS_workspace/001Tasks/ThirdParty/SEGGER/SEGGER" -I"/Users/siemen/repos/rtos_course/RTOS_workspace/001Tasks/ThirdParty/FreeRTOS/include" -I"/Users/siemen/repos/rtos_course/RTOS_workspace/001Tasks/ThirdParty/FreeRTOS/portable/GCC/ARM_CM7/r0p1" -I../Drivers/CMSIS/Device/ST/STM32F7xx/Include -I../Core/Inc -I../Drivers/STM32F7xx_HAL_Driver/Inc -I../Drivers/STM32F7xx_HAL_Driver/Inc/Legacy -O0 -ffunction-sections -fdata-sections -Wall -fstack-usage -MMD -MP -MF"ThirdParty/FreeRTOS/event_groups.d" -MT"ThirdParty/FreeRTOS/event_groups.o" --specs=nano.specs -mfpu=fpv5-sp-d16 -mfloat-abi=hard -mthumb -o "ThirdParty/FreeRTOS/event_groups.o"
arm-none-eabi-gcc "../ThirdParty/FreeRTOS/list.c" -mcpu=cortex-m7 -std=gnu11 -g -DDEBUG -DUSE_HAL_DRIVER -DSTM32F750xx -c -I../Drivers/CMSIS/Include -I"/Users/siemen/repos/rtos_course/RTOS_workspace/001Tasks/ThirdParty/FreeRTOS" -I"/Users/siemen/repos/rtos_course/RTOS_workspace/001Tasks/ThirdParty/SEGGER/Config" -I"/Users/siemen/repos/rtos_course/RTOS_workspace/001Tasks/ThirdParty/SEGGER/OS" -I"/Users/siemen/repos/rtos_course/RTOS_workspace/001Tasks/ThirdParty/SEGGER/SEGGER" -I"/Users/siemen/repos/rtos_course/RTOS_workspace/001Tasks/ThirdParty/FreeRTOS/include" -I"/Users/siemen/repos/rtos_course/RTOS_workspace/001Tasks/ThirdParty/FreeRTOS/portable/GCC/ARM_CM7/r0p1" -I../Drivers/CMSIS/Device/ST/STM32F7xx/Include -I../Core/Inc -I../Drivers/STM32F7xx_HAL_Driver/Inc -I../Drivers/STM32F7xx_HAL_Driver/Inc/Legacy -O0 -ffunction-sections -fdata-sections -Wall -fstack-usage -MMD -MP -MF"ThirdParty/FreeRTOS/list.d" -MT"ThirdParty/FreeRTOS/list.o" --specs=nano.specs -mfpu=fpv5-sp-d16 -mfloat-abi=hard -mthumb -o "ThirdParty/FreeRTOS/list.o"
arm-none-eabi-gcc "../ThirdParty/FreeRTOS/queue.c" -mcpu=cortex-m7 -std=gnu11 -g -DDEBUG -DUSE_HAL_DRIVER -DSTM32F750xx -c -I../Drivers/CMSIS/Include -I"/Users/siemen/repos/rtos_course/RTOS_workspace/001Tasks/ThirdParty/FreeRTOS" -I"/Users/siemen/repos/rtos_course/RTOS_workspace/001Tasks/ThirdParty/SEGGER/Config" -I"/Users/siemen/repos/rtos_course/RTOS_workspace/001Tasks/ThirdParty/SEGGER/OS" -I"/Users/siemen/repos/rtos_course/RTOS_workspace/001Tasks/ThirdParty/SEGGER/SEGGER" -I"/Users/siemen/repos/rtos_course/RTOS_workspace/001Tasks/ThirdParty/FreeRTOS/include" -I"/Users/siemen/repos/rtos_course/RTOS_workspace/001Tasks/ThirdParty/FreeRTOS/portable/GCC/ARM_CM7/r0p1" -I../Drivers/CMSIS/Device/ST/STM32F7xx/Include -I../Core/Inc -I../Drivers/STM32F7xx_HAL_Driver/Inc -I../Drivers/STM32F7xx_HAL_Driver/Inc/Legacy -O0 -ffunction-sections -fdata-sections -Wall -fstack-usage -MMD -MP -MF"ThirdParty/FreeRTOS/queue.d" -MT"ThirdParty/FreeRTOS/queue.o" --specs=nano.specs -mfpu=fpv5-sp-d16 -mfloat-abi=hard -mthumb -o "ThirdParty/FreeRTOS/queue.o"
arm-none-eabi-gcc "../ThirdParty/FreeRTOS/stream_buffer.c" -mcpu=cortex-m7 -std=gnu11 -g -DDEBUG -DUSE_HAL_DRIVER -DSTM32F750xx -c -I../Drivers/CMSIS/Include -I"/Users/siemen/repos/rtos_course/RTOS_workspace/001Tasks/ThirdParty/FreeRTOS" -I"/Users/siemen/repos/rtos_course/RTOS_workspace/001Tasks/ThirdParty/SEGGER/Config" -I"/Users/siemen/repos/rtos_course/RTOS_workspace/001Tasks/ThirdParty/SEGGER/OS" -I"/Users/siemen/repos/rtos_course/RTOS_workspace/001Tasks/ThirdParty/SEGGER/SEGGER" -I"/Users/siemen/repos/rtos_course/RTOS_workspace/001Tasks/ThirdParty/FreeRTOS/include" -I"/Users/siemen/repos/rtos_course/RTOS_workspace/001Tasks/ThirdParty/FreeRTOS/portable/GCC/ARM_CM7/r0p1" -I../Drivers/CMSIS/Device/ST/STM32F7xx/Include -I../Core/Inc -I../Drivers/STM32F7xx_HAL_Driver/Inc -I../Drivers/STM32F7xx_HAL_Driver/Inc/Legacy -O0 -ffunction-sections -fdata-sections -Wall -fstack-usage -MMD -MP -MF"ThirdParty/FreeRTOS/stream_buffer.d" -MT"ThirdParty/FreeRTOS/stream_buffer.o" --specs=nano.specs -mfpu=fpv5-sp-d16 -mfloat-abi=hard -mthumb -o "ThirdParty/FreeRTOS/stream_buffer.o"
arm-none-eabi-gcc "../ThirdParty/FreeRTOS/tasks.c" -mcpu=cortex-m7 -std=gnu11 -g -DDEBUG -DUSE_HAL_DRIVER -DSTM32F750xx -c -I../Drivers/CMSIS/Include -I"/Users/siemen/repos/rtos_course/RTOS_workspace/001Tasks/ThirdParty/FreeRTOS" -I"/Users/siemen/repos/rtos_course/RTOS_workspace/001Tasks/ThirdParty/SEGGER/Config" -I"/Users/siemen/repos/rtos_course/RTOS_workspace/001Tasks/ThirdParty/SEGGER/OS" -I"/Users/siemen/repos/rtos_course/RTOS_workspace/001Tasks/ThirdParty/SEGGER/SEGGER" -I"/Users/siemen/repos/rtos_course/RTOS_workspace/001Tasks/ThirdParty/FreeRTOS/include" -I"/Users/siemen/repos/rtos_course/RTOS_workspace/001Tasks/ThirdParty/FreeRTOS/portable/GCC/ARM_CM7/r0p1" -I../Drivers/CMSIS/Device/ST/STM32F7xx/Include -I../Core/Inc -I../Drivers/STM32F7xx_HAL_Driver/Inc -I../Drivers/STM32F7xx_HAL_Driver/Inc/Legacy -O0 -ffunction-sections -fdata-sections -Wall -fstack-usage -MMD -MP -MF"ThirdParty/FreeRTOS/tasks.d" -MT"ThirdParty/FreeRTOS/tasks.o" --specs=nano.specs -mfpu=fpv5-sp-d16 -mfloat-abi=hard -mthumb -o "ThirdParty/FreeRTOS/tasks.o"
arm-none-eabi-gcc "../ThirdParty/FreeRTOS/timers.c" -mcpu=cortex-m7 -std=gnu11 -g -DDEBUG -DUSE_HAL_DRIVER -DSTM32F750xx -c -I../Drivers/CMSIS/Include -I"/Users/siemen/repos/rtos_course/RTOS_workspace/001Tasks/ThirdParty/FreeRTOS" -I"/Users/siemen/repos/rtos_course/RTOS_workspace/001Tasks/ThirdParty/SEGGER/Config" -I"/Users/siemen/repos/rtos_course/RTOS_workspace/001Tasks/ThirdParty/SEGGER/OS" -I"/Users/siemen/repos/rtos_course/RTOS_workspace/001Tasks/ThirdParty/SEGGER/SEGGER" -I"/Users/siemen/repos/rtos_course/RTOS_workspace/001Tasks/ThirdParty/FreeRTOS/include" -I"/Users/siemen/repos/rtos_course/RTOS_workspace/001Tasks/ThirdParty/FreeRTOS/portable/GCC/ARM_CM7/r0p1" -I../Drivers/CMSIS/Device/ST/STM32F7xx/Include -I../Core/Inc -I../Drivers/STM32F7xx_HAL_Driver/Inc -I../Drivers/STM32F7xx_HAL_Driver/Inc/Legacy -O0 -ffunction-sections -fdata-sections -Wall -fstack-usage -MMD -MP -MF"ThirdParty/FreeRTOS/timers.d" -MT"ThirdParty/FreeRTOS/timers.o" --specs=nano.specs -mfpu=fpv5-sp-d16 -mfloat-abi=hard -mthumb -o "ThirdParty/FreeRTOS/timers.o"
arm-none-eabi-gcc "../Core/Src/stm32f7xx_hal_msp.c" -mcpu=cortex-m7 -std=gnu11 -g -DDEBUG -DUSE_HAL_DRIVER -DSTM32F750xx -c -I../Drivers/CMSIS/Include -I"/Users/siemen/repos/rtos_course/RTOS_workspace/001Tasks/ThirdParty/FreeRTOS" -I"/Users/siemen/repos/rtos_course/RTOS_workspace/001Tasks/ThirdParty/SEGGER/Config" -I"/Users/siemen/repos/rtos_course/RTOS_workspace/001Tasks/ThirdParty/SEGGER/OS" -I"/Users/siemen/repos/rtos_course/RTOS_workspace/001Tasks/ThirdParty/SEGGER/SEGGER" -I"/Users/siemen/repos/rtos_course/RTOS_workspace/001Tasks/ThirdParty/FreeRTOS/include" -I"/Users/siemen/repos/rtos_course/RTOS_workspace/001Tasks/ThirdParty/FreeRTOS/portable/GCC/ARM_CM7/r0p1" -I../Drivers/CMSIS/Device/ST/STM32F7xx/Include -I../Core/Inc -I../Drivers/STM32F7xx_HAL_Driver/Inc -I../Drivers/STM32F7xx_HAL_Driver/Inc/Legacy -O0 -ffunction-sections -fdata-sections -Wall -fstack-usage -MMD -MP -MF"Core/Src/stm32f7xx_hal_msp.d" -MT"Core/Src/stm32f7xx_hal_msp.o" --specs=nano.specs -mfpu=fpv5-sp-d16 -mfloat-abi=hard -mthumb -o "Core/Src/stm32f7xx_hal_msp.o"
arm-none-eabi-gcc -o "001Tasks.elf" @"objects.list"   -mcpu=cortex-m7 -T"/Users/siemen/repos/rtos_course/RTOS_workspace/001Tasks/STM32F750N8HX_FLASH.ld" --specs=nosys.specs -Wl,-Map="001Tasks.map" -Wl,--gc-sections -static --specs=nano.specs -mfpu=fpv5-sp-d16 -mfloat-abi=hard -mthumb -Wl,--start-group -lc -lm -Wl,--end-group
Finished building target: 001Tasks.elf
 
arm-none-eabi-objdump -h -S  001Tasks.elf  > "001Tasks.list"
arm-none-eabi-objcopy  -O binary  001Tasks.elf  "001Tasks.bin"
arm-none-eabi-size   001Tasks.elf 
   text	   data	    bss	    dec	    hex	filename
  31528	    136	  54984	  86648	  15278	001Tasks.elf
Finished building: default.size.stdout
 
Finished building: 001Tasks.bin
 
Finished building: 001Tasks.list
 
09:51:25 **** Incremental Build of configuration Debug for project 001Tasks ****
make -j7 all 
arm-none-eabi-gcc "../Core/Src/main.c" -mcpu=cortex-m7 -std=gnu11 -g -DDEBUG -DUSE_HAL_DRIVER -DSTM32F750xx -c -I../Drivers/CMSIS/Include -I"/Users/siemen/repos/rtos_course/RTOS_workspace/001Tasks/ThirdParty/FreeRTOS" -I"/Users/siemen/repos/rtos_course/RTOS_workspace/001Tasks/ThirdParty/SEGGER/Config" -I"/Users/siemen/repos/rtos_course/RTOS_workspace/001Tasks/ThirdParty/SEGGER/OS" -I"/Users/siemen/repos/rtos_course/RTOS_workspace/001Tasks/ThirdParty/SEGGER/SEGGER" -I"/Users/siemen/repos/rtos_course/RTOS_workspace/001Tasks/ThirdParty/FreeRTOS/include" -I"/Users/siemen/repos/rtos_course/RTOS_workspace/001Tasks/ThirdParty/FreeRTOS/portable/GCC/ARM_CM7/r0p1" -I../Drivers/CMSIS/Device/ST/STM32F7xx/Include -I../Core/Inc -I../Drivers/STM32F7xx_HAL_Driver/Inc -I../Drivers/STM32F7xx_HAL_Driver/Inc/Legacy -O0 -ffunction-sections -fdata-sections -Wall -fstack-usage -MMD -MP -MF"Core/Src/main.d" -MT"Core/Src/main.o" --specs=nano.specs -mfpu=fpv5-sp-d16 -mfloat-abi=hard -mthumb -o "Core/Src/main.o"
arm-none-eabi-gcc -o "001Tasks.elf" @"objects.list"   -mcpu=cortex-m7 -T"/Users/siemen/repos/rtos_course/RTOS_workspace/001Tasks/STM32F750N8HX_FLASH.ld" --specs=nosys.specs -Wl,-Map="001Tasks.map" -Wl,--gc-sections -static --specs=nano.specs -mfpu=fpv5-sp-d16 -mfloat-abi=hard -mthumb -Wl,--start-group -lc -lm -Wl,--end-group
Finished building target: 001Tasks.elf
 
arm-none-eabi-size   001Tasks.elf 
   text	   data	    bss	    dec	    hex	filename
  31528	    136	  54984	  86648	  15278	001Tasks.elf
Finished building: default.size.stdout
 
