14:38:03 **** Clean-only build of configuration Debug for project 001Tasks ****
make -j7 clean 
rm -rf *
 
14:38:06 **** Build of configuration Debug for project 001Tasks ****
make -j7 all 
arm-none-eabi-gcc "../ThirdParty/SEGGER/SEGGER/Syscalls/SEGGER_RTT_Syscalls_GCC.c" -mcpu=cortex-m7 -std=gnu11 -g -DDEBUG -DUSE_HAL_DRIVER -DSTM32F750xx -c -I../Core/Inc -I"/Users/siemen/repos/rtos_course/RTOS_workspace/001Tasks/ThirdParty/FreeRTOS/portable/GCC/ARM_CM7/r0p1" -I"/Users/siemen/repos/rtos_course/RTOS_workspace/001Tasks/ThirdParty/FreeRTOS" -I"/Users/siemen/repos/rtos_course/RTOS_workspace/001Tasks/ThirdParty/FreeRTOS/portable/GCC/ARM_CM7" -I"/Users/siemen/repos/rtos_course/RTOS_workspace/001Tasks/ThirdParty/FreeRTOS/include" -I../Drivers/STM32F7xx_HAL_Driver/Inc -I../Drivers/STM32F7xx_HAL_Driver/Inc/Legacy -I../Drivers/CMSIS/Device/ST/STM32F7xx/Include -I../Drivers/CMSIS/Include -O0 -ffunction-sections -fdata-sections -Wall -fstack-usage -MMD -MP -MF"ThirdParty/SEGGER/SEGGER/Syscalls/SEGGER_RTT_Syscalls_GCC.d" -MT"ThirdParty/SEGGER/SEGGER/Syscalls/SEGGER_RTT_Syscalls_GCC.o" --specs=nano.specs -mfpu=fpv5-sp-d16 -mfloat-abi=hard -mthumb -o "ThirdParty/SEGGER/SEGGER/Syscalls/SEGGER_RTT_Syscalls_GCC.o"
arm-none-eabi-gcc "../ThirdParty/SEGGER/SEGGER/SEGGER_RTT.c" -mcpu=cortex-m7 -std=gnu11 -g -DDEBUG -DUSE_HAL_DRIVER -DSTM32F750xx -c -I../Core/Inc -I"/Users/siemen/repos/rtos_course/RTOS_workspace/001Tasks/ThirdParty/FreeRTOS/portable/GCC/ARM_CM7/r0p1" -I"/Users/siemen/repos/rtos_course/RTOS_workspace/001Tasks/ThirdParty/FreeRTOS" -I"/Users/siemen/repos/rtos_course/RTOS_workspace/001Tasks/ThirdParty/FreeRTOS/portable/GCC/ARM_CM7" -I"/Users/siemen/repos/rtos_course/RTOS_workspace/001Tasks/ThirdParty/FreeRTOS/include" -I../Drivers/STM32F7xx_HAL_Driver/Inc -I../Drivers/STM32F7xx_HAL_Driver/Inc/Legacy -I../Drivers/CMSIS/Device/ST/STM32F7xx/Include -I../Drivers/CMSIS/Include -O0 -ffunction-sections -fdata-sections -Wall -fstack-usage -MMD -MP -MF"ThirdParty/SEGGER/SEGGER/SEGGER_RTT.d" -MT"ThirdParty/SEGGER/SEGGER/SEGGER_RTT.o" --specs=nano.specs -mfpu=fpv5-sp-d16 -mfloat-abi=hard -mthumb -o "ThirdParty/SEGGER/SEGGER/SEGGER_RTT.o"
arm-none-eabi-gcc -mcpu=cortex-m7 -g -c -I"/Users/siemen/repos/rtos_course/RTOS_workspace/001Tasks/ThirdParty/SEGGER/Config" -x assembler-with-cpp -MMD -MP -MF"ThirdParty/SEGGER/SEGGER/SEGGER_RTT_ASM_ARMv7M.d" -MT"ThirdParty/SEGGER/SEGGER/SEGGER_RTT_ASM_ARMv7M.o" --specs=nano.specs -mfpu=fpv5-sp-d16 -mfloat-abi=hard -mthumb -o "ThirdParty/SEGGER/SEGGER/SEGGER_RTT_ASM_ARMv7M.o" "../ThirdParty/SEGGER/SEGGER/SEGGER_RTT_ASM_ARMv7M.S"
arm-none-eabi-gcc "../ThirdParty/SEGGER/SEGGER/SEGGER_RTT_printf.c" -mcpu=cortex-m7 -std=gnu11 -g -DDEBUG -DUSE_HAL_DRIVER -DSTM32F750xx -c -I../Core/Inc -I"/Users/siemen/repos/rtos_course/RTOS_workspace/001Tasks/ThirdParty/FreeRTOS/portable/GCC/ARM_CM7/r0p1" -I"/Users/siemen/repos/rtos_course/RTOS_workspace/001Tasks/ThirdParty/FreeRTOS" -I"/Users/siemen/repos/rtos_course/RTOS_workspace/001Tasks/ThirdParty/FreeRTOS/portable/GCC/ARM_CM7" -I"/Users/siemen/repos/rtos_course/RTOS_workspace/001Tasks/ThirdParty/FreeRTOS/include" -I../Drivers/STM32F7xx_HAL_Driver/Inc -I../Drivers/STM32F7xx_HAL_Driver/Inc/Legacy -I../Drivers/CMSIS/Device/ST/STM32F7xx/Include -I../Drivers/CMSIS/Include -O0 -ffunction-sections -fdata-sections -Wall -fstack-usage -MMD -MP -MF"ThirdParty/SEGGER/SEGGER/SEGGER_RTT_printf.d" -MT"ThirdParty/SEGGER/SEGGER/SEGGER_RTT_printf.o" --specs=nano.specs -mfpu=fpv5-sp-d16 -mfloat-abi=hard -mthumb -o "ThirdParty/SEGGER/SEGGER/SEGGER_RTT_printf.o"
arm-none-eabi-gcc "../ThirdParty/SEGGER/SEGGER/SEGGER_SYSVIEW.c" -mcpu=cortex-m7 -std=gnu11 -g -DDEBUG -DUSE_HAL_DRIVER -DSTM32F750xx -c -I../Core/Inc -I"/Users/siemen/repos/rtos_course/RTOS_workspace/001Tasks/ThirdParty/FreeRTOS/portable/GCC/ARM_CM7/r0p1" -I"/Users/siemen/repos/rtos_course/RTOS_workspace/001Tasks/ThirdParty/FreeRTOS" -I"/Users/siemen/repos/rtos_course/RTOS_workspace/001Tasks/ThirdParty/FreeRTOS/portable/GCC/ARM_CM7" -I"/Users/siemen/repos/rtos_course/RTOS_workspace/001Tasks/ThirdParty/FreeRTOS/include" -I../Drivers/STM32F7xx_HAL_Driver/Inc -I../Drivers/STM32F7xx_HAL_Driver/Inc/Legacy -I../Drivers/CMSIS/Device/ST/STM32F7xx/Include -I../Drivers/CMSIS/Include -O0 -ffunction-sections -fdata-sections -Wall -fstack-usage -MMD -MP -MF"ThirdParty/SEGGER/SEGGER/SEGGER_SYSVIEW.d" -MT"ThirdParty/SEGGER/SEGGER/SEGGER_SYSVIEW.o" --specs=nano.specs -mfpu=fpv5-sp-d16 -mfloat-abi=hard -mthumb -o "ThirdParty/SEGGER/SEGGER/SEGGER_SYSVIEW.o"
arm-none-eabi-gcc "../ThirdParty/SEGGER/OS/SEGGER_SYSVIEW_FreeRTOS.c" -mcpu=cortex-m7 -std=gnu11 -g -DDEBUG -DUSE_HAL_DRIVER -DSTM32F750xx -c -I../Core/Inc -I"/Users/siemen/repos/rtos_course/RTOS_workspace/001Tasks/ThirdParty/FreeRTOS/portable/GCC/ARM_CM7/r0p1" -I"/Users/siemen/repos/rtos_course/RTOS_workspace/001Tasks/ThirdParty/FreeRTOS" -I"/Users/siemen/repos/rtos_course/RTOS_workspace/001Tasks/ThirdParty/FreeRTOS/portable/GCC/ARM_CM7" -I"/Users/siemen/repos/rtos_course/RTOS_workspace/001Tasks/ThirdParty/FreeRTOS/include" -I../Drivers/STM32F7xx_HAL_Driver/Inc -I../Drivers/STM32F7xx_HAL_Driver/Inc/Legacy -I../Drivers/CMSIS/Device/ST/STM32F7xx/Include -I../Drivers/CMSIS/Include -O0 -ffunction-sections -fdata-sections -Wall -fstack-usage -MMD -MP -MF"ThirdParty/SEGGER/OS/SEGGER_SYSVIEW_FreeRTOS.d" -MT"ThirdParty/SEGGER/OS/SEGGER_SYSVIEW_FreeRTOS.o" --specs=nano.specs -mfpu=fpv5-sp-d16 -mfloat-abi=hard -mthumb -o "ThirdParty/SEGGER/OS/SEGGER_SYSVIEW_FreeRTOS.o"
arm-none-eabi-gcc "../ThirdParty/SEGGER/Config/SEGGER_SYSVIEW_Config_FreeRTOS.c" -mcpu=cortex-m7 -std=gnu11 -g -DDEBUG -DUSE_HAL_DRIVER -DSTM32F750xx -c -I../Core/Inc -I"/Users/siemen/repos/rtos_course/RTOS_workspace/001Tasks/ThirdParty/FreeRTOS/portable/GCC/ARM_CM7/r0p1" -I"/Users/siemen/repos/rtos_course/RTOS_workspace/001Tasks/ThirdParty/FreeRTOS" -I"/Users/siemen/repos/rtos_course/RTOS_workspace/001Tasks/ThirdParty/FreeRTOS/portable/GCC/ARM_CM7" -I"/Users/siemen/repos/rtos_course/RTOS_workspace/001Tasks/ThirdParty/FreeRTOS/include" -I../Drivers/STM32F7xx_HAL_Driver/Inc -I../Drivers/STM32F7xx_HAL_Driver/Inc/Legacy -I../Drivers/CMSIS/Device/ST/STM32F7xx/Include -I../Drivers/CMSIS/Include -O0 -ffunction-sections -fdata-sections -Wall -fstack-usage -MMD -MP -MF"ThirdParty/SEGGER/Config/SEGGER_SYSVIEW_Config_FreeRTOS.d" -MT"ThirdParty/SEGGER/Config/SEGGER_SYSVIEW_Config_FreeRTOS.o" --specs=nano.specs -mfpu=fpv5-sp-d16 -mfloat-abi=hard -mthumb -o "ThirdParty/SEGGER/Config/SEGGER_SYSVIEW_Config_FreeRTOS.o"
arm-none-eabi-gcc "../ThirdParty/FreeRTOS/portable/MemMang/heap_4.c" -mcpu=cortex-m7 -std=gnu11 -g -DDEBUG -DUSE_HAL_DRIVER -DSTM32F750xx -c -I../Drivers/CMSIS/Include -I"/Users/siemen/repos/rtos_course/RTOS_workspace/001Tasks/ThirdParty/FreeRTOS" -I"/Users/siemen/repos/rtos_course/RTOS_workspace/001Tasks/ThirdParty/SEGGER/Config" -I"/Users/siemen/repos/rtos_course/RTOS_workspace/001Tasks/ThirdParty/SEGGER/OS" -I"/Users/siemen/repos/rtos_course/RTOS_workspace/001Tasks/ThirdParty/SEGGER/SEGGER" -I"/Users/siemen/repos/rtos_course/RTOS_workspace/001Tasks/ThirdParty/FreeRTOS/include" -I"/Users/siemen/repos/rtos_course/RTOS_workspace/001Tasks/ThirdParty/FreeRTOS/portable/GCC/ARM_CM7/r0p1" -I../Drivers/CMSIS/Device/ST/STM32F7xx/Include -I../Core/Inc -I../Drivers/STM32F7xx_HAL_Driver/Inc -I../Drivers/STM32F7xx_HAL_Driver/Inc/Legacy -O0 -ffunction-sections -fdata-sections -Wall -fstack-usage -MMD -MP -MF"ThirdParty/FreeRTOS/portable/MemMang/heap_4.d" -MT"ThirdParty/FreeRTOS/portable/MemMang/heap_4.o" --specs=nano.specs -mfpu=fpv5-sp-d16 -mfloat-abi=hard -mthumb -o "ThirdParty/FreeRTOS/portable/MemMang/heap_4.o"
arm-none-eabi-gcc "../ThirdParty/FreeRTOS/portable/GCC/ARM_CM7/r0p1/port.c" -mcpu=cortex-m7 -std=gnu11 -g -DDEBUG -DUSE_HAL_DRIVER -DSTM32F750xx -c -I../Drivers/CMSIS/Include -I"/Users/siemen/repos/rtos_course/RTOS_workspace/001Tasks/ThirdParty/FreeRTOS" -I"/Users/siemen/repos/rtos_course/RTOS_workspace/001Tasks/ThirdParty/SEGGER/Config" -I"/Users/siemen/repos/rtos_course/RTOS_workspace/001Tasks/ThirdParty/SEGGER/OS" -I"/Users/siemen/repos/rtos_course/RTOS_workspace/001Tasks/ThirdParty/SEGGER/SEGGER" -I"/Users/siemen/repos/rtos_course/RTOS_workspace/001Tasks/ThirdParty/FreeRTOS/include" -I"/Users/siemen/repos/rtos_course/RTOS_workspace/001Tasks/ThirdParty/FreeRTOS/portable/GCC/ARM_CM7/r0p1" -I../Drivers/CMSIS/Device/ST/STM32F7xx/Include -I../Core/Inc -I../Drivers/STM32F7xx_HAL_Driver/Inc -I../Drivers/STM32F7xx_HAL_Driver/Inc/Legacy -O0 -ffunction-sections -fdata-sections -Wall -fstack-usage -MMD -MP -MF"ThirdParty/FreeRTOS/portable/GCC/ARM_CM7/r0p1/port.d" -MT"ThirdParty/FreeRTOS/portable/GCC/ARM_CM7/r0p1/port.o" --specs=nano.specs -mfpu=fpv5-sp-d16 -mfloat-abi=hard -mthumb -o "ThirdParty/FreeRTOS/portable/GCC/ARM_CM7/r0p1/port.o"
arm-none-eabi-gcc "../ThirdParty/FreeRTOS/croutine.c" -mcpu=cortex-m7 -std=gnu11 -g -DDEBUG -DUSE_HAL_DRIVER -DSTM32F750xx -c -I../Drivers/CMSIS/Include -I"/Users/siemen/repos/rtos_course/RTOS_workspace/001Tasks/ThirdParty/FreeRTOS" -I"/Users/siemen/repos/rtos_course/RTOS_workspace/001Tasks/ThirdParty/SEGGER/Config" -I"/Users/siemen/repos/rtos_course/RTOS_workspace/001Tasks/ThirdParty/SEGGER/OS" -I"/Users/siemen/repos/rtos_course/RTOS_workspace/001Tasks/ThirdParty/SEGGER/SEGGER" -I"/Users/siemen/repos/rtos_course/RTOS_workspace/001Tasks/ThirdParty/FreeRTOS/include" -I"/Users/siemen/repos/rtos_course/RTOS_workspace/001Tasks/ThirdParty/FreeRTOS/portable/GCC/ARM_CM7/r0p1" -I../Drivers/CMSIS/Device/ST/STM32F7xx/Include -I../Core/Inc -I../Drivers/STM32F7xx_HAL_Driver/Inc -I../Drivers/STM32F7xx_HAL_Driver/Inc/Legacy -O0 -ffunction-sections -fdata-sections -Wall -fstack-usage -MMD -MP -MF"ThirdParty/FreeRTOS/croutine.d" -MT"ThirdParty/FreeRTOS/croutine.o" --specs=nano.specs -mfpu=fpv5-sp-d16 -mfloat-abi=hard -mthumb -o "ThirdParty/FreeRTOS/croutine.o"
arm-none-eabi-gcc "../ThirdParty/FreeRTOS/event_groups.c" -mcpu=cortex-m7 -std=gnu11 -g -DDEBUG -DUSE_HAL_DRIVER -DSTM32F750xx -c -I../Drivers/CMSIS/Include -I"/Users/siemen/repos/rtos_course/RTOS_workspace/001Tasks/ThirdParty/FreeRTOS" -I"/Users/siemen/repos/rtos_course/RTOS_workspace/001Tasks/ThirdParty/SEGGER/Config" -I"/Users/siemen/repos/rtos_course/RTOS_workspace/001Tasks/ThirdParty/SEGGER/OS" -I"/Users/siemen/repos/rtos_course/RTOS_workspace/001Tasks/ThirdParty/SEGGER/SEGGER" -I"/Users/siemen/repos/rtos_course/RTOS_workspace/001Tasks/ThirdParty/FreeRTOS/include" -I"/Users/siemen/repos/rtos_course/RTOS_workspace/001Tasks/ThirdParty/FreeRTOS/portable/GCC/ARM_CM7/r0p1" -I../Drivers/CMSIS/Device/ST/STM32F7xx/Include -I../Core/Inc -I../Drivers/STM32F7xx_HAL_Driver/Inc -I../Drivers/STM32F7xx_HAL_Driver/Inc/Legacy -O0 -ffunction-sections -fdata-sections -Wall -fstack-usage -MMD -MP -MF"ThirdParty/FreeRTOS/event_groups.d" -MT"ThirdParty/FreeRTOS/event_groups.o" --specs=nano.specs -mfpu=fpv5-sp-d16 -mfloat-abi=hard -mthumb -o "ThirdParty/FreeRTOS/event_groups.o"
arm-none-eabi-gcc "../ThirdParty/FreeRTOS/list.c" -mcpu=cortex-m7 -std=gnu11 -g -DDEBUG -DUSE_HAL_DRIVER -DSTM32F750xx -c -I../Drivers/CMSIS/Include -I"/Users/siemen/repos/rtos_course/RTOS_workspace/001Tasks/ThirdParty/FreeRTOS" -I"/Users/siemen/repos/rtos_course/RTOS_workspace/001Tasks/ThirdParty/SEGGER/Config" -I"/Users/siemen/repos/rtos_course/RTOS_workspace/001Tasks/ThirdParty/SEGGER/OS" -I"/Users/siemen/repos/rtos_course/RTOS_workspace/001Tasks/ThirdParty/SEGGER/SEGGER" -I"/Users/siemen/repos/rtos_course/RTOS_workspace/001Tasks/ThirdParty/FreeRTOS/include" -I"/Users/siemen/repos/rtos_course/RTOS_workspace/001Tasks/ThirdParty/FreeRTOS/portable/GCC/ARM_CM7/r0p1" -I../Drivers/CMSIS/Device/ST/STM32F7xx/Include -I../Core/Inc -I../Drivers/STM32F7xx_HAL_Driver/Inc -I../Drivers/STM32F7xx_HAL_Driver/Inc/Legacy -O0 -ffunction-sections -fdata-sections -Wall -fstack-usage -MMD -MP -MF"ThirdParty/FreeRTOS/list.d" -MT"ThirdParty/FreeRTOS/list.o" --specs=nano.specs -mfpu=fpv5-sp-d16 -mfloat-abi=hard -mthumb -o "ThirdParty/FreeRTOS/list.o"
arm-none-eabi-gcc "../ThirdParty/FreeRTOS/queue.c" -mcpu=cortex-m7 -std=gnu11 -g -DDEBUG -DUSE_HAL_DRIVER -DSTM32F750xx -c -I../Drivers/CMSIS/Include -I"/Users/siemen/repos/rtos_course/RTOS_workspace/001Tasks/ThirdParty/FreeRTOS" -I"/Users/siemen/repos/rtos_course/RTOS_workspace/001Tasks/ThirdParty/SEGGER/Config" -I"/Users/siemen/repos/rtos_course/RTOS_workspace/001Tasks/ThirdParty/SEGGER/OS" -I"/Users/siemen/repos/rtos_course/RTOS_workspace/001Tasks/ThirdParty/SEGGER/SEGGER" -I"/Users/siemen/repos/rtos_course/RTOS_workspace/001Tasks/ThirdParty/FreeRTOS/include" -I"/Users/siemen/repos/rtos_course/RTOS_workspace/001Tasks/ThirdParty/FreeRTOS/portable/GCC/ARM_CM7/r0p1" -I../Drivers/CMSIS/Device/ST/STM32F7xx/Include -I../Core/Inc -I../Drivers/STM32F7xx_HAL_Driver/Inc -I../Drivers/STM32F7xx_HAL_Driver/Inc/Legacy -O0 -ffunction-sections -fdata-sections -Wall -fstack-usage -MMD -MP -MF"ThirdParty/FreeRTOS/queue.d" -MT"ThirdParty/FreeRTOS/queue.o" --specs=nano.specs -mfpu=fpv5-sp-d16 -mfloat-abi=hard -mthumb -o "ThirdParty/FreeRTOS/queue.o"
arm-none-eabi-gcc "../ThirdParty/FreeRTOS/stream_buffer.c" -mcpu=cortex-m7 -std=gnu11 -g -DDEBUG -DUSE_HAL_DRIVER -DSTM32F750xx -c -I../Drivers/CMSIS/Include -I"/Users/siemen/repos/rtos_course/RTOS_workspace/001Tasks/ThirdParty/FreeRTOS" -I"/Users/siemen/repos/rtos_course/RTOS_workspace/001Tasks/ThirdParty/SEGGER/Config" -I"/Users/siemen/repos/rtos_course/RTOS_workspace/001Tasks/ThirdParty/SEGGER/OS" -I"/Users/siemen/repos/rtos_course/RTOS_workspace/001Tasks/ThirdParty/SEGGER/SEGGER" -I"/Users/siemen/repos/rtos_course/RTOS_workspace/001Tasks/ThirdParty/FreeRTOS/include" -I"/Users/siemen/repos/rtos_course/RTOS_workspace/001Tasks/ThirdParty/FreeRTOS/portable/GCC/ARM_CM7/r0p1" -I../Drivers/CMSIS/Device/ST/STM32F7xx/Include -I../Core/Inc -I../Drivers/STM32F7xx_HAL_Driver/Inc -I../Drivers/STM32F7xx_HAL_Driver/Inc/Legacy -O0 -ffunction-sections -fdata-sections -Wall -fstack-usage -MMD -MP -MF"ThirdParty/FreeRTOS/stream_buffer.d" -MT"ThirdParty/FreeRTOS/stream_buffer.o" --specs=nano.specs -mfpu=fpv5-sp-d16 -mfloat-abi=hard -mthumb -o "ThirdParty/FreeRTOS/stream_buffer.o"
arm-none-eabi-gcc "../ThirdParty/FreeRTOS/tasks.c" -mcpu=cortex-m7 -std=gnu11 -g -DDEBUG -DUSE_HAL_DRIVER -DSTM32F750xx -c -I../Drivers/CMSIS/Include -I"/Users/siemen/repos/rtos_course/RTOS_workspace/001Tasks/ThirdParty/FreeRTOS" -I"/Users/siemen/repos/rtos_course/RTOS_workspace/001Tasks/ThirdParty/SEGGER/Config" -I"/Users/siemen/repos/rtos_course/RTOS_workspace/001Tasks/ThirdParty/SEGGER/OS" -I"/Users/siemen/repos/rtos_course/RTOS_workspace/001Tasks/ThirdParty/SEGGER/SEGGER" -I"/Users/siemen/repos/rtos_course/RTOS_workspace/001Tasks/ThirdParty/FreeRTOS/include" -I"/Users/siemen/repos/rtos_course/RTOS_workspace/001Tasks/ThirdParty/FreeRTOS/portable/GCC/ARM_CM7/r0p1" -I../Drivers/CMSIS/Device/ST/STM32F7xx/Include -I../Core/Inc -I../Drivers/STM32F7xx_HAL_Driver/Inc -I../Drivers/STM32F7xx_HAL_Driver/Inc/Legacy -O0 -ffunction-sections -fdata-sections -Wall -fstack-usage -MMD -MP -MF"ThirdParty/FreeRTOS/tasks.d" -MT"ThirdParty/FreeRTOS/tasks.o" --specs=nano.specs -mfpu=fpv5-sp-d16 -mfloat-abi=hard -mthumb -o "ThirdParty/FreeRTOS/tasks.o"
arm-none-eabi-gcc "../ThirdParty/FreeRTOS/timers.c" -mcpu=cortex-m7 -std=gnu11 -g -DDEBUG -DUSE_HAL_DRIVER -DSTM32F750xx -c -I../Drivers/CMSIS/Include -I"/Users/siemen/repos/rtos_course/RTOS_workspace/001Tasks/ThirdParty/FreeRTOS" -I"/Users/siemen/repos/rtos_course/RTOS_workspace/001Tasks/ThirdParty/SEGGER/Config" -I"/Users/siemen/repos/rtos_course/RTOS_workspace/001Tasks/ThirdParty/SEGGER/OS" -I"/Users/siemen/repos/rtos_course/RTOS_workspace/001Tasks/ThirdParty/SEGGER/SEGGER" -I"/Users/siemen/repos/rtos_course/RTOS_workspace/001Tasks/ThirdParty/FreeRTOS/include" -I"/Users/siemen/repos/rtos_course/RTOS_workspace/001Tasks/ThirdParty/FreeRTOS/portable/GCC/ARM_CM7/r0p1" -I../Drivers/CMSIS/Device/ST/STM32F7xx/Include -I../Core/Inc -I../Drivers/STM32F7xx_HAL_Driver/Inc -I../Drivers/STM32F7xx_HAL_Driver/Inc/Legacy -O0 -ffunction-sections -fdata-sections -Wall -fstack-usage -MMD -MP -MF"ThirdParty/FreeRTOS/timers.d" -MT"ThirdParty/FreeRTOS/timers.o" --specs=nano.specs -mfpu=fpv5-sp-d16 -mfloat-abi=hard -mthumb -o "ThirdParty/FreeRTOS/timers.o"
arm-none-eabi-gcc "../Drivers/STM32F7xx_HAL_Driver/Src/stm32f7xx_hal.c" -mcpu=cortex-m7 -std=gnu11 -g -DDEBUG -DUSE_HAL_DRIVER -DSTM32F750xx -c -I../Drivers/CMSIS/Include -I"/Users/siemen/repos/rtos_course/RTOS_workspace/001Tasks/ThirdParty/FreeRTOS" -I"/Users/siemen/repos/rtos_course/RTOS_workspace/001Tasks/ThirdParty/SEGGER/Config" -I"/Users/siemen/repos/rtos_course/RTOS_workspace/001Tasks/ThirdParty/SEGGER/OS" -I"/Users/siemen/repos/rtos_course/RTOS_workspace/001Tasks/ThirdParty/SEGGER/SEGGER" -I"/Users/siemen/repos/rtos_course/RTOS_workspace/001Tasks/ThirdParty/FreeRTOS/include" -I"/Users/siemen/repos/rtos_course/RTOS_workspace/001Tasks/ThirdParty/FreeRTOS/portable/GCC/ARM_CM7/r0p1" -I../Drivers/CMSIS/Device/ST/STM32F7xx/Include -I../Core/Inc -I../Drivers/STM32F7xx_HAL_Driver/Inc -I../Drivers/STM32F7xx_HAL_Driver/Inc/Legacy -O0 -ffunction-sections -fdata-sections -Wall -fstack-usage -MMD -MP -MF"Drivers/STM32F7xx_HAL_Driver/Src/stm32f7xx_hal.d" -MT"Drivers/STM32F7xx_HAL_Driver/Src/stm32f7xx_hal.o" --specs=nano.specs -mfpu=fpv5-sp-d16 -mfloat-abi=hard -mthumb -o "Drivers/STM32F7xx_HAL_Driver/Src/stm32f7xx_hal.o"
arm-none-eabi-gcc "../Drivers/STM32F7xx_HAL_Driver/Src/stm32f7xx_hal_cortex.c" -mcpu=cortex-m7 -std=gnu11 -g -DDEBUG -DUSE_HAL_DRIVER -DSTM32F750xx -c -I../Drivers/CMSIS/Include -I"/Users/siemen/repos/rtos_course/RTOS_workspace/001Tasks/ThirdParty/FreeRTOS" -I"/Users/siemen/repos/rtos_course/RTOS_workspace/001Tasks/ThirdParty/SEGGER/Config" -I"/Users/siemen/repos/rtos_course/RTOS_workspace/001Tasks/ThirdParty/SEGGER/OS" -I"/Users/siemen/repos/rtos_course/RTOS_workspace/001Tasks/ThirdParty/SEGGER/SEGGER" -I"/Users/siemen/repos/rtos_course/RTOS_workspace/001Tasks/ThirdParty/FreeRTOS/include" -I"/Users/siemen/repos/rtos_course/RTOS_workspace/001Tasks/ThirdParty/FreeRTOS/portable/GCC/ARM_CM7/r0p1" -I../Drivers/CMSIS/Device/ST/STM32F7xx/Include -I../Core/Inc -I../Drivers/STM32F7xx_HAL_Driver/Inc -I../Drivers/STM32F7xx_HAL_Driver/Inc/Legacy -O0 -ffunction-sections -fdata-sections -Wall -fstack-usage -MMD -MP -MF"Drivers/STM32F7xx_HAL_Driver/Src/stm32f7xx_hal_cortex.d" -MT"Drivers/STM32F7xx_HAL_Driver/Src/stm32f7xx_hal_cortex.o" --specs=nano.specs -mfpu=fpv5-sp-d16 -mfloat-abi=hard -mthumb -o "Drivers/STM32F7xx_HAL_Driver/Src/stm32f7xx_hal_cortex.o"
In file included from /Users/siemen/repos/rtos_course/RTOS_workspace/001Tasks/ThirdParty/FreeRTOS/include/portable.h:51,
                 from /Users/siemen/repos/rtos_course/RTOS_workspace/001Tasks/ThirdParty/FreeRTOS/include/FreeRTOS.h:63,
                 from ../ThirdParty/FreeRTOS/tasks.c:37:
../ThirdParty/FreeRTOS/tasks.c: In function 'xTaskGenericNotify':
arm-none-eabi-gcc "../Drivers/STM32F7xx_HAL_Driver/Src/stm32f7xx_hal_dma.c" -mcpu=cortex-m7 -std=gnu11 -g -DDEBUG -DUSE_HAL_DRIVER -DSTM32F750xx -c -I../Drivers/CMSIS/Include -I"/Users/siemen/repos/rtos_course/RTOS_workspace/001Tasks/ThirdParty/FreeRTOS" -I"/Users/siemen/repos/rtos_course/RTOS_workspace/001Tasks/ThirdParty/SEGGER/Config" -I"/Users/siemen/repos/rtos_course/RTOS_workspace/001Tasks/ThirdParty/SEGGER/OS" -I"/Users/siemen/repos/rtos_course/RTOS_workspace/001Tasks/ThirdParty/SEGGER/SEGGER" -I"/Users/siemen/repos/rtos_course/RTOS_workspace/001Tasks/ThirdParty/FreeRTOS/include" -I"/Users/siemen/repos/rtos_course/RTOS_workspace/001Tasks/ThirdParty/FreeRTOS/portable/GCC/ARM_CM7/r0p1" -I../Drivers/CMSIS/Device/ST/STM32F7xx/Include -I../Core/Inc -I../Drivers/STM32F7xx_HAL_Driver/Inc -I../Drivers/STM32F7xx_HAL_Driver/Inc/Legacy -O0 -ffunction-sections -fdata-sections -Wall -fstack-usage -MMD -MP -MF"Drivers/STM32F7xx_HAL_Driver/Src/stm32f7xx_hal_dma.d" -MT"Drivers/STM32F7xx_HAL_Driver/Src/stm32f7xx_hal_dma.o" --specs=nano.specs -mfpu=fpv5-sp-d16 -mfloat-abi=hard -mthumb -o "Drivers/STM32F7xx_HAL_Driver/Src/stm32f7xx_hal_dma.o"
../ThirdParty/FreeRTOS/tasks.c:4954:42: error: 'pxTXB' undeclared (first use in this function); did you mean 'pxTCB'?
 4954 |                 prvReaddTaskToReadyList( pxTXB );
      |                                          ^~~~~
/Users/siemen/repos/rtos_course/RTOS_workspace/001Tasks/ThirdParty/FreeRTOS/portable/GCC/ARM_CM7/r0p1/portmacro.h:146:115: note: in definition of macro 'portRECORD_READY_PRIORITY'
  146 |         #define portRECORD_READY_PRIORITY( uxPriority, uxReadyPriorities )    ( uxReadyPriorities ) |= ( 1UL << ( uxPriority ) )
      |                                                                                                                   ^~~~~~~~~~
../ThirdParty/FreeRTOS/tasks.c:233:2: note: in expansion of macro 'taskRECORD_READY_PRIORITY'
  233 |  taskRECORD_READY_PRIORITY( ( pxTCB )->uxPriority );            \
      |  ^~~~~~~~~~~~~~~~~~~~~~~~~
../ThirdParty/FreeRTOS/tasks.c:4954:17: note: in expansion of macro 'prvReaddTaskToReadyList'
 4954 |                 prvReaddTaskToReadyList( pxTXB );
      |                 ^~~~~~~~~~~~~~~~~~~~~~~
../ThirdParty/FreeRTOS/tasks.c:4954:42: note: each undeclared identifier is reported only once for each function it appears in
 4954 |                 prvReaddTaskToReadyList( pxTXB );
      |                                          ^~~~~
/Users/siemen/repos/rtos_course/RTOS_workspace/001Tasks/ThirdParty/FreeRTOS/portable/GCC/ARM_CM7/r0p1/portmacro.h:146:115: note: in definition of macro 'portRECORD_READY_PRIORITY'
  146 |         #define portRECORD_READY_PRIORITY( uxPriority, uxReadyPriorities )    ( uxReadyPriorities ) |= ( 1UL << ( uxPriority ) )
      |                                                                                                                   ^~~~~~~~~~
../ThirdParty/FreeRTOS/tasks.c:233:2: note: in expansion of macro 'taskRECORD_READY_PRIORITY'
  233 |  taskRECORD_READY_PRIORITY( ( pxTCB )->uxPriority );            \
      |  ^~~~~~~~~~~~~~~~~~~~~~~~~
../ThirdParty/FreeRTOS/tasks.c:4954:17: note: in expansion of macro 'prvReaddTaskToReadyList'
 4954 |                 prvReaddTaskToReadyList( pxTXB );
      |                 ^~~~~~~~~~~~~~~~~~~~~~~
arm-none-eabi-gcc "../Drivers/STM32F7xx_HAL_Driver/Src/stm32f7xx_hal_dma_ex.c" -mcpu=cortex-m7 -std=gnu11 -g -DDEBUG -DUSE_HAL_DRIVER -DSTM32F750xx -c -I../Drivers/CMSIS/Include -I"/Users/siemen/repos/rtos_course/RTOS_workspace/001Tasks/ThirdParty/FreeRTOS" -I"/Users/siemen/repos/rtos_course/RTOS_workspace/001Tasks/ThirdParty/SEGGER/Config" -I"/Users/siemen/repos/rtos_course/RTOS_workspace/001Tasks/ThirdParty/SEGGER/OS" -I"/Users/siemen/repos/rtos_course/RTOS_workspace/001Tasks/ThirdParty/SEGGER/SEGGER" -I"/Users/siemen/repos/rtos_course/RTOS_workspace/001Tasks/ThirdParty/FreeRTOS/include" -I"/Users/siemen/repos/rtos_course/RTOS_workspace/001Tasks/ThirdParty/FreeRTOS/portable/GCC/ARM_CM7/r0p1" -I../Drivers/CMSIS/Device/ST/STM32F7xx/Include -I../Core/Inc -I../Drivers/STM32F7xx_HAL_Driver/Inc -I../Drivers/STM32F7xx_HAL_Driver/Inc/Legacy -O0 -ffunction-sections -fdata-sections -Wall -fstack-usage -MMD -MP -MF"Drivers/STM32F7xx_HAL_Driver/Src/stm32f7xx_hal_dma_ex.d" -MT"Drivers/STM32F7xx_HAL_Driver/Src/stm32f7xx_hal_dma_ex.o" --specs=nano.specs -mfpu=fpv5-sp-d16 -mfloat-abi=hard -mthumb -o "Drivers/STM32F7xx_HAL_Driver/Src/stm32f7xx_hal_dma_ex.o"
make: *** [ThirdParty/FreeRTOS/subdir.mk:47: ThirdParty/FreeRTOS/tasks.o] Error 1
make: *** Waiting for unfinished jobs....
"make -j7 all" terminated with exit code 2. Build might be incomplete.
14:40:24 **** Incremental Build of configuration Debug for project 001Tasks ****
make -j7 all 
arm-none-eabi-gcc "../ThirdParty/FreeRTOS/tasks.c" -mcpu=cortex-m7 -std=gnu11 -g -DDEBUG -DUSE_HAL_DRIVER -DSTM32F750xx -c -I../Drivers/CMSIS/Include -I"/Users/siemen/repos/rtos_course/RTOS_workspace/001Tasks/ThirdParty/FreeRTOS" -I"/Users/siemen/repos/rtos_course/RTOS_workspace/001Tasks/ThirdParty/SEGGER/Config" -I"/Users/siemen/repos/rtos_course/RTOS_workspace/001Tasks/ThirdParty/SEGGER/OS" -I"/Users/siemen/repos/rtos_course/RTOS_workspace/001Tasks/ThirdParty/SEGGER/SEGGER" -I"/Users/siemen/repos/rtos_course/RTOS_workspace/001Tasks/ThirdParty/FreeRTOS/include" -I"/Users/siemen/repos/rtos_course/RTOS_workspace/001Tasks/ThirdParty/FreeRTOS/portable/GCC/ARM_CM7/r0p1" -I../Drivers/CMSIS/Device/ST/STM32F7xx/Include -I../Core/Inc -I../Drivers/STM32F7xx_HAL_Driver/Inc -I../Drivers/STM32F7xx_HAL_Driver/Inc/Legacy -O0 -ffunction-sections -fdata-sections -Wall -fstack-usage -MMD -MP -MF"ThirdParty/FreeRTOS/tasks.d" -MT"ThirdParty/FreeRTOS/tasks.o" --specs=nano.specs -mfpu=fpv5-sp-d16 -mfloat-abi=hard -mthumb -o "ThirdParty/FreeRTOS/tasks.o"
arm-none-eabi-gcc "../Drivers/STM32F7xx_HAL_Driver/Src/stm32f7xx_hal_exti.c" -mcpu=cortex-m7 -std=gnu11 -g -DDEBUG -DUSE_HAL_DRIVER -DSTM32F750xx -c -I../Drivers/CMSIS/Include -I"/Users/siemen/repos/rtos_course/RTOS_workspace/001Tasks/ThirdParty/FreeRTOS" -I"/Users/siemen/repos/rtos_course/RTOS_workspace/001Tasks/ThirdParty/SEGGER/Config" -I"/Users/siemen/repos/rtos_course/RTOS_workspace/001Tasks/ThirdParty/SEGGER/OS" -I"/Users/siemen/repos/rtos_course/RTOS_workspace/001Tasks/ThirdParty/SEGGER/SEGGER" -I"/Users/siemen/repos/rtos_course/RTOS_workspace/001Tasks/ThirdParty/FreeRTOS/include" -I"/Users/siemen/repos/rtos_course/RTOS_workspace/001Tasks/ThirdParty/FreeRTOS/portable/GCC/ARM_CM7/r0p1" -I../Drivers/CMSIS/Device/ST/STM32F7xx/Include -I../Core/Inc -I../Drivers/STM32F7xx_HAL_Driver/Inc -I../Drivers/STM32F7xx_HAL_Driver/Inc/Legacy -O0 -ffunction-sections -fdata-sections -Wall -fstack-usage -MMD -MP -MF"Drivers/STM32F7xx_HAL_Driver/Src/stm32f7xx_hal_exti.d" -MT"Drivers/STM32F7xx_HAL_Driver/Src/stm32f7xx_hal_exti.o" --specs=nano.specs -mfpu=fpv5-sp-d16 -mfloat-abi=hard -mthumb -o "Drivers/STM32F7xx_HAL_Driver/Src/stm32f7xx_hal_exti.o"
arm-none-eabi-gcc "../Drivers/STM32F7xx_HAL_Driver/Src/stm32f7xx_hal_flash.c" -mcpu=cortex-m7 -std=gnu11 -g -DDEBUG -DUSE_HAL_DRIVER -DSTM32F750xx -c -I../Drivers/CMSIS/Include -I"/Users/siemen/repos/rtos_course/RTOS_workspace/001Tasks/ThirdParty/FreeRTOS" -I"/Users/siemen/repos/rtos_course/RTOS_workspace/001Tasks/ThirdParty/SEGGER/Config" -I"/Users/siemen/repos/rtos_course/RTOS_workspace/001Tasks/ThirdParty/SEGGER/OS" -I"/Users/siemen/repos/rtos_course/RTOS_workspace/001Tasks/ThirdParty/SEGGER/SEGGER" -I"/Users/siemen/repos/rtos_course/RTOS_workspace/001Tasks/ThirdParty/FreeRTOS/include" -I"/Users/siemen/repos/rtos_course/RTOS_workspace/001Tasks/ThirdParty/FreeRTOS/portable/GCC/ARM_CM7/r0p1" -I../Drivers/CMSIS/Device/ST/STM32F7xx/Include -I../Core/Inc -I../Drivers/STM32F7xx_HAL_Driver/Inc -I../Drivers/STM32F7xx_HAL_Driver/Inc/Legacy -O0 -ffunction-sections -fdata-sections -Wall -fstack-usage -MMD -MP -MF"Drivers/STM32F7xx_HAL_Driver/Src/stm32f7xx_hal_flash.d" -MT"Drivers/STM32F7xx_HAL_Driver/Src/stm32f7xx_hal_flash.o" --specs=nano.specs -mfpu=fpv5-sp-d16 -mfloat-abi=hard -mthumb -o "Drivers/STM32F7xx_HAL_Driver/Src/stm32f7xx_hal_flash.o"
arm-none-eabi-gcc "../Drivers/STM32F7xx_HAL_Driver/Src/stm32f7xx_hal_flash_ex.c" -mcpu=cortex-m7 -std=gnu11 -g -DDEBUG -DUSE_HAL_DRIVER -DSTM32F750xx -c -I../Drivers/CMSIS/Include -I"/Users/siemen/repos/rtos_course/RTOS_workspace/001Tasks/ThirdParty/FreeRTOS" -I"/Users/siemen/repos/rtos_course/RTOS_workspace/001Tasks/ThirdParty/SEGGER/Config" -I"/Users/siemen/repos/rtos_course/RTOS_workspace/001Tasks/ThirdParty/SEGGER/OS" -I"/Users/siemen/repos/rtos_course/RTOS_workspace/001Tasks/ThirdParty/SEGGER/SEGGER" -I"/Users/siemen/repos/rtos_course/RTOS_workspace/001Tasks/ThirdParty/FreeRTOS/include" -I"/Users/siemen/repos/rtos_course/RTOS_workspace/001Tasks/ThirdParty/FreeRTOS/portable/GCC/ARM_CM7/r0p1" -I../Drivers/CMSIS/Device/ST/STM32F7xx/Include -I../Core/Inc -I../Drivers/STM32F7xx_HAL_Driver/Inc -I../Drivers/STM32F7xx_HAL_Driver/Inc/Legacy -O0 -ffunction-sections -fdata-sections -Wall -fstack-usage -MMD -MP -MF"Drivers/STM32F7xx_HAL_Driver/Src/stm32f7xx_hal_flash_ex.d" -MT"Drivers/STM32F7xx_HAL_Driver/Src/stm32f7xx_hal_flash_ex.o" --specs=nano.specs -mfpu=fpv5-sp-d16 -mfloat-abi=hard -mthumb -o "Drivers/STM32F7xx_HAL_Driver/Src/stm32f7xx_hal_flash_ex.o"
arm-none-eabi-gcc "../Drivers/STM32F7xx_HAL_Driver/Src/stm32f7xx_hal_gpio.c" -mcpu=cortex-m7 -std=gnu11 -g -DDEBUG -DUSE_HAL_DRIVER -DSTM32F750xx -c -I../Drivers/CMSIS/Include -I"/Users/siemen/repos/rtos_course/RTOS_workspace/001Tasks/ThirdParty/FreeRTOS" -I"/Users/siemen/repos/rtos_course/RTOS_workspace/001Tasks/ThirdParty/SEGGER/Config" -I"/Users/siemen/repos/rtos_course/RTOS_workspace/001Tasks/ThirdParty/SEGGER/OS" -I"/Users/siemen/repos/rtos_course/RTOS_workspace/001Tasks/ThirdParty/SEGGER/SEGGER" -I"/Users/siemen/repos/rtos_course/RTOS_workspace/001Tasks/ThirdParty/FreeRTOS/include" -I"/Users/siemen/repos/rtos_course/RTOS_workspace/001Tasks/ThirdParty/FreeRTOS/portable/GCC/ARM_CM7/r0p1" -I../Drivers/CMSIS/Device/ST/STM32F7xx/Include -I../Core/Inc -I../Drivers/STM32F7xx_HAL_Driver/Inc -I../Drivers/STM32F7xx_HAL_Driver/Inc/Legacy -O0 -ffunction-sections -fdata-sections -Wall -fstack-usage -MMD -MP -MF"Drivers/STM32F7xx_HAL_Driver/Src/stm32f7xx_hal_gpio.d" -MT"Drivers/STM32F7xx_HAL_Driver/Src/stm32f7xx_hal_gpio.o" --specs=nano.specs -mfpu=fpv5-sp-d16 -mfloat-abi=hard -mthumb -o "Drivers/STM32F7xx_HAL_Driver/Src/stm32f7xx_hal_gpio.o"
arm-none-eabi-gcc "../Drivers/STM32F7xx_HAL_Driver/Src/stm32f7xx_hal_i2c.c" -mcpu=cortex-m7 -std=gnu11 -g -DDEBUG -DUSE_HAL_DRIVER -DSTM32F750xx -c -I../Drivers/CMSIS/Include -I"/Users/siemen/repos/rtos_course/RTOS_workspace/001Tasks/ThirdParty/FreeRTOS" -I"/Users/siemen/repos/rtos_course/RTOS_workspace/001Tasks/ThirdParty/SEGGER/Config" -I"/Users/siemen/repos/rtos_course/RTOS_workspace/001Tasks/ThirdParty/SEGGER/OS" -I"/Users/siemen/repos/rtos_course/RTOS_workspace/001Tasks/ThirdParty/SEGGER/SEGGER" -I"/Users/siemen/repos/rtos_course/RTOS_workspace/001Tasks/ThirdParty/FreeRTOS/include" -I"/Users/siemen/repos/rtos_course/RTOS_workspace/001Tasks/ThirdParty/FreeRTOS/portable/GCC/ARM_CM7/r0p1" -I../Drivers/CMSIS/Device/ST/STM32F7xx/Include -I../Core/Inc -I../Drivers/STM32F7xx_HAL_Driver/Inc -I../Drivers/STM32F7xx_HAL_Driver/Inc/Legacy -O0 -ffunction-sections -fdata-sections -Wall -fstack-usage -MMD -MP -MF"Drivers/STM32F7xx_HAL_Driver/Src/stm32f7xx_hal_i2c.d" -MT"Drivers/STM32F7xx_HAL_Driver/Src/stm32f7xx_hal_i2c.o" --specs=nano.specs -mfpu=fpv5-sp-d16 -mfloat-abi=hard -mthumb -o "Drivers/STM32F7xx_HAL_Driver/Src/stm32f7xx_hal_i2c.o"
arm-none-eabi-gcc "../Drivers/STM32F7xx_HAL_Driver/Src/stm32f7xx_hal_i2c_ex.c" -mcpu=cortex-m7 -std=gnu11 -g -DDEBUG -DUSE_HAL_DRIVER -DSTM32F750xx -c -I../Drivers/CMSIS/Include -I"/Users/siemen/repos/rtos_course/RTOS_workspace/001Tasks/ThirdParty/FreeRTOS" -I"/Users/siemen/repos/rtos_course/RTOS_workspace/001Tasks/ThirdParty/SEGGER/Config" -I"/Users/siemen/repos/rtos_course/RTOS_workspace/001Tasks/ThirdParty/SEGGER/OS" -I"/Users/siemen/repos/rtos_course/RTOS_workspace/001Tasks/ThirdParty/SEGGER/SEGGER" -I"/Users/siemen/repos/rtos_course/RTOS_workspace/001Tasks/ThirdParty/FreeRTOS/include" -I"/Users/siemen/repos/rtos_course/RTOS_workspace/001Tasks/ThirdParty/FreeRTOS/portable/GCC/ARM_CM7/r0p1" -I../Drivers/CMSIS/Device/ST/STM32F7xx/Include -I../Core/Inc -I../Drivers/STM32F7xx_HAL_Driver/Inc -I../Drivers/STM32F7xx_HAL_Driver/Inc/Legacy -O0 -ffunction-sections -fdata-sections -Wall -fstack-usage -MMD -MP -MF"Drivers/STM32F7xx_HAL_Driver/Src/stm32f7xx_hal_i2c_ex.d" -MT"Drivers/STM32F7xx_HAL_Driver/Src/stm32f7xx_hal_i2c_ex.o" --specs=nano.specs -mfpu=fpv5-sp-d16 -mfloat-abi=hard -mthumb -o "Drivers/STM32F7xx_HAL_Driver/Src/stm32f7xx_hal_i2c_ex.o"
arm-none-eabi-gcc "../Drivers/STM32F7xx_HAL_Driver/Src/stm32f7xx_hal_pwr.c" -mcpu=cortex-m7 -std=gnu11 -g -DDEBUG -DUSE_HAL_DRIVER -DSTM32F750xx -c -I../Drivers/CMSIS/Include -I"/Users/siemen/repos/rtos_course/RTOS_workspace/001Tasks/ThirdParty/FreeRTOS" -I"/Users/siemen/repos/rtos_course/RTOS_workspace/001Tasks/ThirdParty/SEGGER/Config" -I"/Users/siemen/repos/rtos_course/RTOS_workspace/001Tasks/ThirdParty/SEGGER/OS" -I"/Users/siemen/repos/rtos_course/RTOS_workspace/001Tasks/ThirdParty/SEGGER/SEGGER" -I"/Users/siemen/repos/rtos_course/RTOS_workspace/001Tasks/ThirdParty/FreeRTOS/include" -I"/Users/siemen/repos/rtos_course/RTOS_workspace/001Tasks/ThirdParty/FreeRTOS/portable/GCC/ARM_CM7/r0p1" -I../Drivers/CMSIS/Device/ST/STM32F7xx/Include -I../Core/Inc -I../Drivers/STM32F7xx_HAL_Driver/Inc -I../Drivers/STM32F7xx_HAL_Driver/Inc/Legacy -O0 -ffunction-sections -fdata-sections -Wall -fstack-usage -MMD -MP -MF"Drivers/STM32F7xx_HAL_Driver/Src/stm32f7xx_hal_pwr.d" -MT"Drivers/STM32F7xx_HAL_Driver/Src/stm32f7xx_hal_pwr.o" --specs=nano.specs -mfpu=fpv5-sp-d16 -mfloat-abi=hard -mthumb -o "Drivers/STM32F7xx_HAL_Driver/Src/stm32f7xx_hal_pwr.o"
arm-none-eabi-gcc "../Drivers/STM32F7xx_HAL_Driver/Src/stm32f7xx_hal_pwr_ex.c" -mcpu=cortex-m7 -std=gnu11 -g -DDEBUG -DUSE_HAL_DRIVER -DSTM32F750xx -c -I../Drivers/CMSIS/Include -I"/Users/siemen/repos/rtos_course/RTOS_workspace/001Tasks/ThirdParty/FreeRTOS" -I"/Users/siemen/repos/rtos_course/RTOS_workspace/001Tasks/ThirdParty/SEGGER/Config" -I"/Users/siemen/repos/rtos_course/RTOS_workspace/001Tasks/ThirdParty/SEGGER/OS" -I"/Users/siemen/repos/rtos_course/RTOS_workspace/001Tasks/ThirdParty/SEGGER/SEGGER" -I"/Users/siemen/repos/rtos_course/RTOS_workspace/001Tasks/ThirdParty/FreeRTOS/include" -I"/Users/siemen/repos/rtos_course/RTOS_workspace/001Tasks/ThirdParty/FreeRTOS/portable/GCC/ARM_CM7/r0p1" -I../Drivers/CMSIS/Device/ST/STM32F7xx/Include -I../Core/Inc -I../Drivers/STM32F7xx_HAL_Driver/Inc -I../Drivers/STM32F7xx_HAL_Driver/Inc/Legacy -O0 -ffunction-sections -fdata-sections -Wall -fstack-usage -MMD -MP -MF"Drivers/STM32F7xx_HAL_Driver/Src/stm32f7xx_hal_pwr_ex.d" -MT"Drivers/STM32F7xx_HAL_Driver/Src/stm32f7xx_hal_pwr_ex.o" --specs=nano.specs -mfpu=fpv5-sp-d16 -mfloat-abi=hard -mthumb -o "Drivers/STM32F7xx_HAL_Driver/Src/stm32f7xx_hal_pwr_ex.o"
arm-none-eabi-gcc "../Drivers/STM32F7xx_HAL_Driver/Src/stm32f7xx_hal_rcc.c" -mcpu=cortex-m7 -std=gnu11 -g -DDEBUG -DUSE_HAL_DRIVER -DSTM32F750xx -c -I../Drivers/CMSIS/Include -I"/Users/siemen/repos/rtos_course/RTOS_workspace/001Tasks/ThirdParty/FreeRTOS" -I"/Users/siemen/repos/rtos_course/RTOS_workspace/001Tasks/ThirdParty/SEGGER/Config" -I"/Users/siemen/repos/rtos_course/RTOS_workspace/001Tasks/ThirdParty/SEGGER/OS" -I"/Users/siemen/repos/rtos_course/RTOS_workspace/001Tasks/ThirdParty/SEGGER/SEGGER" -I"/Users/siemen/repos/rtos_course/RTOS_workspace/001Tasks/ThirdParty/FreeRTOS/include" -I"/Users/siemen/repos/rtos_course/RTOS_workspace/001Tasks/ThirdParty/FreeRTOS/portable/GCC/ARM_CM7/r0p1" -I../Drivers/CMSIS/Device/ST/STM32F7xx/Include -I../Core/Inc -I../Drivers/STM32F7xx_HAL_Driver/Inc -I../Drivers/STM32F7xx_HAL_Driver/Inc/Legacy -O0 -ffunction-sections -fdata-sections -Wall -fstack-usage -MMD -MP -MF"Drivers/STM32F7xx_HAL_Driver/Src/stm32f7xx_hal_rcc.d" -MT"Drivers/STM32F7xx_HAL_Driver/Src/stm32f7xx_hal_rcc.o" --specs=nano.specs -mfpu=fpv5-sp-d16 -mfloat-abi=hard -mthumb -o "Drivers/STM32F7xx_HAL_Driver/Src/stm32f7xx_hal_rcc.o"
arm-none-eabi-gcc "../Drivers/STM32F7xx_HAL_Driver/Src/stm32f7xx_hal_rcc_ex.c" -mcpu=cortex-m7 -std=gnu11 -g -DDEBUG -DUSE_HAL_DRIVER -DSTM32F750xx -c -I../Drivers/CMSIS/Include -I"/Users/siemen/repos/rtos_course/RTOS_workspace/001Tasks/ThirdParty/FreeRTOS" -I"/Users/siemen/repos/rtos_course/RTOS_workspace/001Tasks/ThirdParty/SEGGER/Config" -I"/Users/siemen/repos/rtos_course/RTOS_workspace/001Tasks/ThirdParty/SEGGER/OS" -I"/Users/siemen/repos/rtos_course/RTOS_workspace/001Tasks/ThirdParty/SEGGER/SEGGER" -I"/Users/siemen/repos/rtos_course/RTOS_workspace/001Tasks/ThirdParty/FreeRTOS/include" -I"/Users/siemen/repos/rtos_course/RTOS_workspace/001Tasks/ThirdParty/FreeRTOS/portable/GCC/ARM_CM7/r0p1" -I../Drivers/CMSIS/Device/ST/STM32F7xx/Include -I../Core/Inc -I../Drivers/STM32F7xx_HAL_Driver/Inc -I../Drivers/STM32F7xx_HAL_Driver/Inc/Legacy -O0 -ffunction-sections -fdata-sections -Wall -fstack-usage -MMD -MP -MF"Drivers/STM32F7xx_HAL_Driver/Src/stm32f7xx_hal_rcc_ex.d" -MT"Drivers/STM32F7xx_HAL_Driver/Src/stm32f7xx_hal_rcc_ex.o" --specs=nano.specs -mfpu=fpv5-sp-d16 -mfloat-abi=hard -mthumb -o "Drivers/STM32F7xx_HAL_Driver/Src/stm32f7xx_hal_rcc_ex.o"
arm-none-eabi-gcc "../Drivers/STM32F7xx_HAL_Driver/Src/stm32f7xx_hal_tim.c" -mcpu=cortex-m7 -std=gnu11 -g -DDEBUG -DUSE_HAL_DRIVER -DSTM32F750xx -c -I../Drivers/CMSIS/Include -I"/Users/siemen/repos/rtos_course/RTOS_workspace/001Tasks/ThirdParty/FreeRTOS" -I"/Users/siemen/repos/rtos_course/RTOS_workspace/001Tasks/ThirdParty/SEGGER/Config" -I"/Users/siemen/repos/rtos_course/RTOS_workspace/001Tasks/ThirdParty/SEGGER/OS" -I"/Users/siemen/repos/rtos_course/RTOS_workspace/001Tasks/ThirdParty/SEGGER/SEGGER" -I"/Users/siemen/repos/rtos_course/RTOS_workspace/001Tasks/ThirdParty/FreeRTOS/include" -I"/Users/siemen/repos/rtos_course/RTOS_workspace/001Tasks/ThirdParty/FreeRTOS/portable/GCC/ARM_CM7/r0p1" -I../Drivers/CMSIS/Device/ST/STM32F7xx/Include -I../Core/Inc -I../Drivers/STM32F7xx_HAL_Driver/Inc -I../Drivers/STM32F7xx_HAL_Driver/Inc/Legacy -O0 -ffunction-sections -fdata-sections -Wall -fstack-usage -MMD -MP -MF"Drivers/STM32F7xx_HAL_Driver/Src/stm32f7xx_hal_tim.d" -MT"Drivers/STM32F7xx_HAL_Driver/Src/stm32f7xx_hal_tim.o" --specs=nano.specs -mfpu=fpv5-sp-d16 -mfloat-abi=hard -mthumb -o "Drivers/STM32F7xx_HAL_Driver/Src/stm32f7xx_hal_tim.o"
arm-none-eabi-gcc "../Drivers/STM32F7xx_HAL_Driver/Src/stm32f7xx_hal_tim_ex.c" -mcpu=cortex-m7 -std=gnu11 -g -DDEBUG -DUSE_HAL_DRIVER -DSTM32F750xx -c -I../Drivers/CMSIS/Include -I"/Users/siemen/repos/rtos_course/RTOS_workspace/001Tasks/ThirdParty/FreeRTOS" -I"/Users/siemen/repos/rtos_course/RTOS_workspace/001Tasks/ThirdParty/SEGGER/Config" -I"/Users/siemen/repos/rtos_course/RTOS_workspace/001Tasks/ThirdParty/SEGGER/OS" -I"/Users/siemen/repos/rtos_course/RTOS_workspace/001Tasks/ThirdParty/SEGGER/SEGGER" -I"/Users/siemen/repos/rtos_course/RTOS_workspace/001Tasks/ThirdParty/FreeRTOS/include" -I"/Users/siemen/repos/rtos_course/RTOS_workspace/001Tasks/ThirdParty/FreeRTOS/portable/GCC/ARM_CM7/r0p1" -I../Drivers/CMSIS/Device/ST/STM32F7xx/Include -I../Core/Inc -I../Drivers/STM32F7xx_HAL_Driver/Inc -I../Drivers/STM32F7xx_HAL_Driver/Inc/Legacy -O0 -ffunction-sections -fdata-sections -Wall -fstack-usage -MMD -MP -MF"Drivers/STM32F7xx_HAL_Driver/Src/stm32f7xx_hal_tim_ex.d" -MT"Drivers/STM32F7xx_HAL_Driver/Src/stm32f7xx_hal_tim_ex.o" --specs=nano.specs -mfpu=fpv5-sp-d16 -mfloat-abi=hard -mthumb -o "Drivers/STM32F7xx_HAL_Driver/Src/stm32f7xx_hal_tim_ex.o"
arm-none-eabi-gcc -mcpu=cortex-m7 -g -c -I"/Users/siemen/repos/rtos_course/RTOS_workspace/001Tasks/ThirdParty/SEGGER/Config" -x assembler-with-cpp -MMD -MP -MF"Core/Startup/startup_stm32f750n8hx.d" -MT"Core/Startup/startup_stm32f750n8hx.o" --specs=nano.specs -mfpu=fpv5-sp-d16 -mfloat-abi=hard -mthumb -o "Core/Startup/startup_stm32f750n8hx.o" "../Core/Startup/startup_stm32f750n8hx.s"
arm-none-eabi-gcc "../Core/Src/main.c" -mcpu=cortex-m7 -std=gnu11 -g -DDEBUG -DUSE_HAL_DRIVER -DSTM32F750xx -c -I../Drivers/CMSIS/Include -I"/Users/siemen/repos/rtos_course/RTOS_workspace/001Tasks/ThirdParty/FreeRTOS" -I"/Users/siemen/repos/rtos_course/RTOS_workspace/001Tasks/ThirdParty/SEGGER/Config" -I"/Users/siemen/repos/rtos_course/RTOS_workspace/001Tasks/ThirdParty/SEGGER/OS" -I"/Users/siemen/repos/rtos_course/RTOS_workspace/001Tasks/ThirdParty/SEGGER/SEGGER" -I"/Users/siemen/repos/rtos_course/RTOS_workspace/001Tasks/ThirdParty/FreeRTOS/include" -I"/Users/siemen/repos/rtos_course/RTOS_workspace/001Tasks/ThirdParty/FreeRTOS/portable/GCC/ARM_CM7/r0p1" -I../Drivers/CMSIS/Device/ST/STM32F7xx/Include -I../Core/Inc -I../Drivers/STM32F7xx_HAL_Driver/Inc -I../Drivers/STM32F7xx_HAL_Driver/Inc/Legacy -O0 -ffunction-sections -fdata-sections -Wall -fstack-usage -MMD -MP -MF"Core/Src/main.d" -MT"Core/Src/main.o" --specs=nano.specs -mfpu=fpv5-sp-d16 -mfloat-abi=hard -mthumb -o "Core/Src/main.o"
arm-none-eabi-gcc "../Core/Src/stm32f7xx_hal_msp.c" -mcpu=cortex-m7 -std=gnu11 -g -DDEBUG -DUSE_HAL_DRIVER -DSTM32F750xx -c -I../Drivers/CMSIS/Include -I"/Users/siemen/repos/rtos_course/RTOS_workspace/001Tasks/ThirdParty/FreeRTOS" -I"/Users/siemen/repos/rtos_course/RTOS_workspace/001Tasks/ThirdParty/SEGGER/Config" -I"/Users/siemen/repos/rtos_course/RTOS_workspace/001Tasks/ThirdParty/SEGGER/OS" -I"/Users/siemen/repos/rtos_course/RTOS_workspace/001Tasks/ThirdParty/SEGGER/SEGGER" -I"/Users/siemen/repos/rtos_course/RTOS_workspace/001Tasks/ThirdParty/FreeRTOS/include" -I"/Users/siemen/repos/rtos_course/RTOS_workspace/001Tasks/ThirdParty/FreeRTOS/portable/GCC/ARM_CM7/r0p1" -I../Drivers/CMSIS/Device/ST/STM32F7xx/Include -I../Core/Inc -I../Drivers/STM32F7xx_HAL_Driver/Inc -I../Drivers/STM32F7xx_HAL_Driver/Inc/Legacy -O0 -ffunction-sections -fdata-sections -Wall -fstack-usage -MMD -MP -MF"Core/Src/stm32f7xx_hal_msp.d" -MT"Core/Src/stm32f7xx_hal_msp.o" --specs=nano.specs -mfpu=fpv5-sp-d16 -mfloat-abi=hard -mthumb -o "Core/Src/stm32f7xx_hal_msp.o"
arm-none-eabi-gcc "../Core/Src/stm32f7xx_hal_timebase_tim.c" -mcpu=cortex-m7 -std=gnu11 -g -DDEBUG -DUSE_HAL_DRIVER -DSTM32F750xx -c -I../Drivers/CMSIS/Include -I"/Users/siemen/repos/rtos_course/RTOS_workspace/001Tasks/ThirdParty/FreeRTOS" -I"/Users/siemen/repos/rtos_course/RTOS_workspace/001Tasks/ThirdParty/SEGGER/Config" -I"/Users/siemen/repos/rtos_course/RTOS_workspace/001Tasks/ThirdParty/SEGGER/OS" -I"/Users/siemen/repos/rtos_course/RTOS_workspace/001Tasks/ThirdParty/SEGGER/SEGGER" -I"/Users/siemen/repos/rtos_course/RTOS_workspace/001Tasks/ThirdParty/FreeRTOS/include" -I"/Users/siemen/repos/rtos_course/RTOS_workspace/001Tasks/ThirdParty/FreeRTOS/portable/GCC/ARM_CM7/r0p1" -I../Drivers/CMSIS/Device/ST/STM32F7xx/Include -I../Core/Inc -I../Drivers/STM32F7xx_HAL_Driver/Inc -I../Drivers/STM32F7xx_HAL_Driver/Inc/Legacy -O0 -ffunction-sections -fdata-sections -Wall -fstack-usage -MMD -MP -MF"Core/Src/stm32f7xx_hal_timebase_tim.d" -MT"Core/Src/stm32f7xx_hal_timebase_tim.o" --specs=nano.specs -mfpu=fpv5-sp-d16 -mfloat-abi=hard -mthumb -o "Core/Src/stm32f7xx_hal_timebase_tim.o"
arm-none-eabi-gcc "../Core/Src/stm32f7xx_it.c" -mcpu=cortex-m7 -std=gnu11 -g -DDEBUG -DUSE_HAL_DRIVER -DSTM32F750xx -c -I../Drivers/CMSIS/Include -I"/Users/siemen/repos/rtos_course/RTOS_workspace/001Tasks/ThirdParty/FreeRTOS" -I"/Users/siemen/repos/rtos_course/RTOS_workspace/001Tasks/ThirdParty/SEGGER/Config" -I"/Users/siemen/repos/rtos_course/RTOS_workspace/001Tasks/ThirdParty/SEGGER/OS" -I"/Users/siemen/repos/rtos_course/RTOS_workspace/001Tasks/ThirdParty/SEGGER/SEGGER" -I"/Users/siemen/repos/rtos_course/RTOS_workspace/001Tasks/ThirdParty/FreeRTOS/include" -I"/Users/siemen/repos/rtos_course/RTOS_workspace/001Tasks/ThirdParty/FreeRTOS/portable/GCC/ARM_CM7/r0p1" -I../Drivers/CMSIS/Device/ST/STM32F7xx/Include -I../Core/Inc -I../Drivers/STM32F7xx_HAL_Driver/Inc -I../Drivers/STM32F7xx_HAL_Driver/Inc/Legacy -O0 -ffunction-sections -fdata-sections -Wall -fstack-usage -MMD -MP -MF"Core/Src/stm32f7xx_it.d" -MT"Core/Src/stm32f7xx_it.o" --specs=nano.specs -mfpu=fpv5-sp-d16 -mfloat-abi=hard -mthumb -o "Core/Src/stm32f7xx_it.o"
arm-none-eabi-gcc "../Core/Src/syscalls.c" -mcpu=cortex-m7 -std=gnu11 -g -DDEBUG -DUSE_HAL_DRIVER -DSTM32F750xx -c -I../Drivers/CMSIS/Include -I"/Users/siemen/repos/rtos_course/RTOS_workspace/001Tasks/ThirdParty/FreeRTOS" -I"/Users/siemen/repos/rtos_course/RTOS_workspace/001Tasks/ThirdParty/SEGGER/Config" -I"/Users/siemen/repos/rtos_course/RTOS_workspace/001Tasks/ThirdParty/SEGGER/OS" -I"/Users/siemen/repos/rtos_course/RTOS_workspace/001Tasks/ThirdParty/SEGGER/SEGGER" -I"/Users/siemen/repos/rtos_course/RTOS_workspace/001Tasks/ThirdParty/FreeRTOS/include" -I"/Users/siemen/repos/rtos_course/RTOS_workspace/001Tasks/ThirdParty/FreeRTOS/portable/GCC/ARM_CM7/r0p1" -I../Drivers/CMSIS/Device/ST/STM32F7xx/Include -I../Core/Inc -I../Drivers/STM32F7xx_HAL_Driver/Inc -I../Drivers/STM32F7xx_HAL_Driver/Inc/Legacy -O0 -ffunction-sections -fdata-sections -Wall -fstack-usage -MMD -MP -MF"Core/Src/syscalls.d" -MT"Core/Src/syscalls.o" --specs=nano.specs -mfpu=fpv5-sp-d16 -mfloat-abi=hard -mthumb -o "Core/Src/syscalls.o"
arm-none-eabi-gcc "../Core/Src/system_stm32f7xx.c" -mcpu=cortex-m7 -std=gnu11 -g -DDEBUG -DUSE_HAL_DRIVER -DSTM32F750xx -c -I../Drivers/CMSIS/Include -I"/Users/siemen/repos/rtos_course/RTOS_workspace/001Tasks/ThirdParty/FreeRTOS" -I"/Users/siemen/repos/rtos_course/RTOS_workspace/001Tasks/ThirdParty/SEGGER/Config" -I"/Users/siemen/repos/rtos_course/RTOS_workspace/001Tasks/ThirdParty/SEGGER/OS" -I"/Users/siemen/repos/rtos_course/RTOS_workspace/001Tasks/ThirdParty/SEGGER/SEGGER" -I"/Users/siemen/repos/rtos_course/RTOS_workspace/001Tasks/ThirdParty/FreeRTOS/include" -I"/Users/siemen/repos/rtos_course/RTOS_workspace/001Tasks/ThirdParty/FreeRTOS/portable/GCC/ARM_CM7/r0p1" -I../Drivers/CMSIS/Device/ST/STM32F7xx/Include -I../Core/Inc -I../Drivers/STM32F7xx_HAL_Driver/Inc -I../Drivers/STM32F7xx_HAL_Driver/Inc/Legacy -O0 -ffunction-sections -fdata-sections -Wall -fstack-usage -MMD -MP -MF"Core/Src/system_stm32f7xx.d" -MT"Core/Src/system_stm32f7xx.o" --specs=nano.specs -mfpu=fpv5-sp-d16 -mfloat-abi=hard -mthumb -o "Core/Src/system_stm32f7xx.o"
arm-none-eabi-gcc -o "001Tasks.elf" @"objects.list"   -mcpu=cortex-m7 -T"/Users/siemen/repos/rtos_course/RTOS_workspace/001Tasks/STM32F750N8HX_FLASH.ld" --specs=nosys.specs -Wl,-Map="001Tasks.map" -Wl,--gc-sections -static --specs=nano.specs -mfpu=fpv5-sp-d16 -mfloat-abi=hard -mthumb -Wl,--start-group -lc -lm -Wl,--end-group
/Applications/STM32CubeIDE.app/Contents/Eclipse/plugins/com.st.stm32cube.ide.mcu.externaltools.gnu-tools-for-stm32.9-2020-q2-update.macos64_1.5.0.202011040924/tools/bin/../lib/gcc/arm-none-eabi/9.3.1/../../../../arm-none-eabi/bin/ld: ThirdParty/FreeRTOS/queue.o: in function `prvNotifyQueueSetContainer':
/Users/siemen/repos/rtos_course/RTOS_workspace/001Tasks/Debug/../ThirdParty/FreeRTOS/queue.c:3014: undefined reference to `xCopyPosition'
collect2: error: ld returned 1 exit status
make: *** [makefile:72: 001Tasks.elf] Error 1
"make -j7 all" terminated with exit code 2. Build might be incomplete.
14:42:28 **** Incremental Build of configuration Debug for project 001Tasks ****
make -j7 all 
arm-none-eabi-gcc "../ThirdParty/FreeRTOS/tasks.c" -mcpu=cortex-m7 -std=gnu11 -g -DDEBUG -DUSE_HAL_DRIVER -DSTM32F750xx -c -I../Drivers/CMSIS/Include -I"/Users/siemen/repos/rtos_course/RTOS_workspace/001Tasks/ThirdParty/FreeRTOS" -I"/Users/siemen/repos/rtos_course/RTOS_workspace/001Tasks/ThirdParty/SEGGER/Config" -I"/Users/siemen/repos/rtos_course/RTOS_workspace/001Tasks/ThirdParty/SEGGER/OS" -I"/Users/siemen/repos/rtos_course/RTOS_workspace/001Tasks/ThirdParty/SEGGER/SEGGER" -I"/Users/siemen/repos/rtos_course/RTOS_workspace/001Tasks/ThirdParty/FreeRTOS/include" -I"/Users/siemen/repos/rtos_course/RTOS_workspace/001Tasks/ThirdParty/FreeRTOS/portable/GCC/ARM_CM7/r0p1" -I../Drivers/CMSIS/Device/ST/STM32F7xx/Include -I../Core/Inc -I../Drivers/STM32F7xx_HAL_Driver/Inc -I../Drivers/STM32F7xx_HAL_Driver/Inc/Legacy -O0 -ffunction-sections -fdata-sections -Wall -fstack-usage -MMD -MP -MF"ThirdParty/FreeRTOS/tasks.d" -MT"ThirdParty/FreeRTOS/tasks.o" --specs=nano.specs -mfpu=fpv5-sp-d16 -mfloat-abi=hard -mthumb -o "ThirdParty/FreeRTOS/tasks.o"
arm-none-eabi-gcc "../Core/Src/main.c" -mcpu=cortex-m7 -std=gnu11 -g -DDEBUG -DUSE_HAL_DRIVER -DSTM32F750xx -c -I../Drivers/CMSIS/Include -I"/Users/siemen/repos/rtos_course/RTOS_workspace/001Tasks/ThirdParty/FreeRTOS" -I"/Users/siemen/repos/rtos_course/RTOS_workspace/001Tasks/ThirdParty/SEGGER/Config" -I"/Users/siemen/repos/rtos_course/RTOS_workspace/001Tasks/ThirdParty/SEGGER/OS" -I"/Users/siemen/repos/rtos_course/RTOS_workspace/001Tasks/ThirdParty/SEGGER/SEGGER" -I"/Users/siemen/repos/rtos_course/RTOS_workspace/001Tasks/ThirdParty/FreeRTOS/include" -I"/Users/siemen/repos/rtos_course/RTOS_workspace/001Tasks/ThirdParty/FreeRTOS/portable/GCC/ARM_CM7/r0p1" -I../Drivers/CMSIS/Device/ST/STM32F7xx/Include -I../Core/Inc -I../Drivers/STM32F7xx_HAL_Driver/Inc -I../Drivers/STM32F7xx_HAL_Driver/Inc/Legacy -O0 -ffunction-sections -fdata-sections -Wall -fstack-usage -MMD -MP -MF"Core/Src/main.d" -MT"Core/Src/main.o" --specs=nano.specs -mfpu=fpv5-sp-d16 -mfloat-abi=hard -mthumb -o "Core/Src/main.o"
arm-none-eabi-gcc "../ThirdParty/SEGGER/OS/SEGGER_SYSVIEW_FreeRTOS.c" -mcpu=cortex-m7 -std=gnu11 -g -DDEBUG -DUSE_HAL_DRIVER -DSTM32F750xx -c -I../Core/Inc -I"/Users/siemen/repos/rtos_course/RTOS_workspace/001Tasks/ThirdParty/FreeRTOS/portable/GCC/ARM_CM7/r0p1" -I"/Users/siemen/repos/rtos_course/RTOS_workspace/001Tasks/ThirdParty/FreeRTOS" -I"/Users/siemen/repos/rtos_course/RTOS_workspace/001Tasks/ThirdParty/FreeRTOS/portable/GCC/ARM_CM7" -I"/Users/siemen/repos/rtos_course/RTOS_workspace/001Tasks/ThirdParty/FreeRTOS/include" -I../Drivers/STM32F7xx_HAL_Driver/Inc -I../Drivers/STM32F7xx_HAL_Driver/Inc/Legacy -I../Drivers/CMSIS/Device/ST/STM32F7xx/Include -I../Drivers/CMSIS/Include -O0 -ffunction-sections -fdata-sections -Wall -fstack-usage -MMD -MP -MF"ThirdParty/SEGGER/OS/SEGGER_SYSVIEW_FreeRTOS.d" -MT"ThirdParty/SEGGER/OS/SEGGER_SYSVIEW_FreeRTOS.o" --specs=nano.specs -mfpu=fpv5-sp-d16 -mfloat-abi=hard -mthumb -o "ThirdParty/SEGGER/OS/SEGGER_SYSVIEW_FreeRTOS.o"
arm-none-eabi-gcc "../ThirdParty/SEGGER/Config/SEGGER_SYSVIEW_Config_FreeRTOS.c" -mcpu=cortex-m7 -std=gnu11 -g -DDEBUG -DUSE_HAL_DRIVER -DSTM32F750xx -c -I../Core/Inc -I"/Users/siemen/repos/rtos_course/RTOS_workspace/001Tasks/ThirdParty/FreeRTOS/portable/GCC/ARM_CM7/r0p1" -I"/Users/siemen/repos/rtos_course/RTOS_workspace/001Tasks/ThirdParty/FreeRTOS" -I"/Users/siemen/repos/rtos_course/RTOS_workspace/001Tasks/ThirdParty/FreeRTOS/portable/GCC/ARM_CM7" -I"/Users/siemen/repos/rtos_course/RTOS_workspace/001Tasks/ThirdParty/FreeRTOS/include" -I../Drivers/STM32F7xx_HAL_Driver/Inc -I../Drivers/STM32F7xx_HAL_Driver/Inc/Legacy -I../Drivers/CMSIS/Device/ST/STM32F7xx/Include -I../Drivers/CMSIS/Include -O0 -ffunction-sections -fdata-sections -Wall -fstack-usage -MMD -MP -MF"ThirdParty/SEGGER/Config/SEGGER_SYSVIEW_Config_FreeRTOS.d" -MT"ThirdParty/SEGGER/Config/SEGGER_SYSVIEW_Config_FreeRTOS.o" --specs=nano.specs -mfpu=fpv5-sp-d16 -mfloat-abi=hard -mthumb -o "ThirdParty/SEGGER/Config/SEGGER_SYSVIEW_Config_FreeRTOS.o"
arm-none-eabi-gcc "../ThirdParty/FreeRTOS/portable/MemMang/heap_4.c" -mcpu=cortex-m7 -std=gnu11 -g -DDEBUG -DUSE_HAL_DRIVER -DSTM32F750xx -c -I../Drivers/CMSIS/Include -I"/Users/siemen/repos/rtos_course/RTOS_workspace/001Tasks/ThirdParty/FreeRTOS" -I"/Users/siemen/repos/rtos_course/RTOS_workspace/001Tasks/ThirdParty/SEGGER/Config" -I"/Users/siemen/repos/rtos_course/RTOS_workspace/001Tasks/ThirdParty/SEGGER/OS" -I"/Users/siemen/repos/rtos_course/RTOS_workspace/001Tasks/ThirdParty/SEGGER/SEGGER" -I"/Users/siemen/repos/rtos_course/RTOS_workspace/001Tasks/ThirdParty/FreeRTOS/include" -I"/Users/siemen/repos/rtos_course/RTOS_workspace/001Tasks/ThirdParty/FreeRTOS/portable/GCC/ARM_CM7/r0p1" -I../Drivers/CMSIS/Device/ST/STM32F7xx/Include -I../Core/Inc -I../Drivers/STM32F7xx_HAL_Driver/Inc -I../Drivers/STM32F7xx_HAL_Driver/Inc/Legacy -O0 -ffunction-sections -fdata-sections -Wall -fstack-usage -MMD -MP -MF"ThirdParty/FreeRTOS/portable/MemMang/heap_4.d" -MT"ThirdParty/FreeRTOS/portable/MemMang/heap_4.o" --specs=nano.specs -mfpu=fpv5-sp-d16 -mfloat-abi=hard -mthumb -o "ThirdParty/FreeRTOS/portable/MemMang/heap_4.o"
arm-none-eabi-gcc "../ThirdParty/FreeRTOS/portable/GCC/ARM_CM7/r0p1/port.c" -mcpu=cortex-m7 -std=gnu11 -g -DDEBUG -DUSE_HAL_DRIVER -DSTM32F750xx -c -I../Drivers/CMSIS/Include -I"/Users/siemen/repos/rtos_course/RTOS_workspace/001Tasks/ThirdParty/FreeRTOS" -I"/Users/siemen/repos/rtos_course/RTOS_workspace/001Tasks/ThirdParty/SEGGER/Config" -I"/Users/siemen/repos/rtos_course/RTOS_workspace/001Tasks/ThirdParty/SEGGER/OS" -I"/Users/siemen/repos/rtos_course/RTOS_workspace/001Tasks/ThirdParty/SEGGER/SEGGER" -I"/Users/siemen/repos/rtos_course/RTOS_workspace/001Tasks/ThirdParty/FreeRTOS/include" -I"/Users/siemen/repos/rtos_course/RTOS_workspace/001Tasks/ThirdParty/FreeRTOS/portable/GCC/ARM_CM7/r0p1" -I../Drivers/CMSIS/Device/ST/STM32F7xx/Include -I../Core/Inc -I../Drivers/STM32F7xx_HAL_Driver/Inc -I../Drivers/STM32F7xx_HAL_Driver/Inc/Legacy -O0 -ffunction-sections -fdata-sections -Wall -fstack-usage -MMD -MP -MF"ThirdParty/FreeRTOS/portable/GCC/ARM_CM7/r0p1/port.d" -MT"ThirdParty/FreeRTOS/portable/GCC/ARM_CM7/r0p1/port.o" --specs=nano.specs -mfpu=fpv5-sp-d16 -mfloat-abi=hard -mthumb -o "ThirdParty/FreeRTOS/portable/GCC/ARM_CM7/r0p1/port.o"
arm-none-eabi-gcc "../ThirdParty/FreeRTOS/croutine.c" -mcpu=cortex-m7 -std=gnu11 -g -DDEBUG -DUSE_HAL_DRIVER -DSTM32F750xx -c -I../Drivers/CMSIS/Include -I"/Users/siemen/repos/rtos_course/RTOS_workspace/001Tasks/ThirdParty/FreeRTOS" -I"/Users/siemen/repos/rtos_course/RTOS_workspace/001Tasks/ThirdParty/SEGGER/Config" -I"/Users/siemen/repos/rtos_course/RTOS_workspace/001Tasks/ThirdParty/SEGGER/OS" -I"/Users/siemen/repos/rtos_course/RTOS_workspace/001Tasks/ThirdParty/SEGGER/SEGGER" -I"/Users/siemen/repos/rtos_course/RTOS_workspace/001Tasks/ThirdParty/FreeRTOS/include" -I"/Users/siemen/repos/rtos_course/RTOS_workspace/001Tasks/ThirdParty/FreeRTOS/portable/GCC/ARM_CM7/r0p1" -I../Drivers/CMSIS/Device/ST/STM32F7xx/Include -I../Core/Inc -I../Drivers/STM32F7xx_HAL_Driver/Inc -I../Drivers/STM32F7xx_HAL_Driver/Inc/Legacy -O0 -ffunction-sections -fdata-sections -Wall -fstack-usage -MMD -MP -MF"ThirdParty/FreeRTOS/croutine.d" -MT"ThirdParty/FreeRTOS/croutine.o" --specs=nano.specs -mfpu=fpv5-sp-d16 -mfloat-abi=hard -mthumb -o "ThirdParty/FreeRTOS/croutine.o"
arm-none-eabi-gcc "../ThirdParty/FreeRTOS/event_groups.c" -mcpu=cortex-m7 -std=gnu11 -g -DDEBUG -DUSE_HAL_DRIVER -DSTM32F750xx -c -I../Drivers/CMSIS/Include -I"/Users/siemen/repos/rtos_course/RTOS_workspace/001Tasks/ThirdParty/FreeRTOS" -I"/Users/siemen/repos/rtos_course/RTOS_workspace/001Tasks/ThirdParty/SEGGER/Config" -I"/Users/siemen/repos/rtos_course/RTOS_workspace/001Tasks/ThirdParty/SEGGER/OS" -I"/Users/siemen/repos/rtos_course/RTOS_workspace/001Tasks/ThirdParty/SEGGER/SEGGER" -I"/Users/siemen/repos/rtos_course/RTOS_workspace/001Tasks/ThirdParty/FreeRTOS/include" -I"/Users/siemen/repos/rtos_course/RTOS_workspace/001Tasks/ThirdParty/FreeRTOS/portable/GCC/ARM_CM7/r0p1" -I../Drivers/CMSIS/Device/ST/STM32F7xx/Include -I../Core/Inc -I../Drivers/STM32F7xx_HAL_Driver/Inc -I../Drivers/STM32F7xx_HAL_Driver/Inc/Legacy -O0 -ffunction-sections -fdata-sections -Wall -fstack-usage -MMD -MP -MF"ThirdParty/FreeRTOS/event_groups.d" -MT"ThirdParty/FreeRTOS/event_groups.o" --specs=nano.specs -mfpu=fpv5-sp-d16 -mfloat-abi=hard -mthumb -o "ThirdParty/FreeRTOS/event_groups.o"
arm-none-eabi-gcc "../ThirdParty/FreeRTOS/list.c" -mcpu=cortex-m7 -std=gnu11 -g -DDEBUG -DUSE_HAL_DRIVER -DSTM32F750xx -c -I../Drivers/CMSIS/Include -I"/Users/siemen/repos/rtos_course/RTOS_workspace/001Tasks/ThirdParty/FreeRTOS" -I"/Users/siemen/repos/rtos_course/RTOS_workspace/001Tasks/ThirdParty/SEGGER/Config" -I"/Users/siemen/repos/rtos_course/RTOS_workspace/001Tasks/ThirdParty/SEGGER/OS" -I"/Users/siemen/repos/rtos_course/RTOS_workspace/001Tasks/ThirdParty/SEGGER/SEGGER" -I"/Users/siemen/repos/rtos_course/RTOS_workspace/001Tasks/ThirdParty/FreeRTOS/include" -I"/Users/siemen/repos/rtos_course/RTOS_workspace/001Tasks/ThirdParty/FreeRTOS/portable/GCC/ARM_CM7/r0p1" -I../Drivers/CMSIS/Device/ST/STM32F7xx/Include -I../Core/Inc -I../Drivers/STM32F7xx_HAL_Driver/Inc -I../Drivers/STM32F7xx_HAL_Driver/Inc/Legacy -O0 -ffunction-sections -fdata-sections -Wall -fstack-usage -MMD -MP -MF"ThirdParty/FreeRTOS/list.d" -MT"ThirdParty/FreeRTOS/list.o" --specs=nano.specs -mfpu=fpv5-sp-d16 -mfloat-abi=hard -mthumb -o "ThirdParty/FreeRTOS/list.o"
arm-none-eabi-gcc "../ThirdParty/FreeRTOS/queue.c" -mcpu=cortex-m7 -std=gnu11 -g -DDEBUG -DUSE_HAL_DRIVER -DSTM32F750xx -c -I../Drivers/CMSIS/Include -I"/Users/siemen/repos/rtos_course/RTOS_workspace/001Tasks/ThirdParty/FreeRTOS" -I"/Users/siemen/repos/rtos_course/RTOS_workspace/001Tasks/ThirdParty/SEGGER/Config" -I"/Users/siemen/repos/rtos_course/RTOS_workspace/001Tasks/ThirdParty/SEGGER/OS" -I"/Users/siemen/repos/rtos_course/RTOS_workspace/001Tasks/ThirdParty/SEGGER/SEGGER" -I"/Users/siemen/repos/rtos_course/RTOS_workspace/001Tasks/ThirdParty/FreeRTOS/include" -I"/Users/siemen/repos/rtos_course/RTOS_workspace/001Tasks/ThirdParty/FreeRTOS/portable/GCC/ARM_CM7/r0p1" -I../Drivers/CMSIS/Device/ST/STM32F7xx/Include -I../Core/Inc -I../Drivers/STM32F7xx_HAL_Driver/Inc -I../Drivers/STM32F7xx_HAL_Driver/Inc/Legacy -O0 -ffunction-sections -fdata-sections -Wall -fstack-usage -MMD -MP -MF"ThirdParty/FreeRTOS/queue.d" -MT"ThirdParty/FreeRTOS/queue.o" --specs=nano.specs -mfpu=fpv5-sp-d16 -mfloat-abi=hard -mthumb -o "ThirdParty/FreeRTOS/queue.o"
arm-none-eabi-gcc "../ThirdParty/FreeRTOS/stream_buffer.c" -mcpu=cortex-m7 -std=gnu11 -g -DDEBUG -DUSE_HAL_DRIVER -DSTM32F750xx -c -I../Drivers/CMSIS/Include -I"/Users/siemen/repos/rtos_course/RTOS_workspace/001Tasks/ThirdParty/FreeRTOS" -I"/Users/siemen/repos/rtos_course/RTOS_workspace/001Tasks/ThirdParty/SEGGER/Config" -I"/Users/siemen/repos/rtos_course/RTOS_workspace/001Tasks/ThirdParty/SEGGER/OS" -I"/Users/siemen/repos/rtos_course/RTOS_workspace/001Tasks/ThirdParty/SEGGER/SEGGER" -I"/Users/siemen/repos/rtos_course/RTOS_workspace/001Tasks/ThirdParty/FreeRTOS/include" -I"/Users/siemen/repos/rtos_course/RTOS_workspace/001Tasks/ThirdParty/FreeRTOS/portable/GCC/ARM_CM7/r0p1" -I../Drivers/CMSIS/Device/ST/STM32F7xx/Include -I../Core/Inc -I../Drivers/STM32F7xx_HAL_Driver/Inc -I../Drivers/STM32F7xx_HAL_Driver/Inc/Legacy -O0 -ffunction-sections -fdata-sections -Wall -fstack-usage -MMD -MP -MF"ThirdParty/FreeRTOS/stream_buffer.d" -MT"ThirdParty/FreeRTOS/stream_buffer.o" --specs=nano.specs -mfpu=fpv5-sp-d16 -mfloat-abi=hard -mthumb -o "ThirdParty/FreeRTOS/stream_buffer.o"
arm-none-eabi-gcc "../ThirdParty/FreeRTOS/timers.c" -mcpu=cortex-m7 -std=gnu11 -g -DDEBUG -DUSE_HAL_DRIVER -DSTM32F750xx -c -I../Drivers/CMSIS/Include -I"/Users/siemen/repos/rtos_course/RTOS_workspace/001Tasks/ThirdParty/FreeRTOS" -I"/Users/siemen/repos/rtos_course/RTOS_workspace/001Tasks/ThirdParty/SEGGER/Config" -I"/Users/siemen/repos/rtos_course/RTOS_workspace/001Tasks/ThirdParty/SEGGER/OS" -I"/Users/siemen/repos/rtos_course/RTOS_workspace/001Tasks/ThirdParty/SEGGER/SEGGER" -I"/Users/siemen/repos/rtos_course/RTOS_workspace/001Tasks/ThirdParty/FreeRTOS/include" -I"/Users/siemen/repos/rtos_course/RTOS_workspace/001Tasks/ThirdParty/FreeRTOS/portable/GCC/ARM_CM7/r0p1" -I../Drivers/CMSIS/Device/ST/STM32F7xx/Include -I../Core/Inc -I../Drivers/STM32F7xx_HAL_Driver/Inc -I../Drivers/STM32F7xx_HAL_Driver/Inc/Legacy -O0 -ffunction-sections -fdata-sections -Wall -fstack-usage -MMD -MP -MF"ThirdParty/FreeRTOS/timers.d" -MT"ThirdParty/FreeRTOS/timers.o" --specs=nano.specs -mfpu=fpv5-sp-d16 -mfloat-abi=hard -mthumb -o "ThirdParty/FreeRTOS/timers.o"
In file included from /Users/siemen/repos/rtos_course/RTOS_workspace/001Tasks/ThirdParty/FreeRTOS/FreeRTOSConfig.h:153,
                 from /Users/siemen/repos/rtos_course/RTOS_workspace/001Tasks/ThirdParty/FreeRTOS/include/FreeRTOS.h:57,
                 from ../ThirdParty/FreeRTOS/queue.c:35:
../ThirdParty/FreeRTOS/queue.c: In function 'prvNotifyQueueSetContainer':
/Users/siemen/repos/rtos_course/RTOS_workspace/001Tasks/ThirdParty/FreeRTOS/../SEGGER/OS/SEGGER_SYSVIEW_FreeRTOS.h:224:195: error: 'xCopyPosition' undeclared (first use in this function)
  224 |   #define traceQUEUE_SEND( pxQueue )                                            SEGGER_SYSVIEW_RecordU32x4(apiID_OFFSET + apiID_XQUEUEGENERICSEND, SEGGER_SYSVIEW_ShrinkId((U32)pxQueue), 0u, 0u, xCopyPosition)
      |                                                                                                                                                                                                   ^~~~~~~~~~~~~
/Users/siemen/repos/rtos_course/RTOS_workspace/001Tasks/ThirdParty/FreeRTOS/include/FreeRTOS.h:512:36: note: in expansion of macro 'traceQUEUE_SEND'
  512 |     #define traceQUEUE_SET_SEND    traceQUEUE_SEND
      |                                    ^~~~~~~~~~~~~~~
../ThirdParty/FreeRTOS/queue.c:2977:13: note: in expansion of macro 'traceQUEUE_SET_SEND'
 2977 |             traceQUEUE_SET_SEND( pxQueueSetContainer );
      |             ^~~~~~~~~~~~~~~~~~~
/Users/siemen/repos/rtos_course/RTOS_workspace/001Tasks/ThirdParty/FreeRTOS/../SEGGER/OS/SEGGER_SYSVIEW_FreeRTOS.h:224:195: note: each undeclared identifier is reported only once for each function it appears in
  224 |   #define traceQUEUE_SEND( pxQueue )                                            SEGGER_SYSVIEW_RecordU32x4(apiID_OFFSET + apiID_XQUEUEGENERICSEND, SEGGER_SYSVIEW_ShrinkId((U32)pxQueue), 0u, 0u, xCopyPosition)
      |                                                                                                                                                                                                   ^~~~~~~~~~~~~
/Users/siemen/repos/rtos_course/RTOS_workspace/001Tasks/ThirdParty/FreeRTOS/include/FreeRTOS.h:512:36: note: in expansion of macro 'traceQUEUE_SEND'
  512 |     #define traceQUEUE_SET_SEND    traceQUEUE_SEND
      |                                    ^~~~~~~~~~~~~~~
../ThirdParty/FreeRTOS/queue.c:2977:13: note: in expansion of macro 'traceQUEUE_SET_SEND'
 2977 |             traceQUEUE_SET_SEND( pxQueueSetContainer );
      |             ^~~~~~~~~~~~~~~~~~~
make: *** [ThirdParty/FreeRTOS/subdir.mk:43: ThirdParty/FreeRTOS/queue.o] Error 1
make: *** Waiting for unfinished jobs....
"make -j7 all" terminated with exit code 2. Build might be incomplete.
15:07:57 **** Incremental Build of configuration Debug for project 001Tasks ****
make -j7 all 
arm-none-eabi-gcc "../ThirdParty/FreeRTOS/queue.c" -mcpu=cortex-m7 -std=gnu11 -g -DDEBUG -DUSE_HAL_DRIVER -DSTM32F750xx -c -I../Drivers/CMSIS/Include -I"/Users/siemen/repos/rtos_course/RTOS_workspace/001Tasks/ThirdParty/FreeRTOS" -I"/Users/siemen/repos/rtos_course/RTOS_workspace/001Tasks/ThirdParty/SEGGER/Config" -I"/Users/siemen/repos/rtos_course/RTOS_workspace/001Tasks/ThirdParty/SEGGER/OS" -I"/Users/siemen/repos/rtos_course/RTOS_workspace/001Tasks/ThirdParty/SEGGER/SEGGER" -I"/Users/siemen/repos/rtos_course/RTOS_workspace/001Tasks/ThirdParty/FreeRTOS/include" -I"/Users/siemen/repos/rtos_course/RTOS_workspace/001Tasks/ThirdParty/FreeRTOS/portable/GCC/ARM_CM7/r0p1" -I../Drivers/CMSIS/Device/ST/STM32F7xx/Include -I../Core/Inc -I../Drivers/STM32F7xx_HAL_Driver/Inc -I../Drivers/STM32F7xx_HAL_Driver/Inc/Legacy -O0 -ffunction-sections -fdata-sections -Wall -fstack-usage -MMD -MP -MF"ThirdParty/FreeRTOS/queue.d" -MT"ThirdParty/FreeRTOS/queue.o" --specs=nano.specs -mfpu=fpv5-sp-d16 -mfloat-abi=hard -mthumb -o "ThirdParty/FreeRTOS/queue.o"
arm-none-eabi-gcc "../ThirdParty/FreeRTOS/tasks.c" -mcpu=cortex-m7 -std=gnu11 -g -DDEBUG -DUSE_HAL_DRIVER -DSTM32F750xx -c -I../Drivers/CMSIS/Include -I"/Users/siemen/repos/rtos_course/RTOS_workspace/001Tasks/ThirdParty/FreeRTOS" -I"/Users/siemen/repos/rtos_course/RTOS_workspace/001Tasks/ThirdParty/SEGGER/Config" -I"/Users/siemen/repos/rtos_course/RTOS_workspace/001Tasks/ThirdParty/SEGGER/OS" -I"/Users/siemen/repos/rtos_course/RTOS_workspace/001Tasks/ThirdParty/SEGGER/SEGGER" -I"/Users/siemen/repos/rtos_course/RTOS_workspace/001Tasks/ThirdParty/FreeRTOS/include" -I"/Users/siemen/repos/rtos_course/RTOS_workspace/001Tasks/ThirdParty/FreeRTOS/portable/GCC/ARM_CM7/r0p1" -I../Drivers/CMSIS/Device/ST/STM32F7xx/Include -I../Core/Inc -I../Drivers/STM32F7xx_HAL_Driver/Inc -I../Drivers/STM32F7xx_HAL_Driver/Inc/Legacy -O0 -ffunction-sections -fdata-sections -Wall -fstack-usage -MMD -MP -MF"ThirdParty/FreeRTOS/tasks.d" -MT"ThirdParty/FreeRTOS/tasks.o" --specs=nano.specs -mfpu=fpv5-sp-d16 -mfloat-abi=hard -mthumb -o "ThirdParty/FreeRTOS/tasks.o"
arm-none-eabi-gcc "../Core/Src/main.c" -mcpu=cortex-m7 -std=gnu11 -g -DDEBUG -DUSE_HAL_DRIVER -DSTM32F750xx -c -I../Drivers/CMSIS/Include -I"/Users/siemen/repos/rtos_course/RTOS_workspace/001Tasks/ThirdParty/FreeRTOS" -I"/Users/siemen/repos/rtos_course/RTOS_workspace/001Tasks/ThirdParty/SEGGER/Config" -I"/Users/siemen/repos/rtos_course/RTOS_workspace/001Tasks/ThirdParty/SEGGER/OS" -I"/Users/siemen/repos/rtos_course/RTOS_workspace/001Tasks/ThirdParty/SEGGER/SEGGER" -I"/Users/siemen/repos/rtos_course/RTOS_workspace/001Tasks/ThirdParty/FreeRTOS/include" -I"/Users/siemen/repos/rtos_course/RTOS_workspace/001Tasks/ThirdParty/FreeRTOS/portable/GCC/ARM_CM7/r0p1" -I../Drivers/CMSIS/Device/ST/STM32F7xx/Include -I../Core/Inc -I../Drivers/STM32F7xx_HAL_Driver/Inc -I../Drivers/STM32F7xx_HAL_Driver/Inc/Legacy -O0 -ffunction-sections -fdata-sections -Wall -fstack-usage -MMD -MP -MF"Core/Src/main.d" -MT"Core/Src/main.o" --specs=nano.specs -mfpu=fpv5-sp-d16 -mfloat-abi=hard -mthumb -o "Core/Src/main.o"
arm-none-eabi-gcc -o "001Tasks.elf" @"objects.list"   -mcpu=cortex-m7 -T"/Users/siemen/repos/rtos_course/RTOS_workspace/001Tasks/STM32F750N8HX_FLASH.ld" --specs=nosys.specs -Wl,-Map="001Tasks.map" -Wl,--gc-sections -static --specs=nano.specs -mfpu=fpv5-sp-d16 -mfloat-abi=hard -mthumb -Wl,--start-group -lc -lm -Wl,--end-group
Finished building target: 001Tasks.elf
 
arm-none-eabi-size   001Tasks.elf 
arm-none-eabi-objdump -h -S  001Tasks.elf  > "001Tasks.list"
arm-none-eabi-objcopy  -O binary  001Tasks.elf  "001Tasks.bin"
Finished building: 001Tasks.bin
 
   text	   data	    bss	    dec	    hex	filename
  32436	    128	  54968	  87532	  155ec	001Tasks.elf
Finished building: default.size.stdout
 
Finished building: 001Tasks.list
 
15:09:41 **** Incremental Build of configuration Debug for project 001Tasks ****
make -j7 all 
arm-none-eabi-size   001Tasks.elf 
   text	   data	    bss	    dec	    hex	filename
  32436	    128	  54968	  87532	  155ec	001Tasks.elf
Finished building: default.size.stdout
 
15:14:32 **** Incremental Build of configuration Debug for project 001Tasks ****
make -j7 all 
arm-none-eabi-gcc "../Core/Src/main.c" -mcpu=cortex-m7 -std=gnu11 -g -DDEBUG -DUSE_HAL_DRIVER -DSTM32F750xx -c -I../Drivers/CMSIS/Include -I"/Users/siemen/repos/rtos_course/RTOS_workspace/001Tasks/ThirdParty/FreeRTOS" -I"/Users/siemen/repos/rtos_course/RTOS_workspace/001Tasks/ThirdParty/SEGGER/Config" -I"/Users/siemen/repos/rtos_course/RTOS_workspace/001Tasks/ThirdParty/SEGGER/OS" -I"/Users/siemen/repos/rtos_course/RTOS_workspace/001Tasks/ThirdParty/SEGGER/SEGGER" -I"/Users/siemen/repos/rtos_course/RTOS_workspace/001Tasks/ThirdParty/FreeRTOS/include" -I"/Users/siemen/repos/rtos_course/RTOS_workspace/001Tasks/ThirdParty/FreeRTOS/portable/GCC/ARM_CM7/r0p1" -I../Drivers/CMSIS/Device/ST/STM32F7xx/Include -I../Core/Inc -I../Drivers/STM32F7xx_HAL_Driver/Inc -I../Drivers/STM32F7xx_HAL_Driver/Inc/Legacy -O0 -ffunction-sections -fdata-sections -Wall -fstack-usage -MMD -MP -MF"Core/Src/main.d" -MT"Core/Src/main.o" --specs=nano.specs -mfpu=fpv5-sp-d16 -mfloat-abi=hard -mthumb -o "Core/Src/main.o"
arm-none-eabi-gcc -o "001Tasks.elf" @"objects.list"   -mcpu=cortex-m7 -T"/Users/siemen/repos/rtos_course/RTOS_workspace/001Tasks/STM32F750N8HX_FLASH.ld" --specs=nosys.specs -Wl,-Map="001Tasks.map" -Wl,--gc-sections -static --specs=nano.specs -mfpu=fpv5-sp-d16 -mfloat-abi=hard -mthumb -Wl,--start-group -lc -lm -Wl,--end-group
Finished building target: 001Tasks.elf
 
arm-none-eabi-objdump -h -S  001Tasks.elf  > "001Tasks.list"
arm-none-eabi-objcopy  -O binary  001Tasks.elf  "001Tasks.bin"
arm-none-eabi-size   001Tasks.elf 
   text	   data	    bss	    dec	    hex	filename
  32516	    128	  54968	  87612	  1563c	001Tasks.elf
Finished building: default.size.stdout
 
Finished building: 001Tasks.bin
 
Finished building: 001Tasks.list
 
15:14:43 **** Incremental Build of configuration Debug for project 001Tasks ****
make -j7 all 
arm-none-eabi-size   001Tasks.elf 
   text	   data	    bss	    dec	    hex	filename
  32516	    128	  54968	  87612	  1563c	001Tasks.elf
Finished building: default.size.stdout
 
15:15:50 **** Incremental Build of configuration Debug for project 001Tasks ****
make -j7 all 
arm-none-eabi-gcc "../Core/Src/main.c" -mcpu=cortex-m7 -std=gnu11 -g -DDEBUG -DUSE_HAL_DRIVER -DSTM32F750xx -c -I../Drivers/CMSIS/Include -I"/Users/siemen/repos/rtos_course/RTOS_workspace/001Tasks/ThirdParty/FreeRTOS" -I"/Users/siemen/repos/rtos_course/RTOS_workspace/001Tasks/ThirdParty/SEGGER/Config" -I"/Users/siemen/repos/rtos_course/RTOS_workspace/001Tasks/ThirdParty/SEGGER/OS" -I"/Users/siemen/repos/rtos_course/RTOS_workspace/001Tasks/ThirdParty/SEGGER/SEGGER" -I"/Users/siemen/repos/rtos_course/RTOS_workspace/001Tasks/ThirdParty/FreeRTOS/include" -I"/Users/siemen/repos/rtos_course/RTOS_workspace/001Tasks/ThirdParty/FreeRTOS/portable/GCC/ARM_CM7/r0p1" -I../Drivers/CMSIS/Device/ST/STM32F7xx/Include -I../Core/Inc -I../Drivers/STM32F7xx_HAL_Driver/Inc -I../Drivers/STM32F7xx_HAL_Driver/Inc/Legacy -O0 -ffunction-sections -fdata-sections -Wall -fstack-usage -MMD -MP -MF"Core/Src/main.d" -MT"Core/Src/main.o" --specs=nano.specs -mfpu=fpv5-sp-d16 -mfloat-abi=hard -mthumb -o "Core/Src/main.o"
arm-none-eabi-gcc -o "001Tasks.elf" @"objects.list"   -mcpu=cortex-m7 -T"/Users/siemen/repos/rtos_course/RTOS_workspace/001Tasks/STM32F750N8HX_FLASH.ld" --specs=nosys.specs -Wl,-Map="001Tasks.map" -Wl,--gc-sections -static --specs=nano.specs -mfpu=fpv5-sp-d16 -mfloat-abi=hard -mthumb -Wl,--start-group -lc -lm -Wl,--end-group
Finished building target: 001Tasks.elf
 
arm-none-eabi-objdump -h -S  001Tasks.elf  > "001Tasks.list"
arm-none-eabi-objcopy  -O binary  001Tasks.elf  "001Tasks.bin"
arm-none-eabi-size   001Tasks.elf 
   text	   data	    bss	    dec	    hex	filename
  32516	    128	  54968	  87612	  1563c	001Tasks.elf
Finished building: default.size.stdout
 
Finished building: 001Tasks.bin
 
Finished building: 001Tasks.list
 
15:15:54 **** Incremental Build of configuration Debug for project 001Tasks ****
make -j7 all 
arm-none-eabi-size   001Tasks.elf 
   text	   data	    bss	    dec	    hex	filename
  32516	    128	  54968	  87612	  1563c	001Tasks.elf
Finished building: default.size.stdout
 
15:16:12 **** Incremental Build of configuration Debug for project 001Tasks ****
make -j7 all 
arm-none-eabi-size   001Tasks.elf 
   text	   data	    bss	    dec	    hex	filename
  32516	    128	  54968	  87612	  1563c	001Tasks.elf
Finished building: default.size.stdout
 
15:20:41 **** Incremental Build of configuration Debug for project 001Tasks ****
make -j7 all 
arm-none-eabi-gcc "../Core/Src/main.c" -mcpu=cortex-m7 -std=gnu11 -g -DDEBUG -DUSE_HAL_DRIVER -DSTM32F750xx -c -I../Drivers/CMSIS/Include -I"/Users/siemen/repos/rtos_course/RTOS_workspace/001Tasks/ThirdParty/FreeRTOS" -I"/Users/siemen/repos/rtos_course/RTOS_workspace/001Tasks/ThirdParty/SEGGER/Config" -I"/Users/siemen/repos/rtos_course/RTOS_workspace/001Tasks/ThirdParty/SEGGER/OS" -I"/Users/siemen/repos/rtos_course/RTOS_workspace/001Tasks/ThirdParty/SEGGER/SEGGER" -I"/Users/siemen/repos/rtos_course/RTOS_workspace/001Tasks/ThirdParty/FreeRTOS/include" -I"/Users/siemen/repos/rtos_course/RTOS_workspace/001Tasks/ThirdParty/FreeRTOS/portable/GCC/ARM_CM7/r0p1" -I../Drivers/CMSIS/Device/ST/STM32F7xx/Include -I../Core/Inc -I../Drivers/STM32F7xx_HAL_Driver/Inc -I../Drivers/STM32F7xx_HAL_Driver/Inc/Legacy -O0 -ffunction-sections -fdata-sections -Wall -fstack-usage -MMD -MP -MF"Core/Src/main.d" -MT"Core/Src/main.o" --specs=nano.specs -mfpu=fpv5-sp-d16 -mfloat-abi=hard -mthumb -o "Core/Src/main.o"
arm-none-eabi-gcc "../Core/Src/stm32f7xx_hal_msp.c" -mcpu=cortex-m7 -std=gnu11 -g -DDEBUG -DUSE_HAL_DRIVER -DSTM32F750xx -c -I../Drivers/CMSIS/Include -I"/Users/siemen/repos/rtos_course/RTOS_workspace/001Tasks/ThirdParty/FreeRTOS" -I"/Users/siemen/repos/rtos_course/RTOS_workspace/001Tasks/ThirdParty/SEGGER/Config" -I"/Users/siemen/repos/rtos_course/RTOS_workspace/001Tasks/ThirdParty/SEGGER/OS" -I"/Users/siemen/repos/rtos_course/RTOS_workspace/001Tasks/ThirdParty/SEGGER/SEGGER" -I"/Users/siemen/repos/rtos_course/RTOS_workspace/001Tasks/ThirdParty/FreeRTOS/include" -I"/Users/siemen/repos/rtos_course/RTOS_workspace/001Tasks/ThirdParty/FreeRTOS/portable/GCC/ARM_CM7/r0p1" -I../Drivers/CMSIS/Device/ST/STM32F7xx/Include -I../Core/Inc -I../Drivers/STM32F7xx_HAL_Driver/Inc -I../Drivers/STM32F7xx_HAL_Driver/Inc/Legacy -O0 -ffunction-sections -fdata-sections -Wall -fstack-usage -MMD -MP -MF"Core/Src/stm32f7xx_hal_msp.d" -MT"Core/Src/stm32f7xx_hal_msp.o" --specs=nano.specs -mfpu=fpv5-sp-d16 -mfloat-abi=hard -mthumb -o "Core/Src/stm32f7xx_hal_msp.o"
../Core/Src/stm32f7xx_hal_msp.c: In function 'HAL_MspInit':
../Core/Src/stm32f7xx_hal_msp.c:76:3: warning: implicit declaration of function 'vInitPrioGroupValue' [-Wimplicit-function-declaration]
   76 |   vInitPrioGroupValue();
      |   ^~~~~~~~~~~~~~~~~~~
arm-none-eabi-gcc -o "001Tasks.elf" @"objects.list"   -mcpu=cortex-m7 -T"/Users/siemen/repos/rtos_course/RTOS_workspace/001Tasks/STM32F750N8HX_FLASH.ld" --specs=nosys.specs -Wl,-Map="001Tasks.map" -Wl,--gc-sections -static --specs=nano.specs -mfpu=fpv5-sp-d16 -mfloat-abi=hard -mthumb -Wl,--start-group -lc -lm -Wl,--end-group
/Applications/STM32CubeIDE.app/Contents/Eclipse/plugins/com.st.stm32cube.ide.mcu.externaltools.gnu-tools-for-stm32.9-2020-q2-update.macos64_1.5.0.202011040924/tools/bin/../lib/gcc/arm-none-eabi/9.3.1/../../../../arm-none-eabi/bin/ld: Core/Src/stm32f7xx_hal_msp.o: in function `HAL_MspInit':
/Users/siemen/repos/rtos_course/RTOS_workspace/001Tasks/Debug/../Core/Src/stm32f7xx_hal_msp.c:76: undefined reference to `vInitPrioGroupValue'
collect2: error: ld returned 1 exit status
make: *** [makefile:72: 001Tasks.elf] Error 1
"make -j7 all" terminated with exit code 2. Build might be incomplete.
15:32:57 **** Incremental Build of configuration Debug for project 001Tasks ****
make -j7 all 
arm-none-eabi-gcc "../Core/Src/main.c" -mcpu=cortex-m7 -std=gnu11 -g -DDEBUG -DUSE_HAL_DRIVER -DSTM32F750xx -c -I../Drivers/CMSIS/Include -I"/Users/siemen/repos/rtos_course/RTOS_workspace/001Tasks/ThirdParty/FreeRTOS" -I"/Users/siemen/repos/rtos_course/RTOS_workspace/001Tasks/ThirdParty/SEGGER/Config" -I"/Users/siemen/repos/rtos_course/RTOS_workspace/001Tasks/ThirdParty/SEGGER/OS" -I"/Users/siemen/repos/rtos_course/RTOS_workspace/001Tasks/ThirdParty/SEGGER/SEGGER" -I"/Users/siemen/repos/rtos_course/RTOS_workspace/001Tasks/ThirdParty/FreeRTOS/include" -I"/Users/siemen/repos/rtos_course/RTOS_workspace/001Tasks/ThirdParty/FreeRTOS/portable/GCC/ARM_CM7/r0p1" -I../Drivers/CMSIS/Device/ST/STM32F7xx/Include -I../Core/Inc -I../Drivers/STM32F7xx_HAL_Driver/Inc -I../Drivers/STM32F7xx_HAL_Driver/Inc/Legacy -O0 -ffunction-sections -fdata-sections -Wall -fstack-usage -MMD -MP -MF"Core/Src/main.d" -MT"Core/Src/main.o" --specs=nano.specs -mfpu=fpv5-sp-d16 -mfloat-abi=hard -mthumb -o "Core/Src/main.o"
arm-none-eabi-gcc -o "001Tasks.elf" @"objects.list"   -mcpu=cortex-m7 -T"/Users/siemen/repos/rtos_course/RTOS_workspace/001Tasks/STM32F750N8HX_FLASH.ld" --specs=nosys.specs -Wl,-Map="001Tasks.map" -Wl,--gc-sections -static --specs=nano.specs -mfpu=fpv5-sp-d16 -mfloat-abi=hard -mthumb -Wl,--start-group -lc -lm -Wl,--end-group
/Applications/STM32CubeIDE.app/Contents/Eclipse/plugins/com.st.stm32cube.ide.mcu.externaltools.gnu-tools-for-stm32.9-2020-q2-update.macos64_1.5.0.202011040924/tools/bin/../lib/gcc/arm-none-eabi/9.3.1/../../../../arm-none-eabi/bin/ld: Core/Src/stm32f7xx_hal_msp.o: in function `HAL_MspInit':
/Users/siemen/repos/rtos_course/RTOS_workspace/001Tasks/Debug/../Core/Src/stm32f7xx_hal_msp.c:76: undefined reference to `vInitPrioGroupValue'
collect2: error: ld returned 1 exit status
make: *** [makefile:72: 001Tasks.elf] Error 1
"make -j7 all" terminated with exit code 2. Build might be incomplete.
15:42:15 **** Incremental Build of configuration Debug for project 001Tasks ****
make -j7 all 
arm-none-eabi-gcc "../ThirdParty/SEGGER/OS/SEGGER_SYSVIEW_FreeRTOS.c" -mcpu=cortex-m7 -std=gnu11 -g -DDEBUG -DUSE_HAL_DRIVER -DSTM32F750xx -c -I../Core/Inc -I"/Users/siemen/repos/rtos_course/RTOS_workspace/001Tasks/ThirdParty/FreeRTOS/portable/GCC/ARM_CM7/r0p1" -I"/Users/siemen/repos/rtos_course/RTOS_workspace/001Tasks/ThirdParty/FreeRTOS" -I"/Users/siemen/repos/rtos_course/RTOS_workspace/001Tasks/ThirdParty/FreeRTOS/portable/GCC/ARM_CM7" -I"/Users/siemen/repos/rtos_course/RTOS_workspace/001Tasks/ThirdParty/FreeRTOS/include" -I../Drivers/STM32F7xx_HAL_Driver/Inc -I../Drivers/STM32F7xx_HAL_Driver/Inc/Legacy -I../Drivers/CMSIS/Device/ST/STM32F7xx/Include -I../Drivers/CMSIS/Include -O0 -ffunction-sections -fdata-sections -Wall -fstack-usage -MMD -MP -MF"ThirdParty/SEGGER/OS/SEGGER_SYSVIEW_FreeRTOS.d" -MT"ThirdParty/SEGGER/OS/SEGGER_SYSVIEW_FreeRTOS.o" --specs=nano.specs -mfpu=fpv5-sp-d16 -mfloat-abi=hard -mthumb -o "ThirdParty/SEGGER/OS/SEGGER_SYSVIEW_FreeRTOS.o"
arm-none-eabi-gcc "../ThirdParty/SEGGER/Config/SEGGER_SYSVIEW_Config_FreeRTOS.c" -mcpu=cortex-m7 -std=gnu11 -g -DDEBUG -DUSE_HAL_DRIVER -DSTM32F750xx -c -I../Core/Inc -I"/Users/siemen/repos/rtos_course/RTOS_workspace/001Tasks/ThirdParty/FreeRTOS/portable/GCC/ARM_CM7/r0p1" -I"/Users/siemen/repos/rtos_course/RTOS_workspace/001Tasks/ThirdParty/FreeRTOS" -I"/Users/siemen/repos/rtos_course/RTOS_workspace/001Tasks/ThirdParty/FreeRTOS/portable/GCC/ARM_CM7" -I"/Users/siemen/repos/rtos_course/RTOS_workspace/001Tasks/ThirdParty/FreeRTOS/include" -I../Drivers/STM32F7xx_HAL_Driver/Inc -I../Drivers/STM32F7xx_HAL_Driver/Inc/Legacy -I../Drivers/CMSIS/Device/ST/STM32F7xx/Include -I../Drivers/CMSIS/Include -O0 -ffunction-sections -fdata-sections -Wall -fstack-usage -MMD -MP -MF"ThirdParty/SEGGER/Config/SEGGER_SYSVIEW_Config_FreeRTOS.d" -MT"ThirdParty/SEGGER/Config/SEGGER_SYSVIEW_Config_FreeRTOS.o" --specs=nano.specs -mfpu=fpv5-sp-d16 -mfloat-abi=hard -mthumb -o "ThirdParty/SEGGER/Config/SEGGER_SYSVIEW_Config_FreeRTOS.o"
arm-none-eabi-gcc "../ThirdParty/FreeRTOS/portable/MemMang/heap_4.c" -mcpu=cortex-m7 -std=gnu11 -g -DDEBUG -DUSE_HAL_DRIVER -DSTM32F750xx -c -I../Drivers/CMSIS/Include -I"/Users/siemen/repos/rtos_course/RTOS_workspace/001Tasks/ThirdParty/FreeRTOS" -I"/Users/siemen/repos/rtos_course/RTOS_workspace/001Tasks/ThirdParty/SEGGER/Config" -I"/Users/siemen/repos/rtos_course/RTOS_workspace/001Tasks/ThirdParty/SEGGER/OS" -I"/Users/siemen/repos/rtos_course/RTOS_workspace/001Tasks/ThirdParty/SEGGER/SEGGER" -I"/Users/siemen/repos/rtos_course/RTOS_workspace/001Tasks/ThirdParty/FreeRTOS/include" -I"/Users/siemen/repos/rtos_course/RTOS_workspace/001Tasks/ThirdParty/FreeRTOS/portable/GCC/ARM_CM7/r0p1" -I../Drivers/CMSIS/Device/ST/STM32F7xx/Include -I../Core/Inc -I../Drivers/STM32F7xx_HAL_Driver/Inc -I../Drivers/STM32F7xx_HAL_Driver/Inc/Legacy -O0 -ffunction-sections -fdata-sections -Wall -fstack-usage -MMD -MP -MF"ThirdParty/FreeRTOS/portable/MemMang/heap_4.d" -MT"ThirdParty/FreeRTOS/portable/MemMang/heap_4.o" --specs=nano.specs -mfpu=fpv5-sp-d16 -mfloat-abi=hard -mthumb -o "ThirdParty/FreeRTOS/portable/MemMang/heap_4.o"
arm-none-eabi-gcc "../ThirdParty/FreeRTOS/portable/GCC/ARM_CM7/r0p1/port.c" -mcpu=cortex-m7 -std=gnu11 -g -DDEBUG -DUSE_HAL_DRIVER -DSTM32F750xx -c -I../Drivers/CMSIS/Include -I"/Users/siemen/repos/rtos_course/RTOS_workspace/001Tasks/ThirdParty/FreeRTOS" -I"/Users/siemen/repos/rtos_course/RTOS_workspace/001Tasks/ThirdParty/SEGGER/Config" -I"/Users/siemen/repos/rtos_course/RTOS_workspace/001Tasks/ThirdParty/SEGGER/OS" -I"/Users/siemen/repos/rtos_course/RTOS_workspace/001Tasks/ThirdParty/SEGGER/SEGGER" -I"/Users/siemen/repos/rtos_course/RTOS_workspace/001Tasks/ThirdParty/FreeRTOS/include" -I"/Users/siemen/repos/rtos_course/RTOS_workspace/001Tasks/ThirdParty/FreeRTOS/portable/GCC/ARM_CM7/r0p1" -I../Drivers/CMSIS/Device/ST/STM32F7xx/Include -I../Core/Inc -I../Drivers/STM32F7xx_HAL_Driver/Inc -I../Drivers/STM32F7xx_HAL_Driver/Inc/Legacy -O0 -ffunction-sections -fdata-sections -Wall -fstack-usage -MMD -MP -MF"ThirdParty/FreeRTOS/portable/GCC/ARM_CM7/r0p1/port.d" -MT"ThirdParty/FreeRTOS/portable/GCC/ARM_CM7/r0p1/port.o" --specs=nano.specs -mfpu=fpv5-sp-d16 -mfloat-abi=hard -mthumb -o "ThirdParty/FreeRTOS/portable/GCC/ARM_CM7/r0p1/port.o"
arm-none-eabi-gcc "../ThirdParty/FreeRTOS/croutine.c" -mcpu=cortex-m7 -std=gnu11 -g -DDEBUG -DUSE_HAL_DRIVER -DSTM32F750xx -c -I../Drivers/CMSIS/Include -I"/Users/siemen/repos/rtos_course/RTOS_workspace/001Tasks/ThirdParty/FreeRTOS" -I"/Users/siemen/repos/rtos_course/RTOS_workspace/001Tasks/ThirdParty/SEGGER/Config" -I"/Users/siemen/repos/rtos_course/RTOS_workspace/001Tasks/ThirdParty/SEGGER/OS" -I"/Users/siemen/repos/rtos_course/RTOS_workspace/001Tasks/ThirdParty/SEGGER/SEGGER" -I"/Users/siemen/repos/rtos_course/RTOS_workspace/001Tasks/ThirdParty/FreeRTOS/include" -I"/Users/siemen/repos/rtos_course/RTOS_workspace/001Tasks/ThirdParty/FreeRTOS/portable/GCC/ARM_CM7/r0p1" -I../Drivers/CMSIS/Device/ST/STM32F7xx/Include -I../Core/Inc -I../Drivers/STM32F7xx_HAL_Driver/Inc -I../Drivers/STM32F7xx_HAL_Driver/Inc/Legacy -O0 -ffunction-sections -fdata-sections -Wall -fstack-usage -MMD -MP -MF"ThirdParty/FreeRTOS/croutine.d" -MT"ThirdParty/FreeRTOS/croutine.o" --specs=nano.specs -mfpu=fpv5-sp-d16 -mfloat-abi=hard -mthumb -o "ThirdParty/FreeRTOS/croutine.o"
arm-none-eabi-gcc "../ThirdParty/FreeRTOS/event_groups.c" -mcpu=cortex-m7 -std=gnu11 -g -DDEBUG -DUSE_HAL_DRIVER -DSTM32F750xx -c -I../Drivers/CMSIS/Include -I"/Users/siemen/repos/rtos_course/RTOS_workspace/001Tasks/ThirdParty/FreeRTOS" -I"/Users/siemen/repos/rtos_course/RTOS_workspace/001Tasks/ThirdParty/SEGGER/Config" -I"/Users/siemen/repos/rtos_course/RTOS_workspace/001Tasks/ThirdParty/SEGGER/OS" -I"/Users/siemen/repos/rtos_course/RTOS_workspace/001Tasks/ThirdParty/SEGGER/SEGGER" -I"/Users/siemen/repos/rtos_course/RTOS_workspace/001Tasks/ThirdParty/FreeRTOS/include" -I"/Users/siemen/repos/rtos_course/RTOS_workspace/001Tasks/ThirdParty/FreeRTOS/portable/GCC/ARM_CM7/r0p1" -I../Drivers/CMSIS/Device/ST/STM32F7xx/Include -I../Core/Inc -I../Drivers/STM32F7xx_HAL_Driver/Inc -I../Drivers/STM32F7xx_HAL_Driver/Inc/Legacy -O0 -ffunction-sections -fdata-sections -Wall -fstack-usage -MMD -MP -MF"ThirdParty/FreeRTOS/event_groups.d" -MT"ThirdParty/FreeRTOS/event_groups.o" --specs=nano.specs -mfpu=fpv5-sp-d16 -mfloat-abi=hard -mthumb -o "ThirdParty/FreeRTOS/event_groups.o"
arm-none-eabi-gcc "../ThirdParty/FreeRTOS/list.c" -mcpu=cortex-m7 -std=gnu11 -g -DDEBUG -DUSE_HAL_DRIVER -DSTM32F750xx -c -I../Drivers/CMSIS/Include -I"/Users/siemen/repos/rtos_course/RTOS_workspace/001Tasks/ThirdParty/FreeRTOS" -I"/Users/siemen/repos/rtos_course/RTOS_workspace/001Tasks/ThirdParty/SEGGER/Config" -I"/Users/siemen/repos/rtos_course/RTOS_workspace/001Tasks/ThirdParty/SEGGER/OS" -I"/Users/siemen/repos/rtos_course/RTOS_workspace/001Tasks/ThirdParty/SEGGER/SEGGER" -I"/Users/siemen/repos/rtos_course/RTOS_workspace/001Tasks/ThirdParty/FreeRTOS/include" -I"/Users/siemen/repos/rtos_course/RTOS_workspace/001Tasks/ThirdParty/FreeRTOS/portable/GCC/ARM_CM7/r0p1" -I../Drivers/CMSIS/Device/ST/STM32F7xx/Include -I../Core/Inc -I../Drivers/STM32F7xx_HAL_Driver/Inc -I../Drivers/STM32F7xx_HAL_Driver/Inc/Legacy -O0 -ffunction-sections -fdata-sections -Wall -fstack-usage -MMD -MP -MF"ThirdParty/FreeRTOS/list.d" -MT"ThirdParty/FreeRTOS/list.o" --specs=nano.specs -mfpu=fpv5-sp-d16 -mfloat-abi=hard -mthumb -o "ThirdParty/FreeRTOS/list.o"
arm-none-eabi-gcc "../ThirdParty/FreeRTOS/queue.c" -mcpu=cortex-m7 -std=gnu11 -g -DDEBUG -DUSE_HAL_DRIVER -DSTM32F750xx -c -I../Drivers/CMSIS/Include -I"/Users/siemen/repos/rtos_course/RTOS_workspace/001Tasks/ThirdParty/FreeRTOS" -I"/Users/siemen/repos/rtos_course/RTOS_workspace/001Tasks/ThirdParty/SEGGER/Config" -I"/Users/siemen/repos/rtos_course/RTOS_workspace/001Tasks/ThirdParty/SEGGER/OS" -I"/Users/siemen/repos/rtos_course/RTOS_workspace/001Tasks/ThirdParty/SEGGER/SEGGER" -I"/Users/siemen/repos/rtos_course/RTOS_workspace/001Tasks/ThirdParty/FreeRTOS/include" -I"/Users/siemen/repos/rtos_course/RTOS_workspace/001Tasks/ThirdParty/FreeRTOS/portable/GCC/ARM_CM7/r0p1" -I../Drivers/CMSIS/Device/ST/STM32F7xx/Include -I../Core/Inc -I../Drivers/STM32F7xx_HAL_Driver/Inc -I../Drivers/STM32F7xx_HAL_Driver/Inc/Legacy -O0 -ffunction-sections -fdata-sections -Wall -fstack-usage -MMD -MP -MF"ThirdParty/FreeRTOS/queue.d" -MT"ThirdParty/FreeRTOS/queue.o" --specs=nano.specs -mfpu=fpv5-sp-d16 -mfloat-abi=hard -mthumb -o "ThirdParty/FreeRTOS/queue.o"
arm-none-eabi-gcc "../ThirdParty/FreeRTOS/stream_buffer.c" -mcpu=cortex-m7 -std=gnu11 -g -DDEBUG -DUSE_HAL_DRIVER -DSTM32F750xx -c -I../Drivers/CMSIS/Include -I"/Users/siemen/repos/rtos_course/RTOS_workspace/001Tasks/ThirdParty/FreeRTOS" -I"/Users/siemen/repos/rtos_course/RTOS_workspace/001Tasks/ThirdParty/SEGGER/Config" -I"/Users/siemen/repos/rtos_course/RTOS_workspace/001Tasks/ThirdParty/SEGGER/OS" -I"/Users/siemen/repos/rtos_course/RTOS_workspace/001Tasks/ThirdParty/SEGGER/SEGGER" -I"/Users/siemen/repos/rtos_course/RTOS_workspace/001Tasks/ThirdParty/FreeRTOS/include" -I"/Users/siemen/repos/rtos_course/RTOS_workspace/001Tasks/ThirdParty/FreeRTOS/portable/GCC/ARM_CM7/r0p1" -I../Drivers/CMSIS/Device/ST/STM32F7xx/Include -I../Core/Inc -I../Drivers/STM32F7xx_HAL_Driver/Inc -I../Drivers/STM32F7xx_HAL_Driver/Inc/Legacy -O0 -ffunction-sections -fdata-sections -Wall -fstack-usage -MMD -MP -MF"ThirdParty/FreeRTOS/stream_buffer.d" -MT"ThirdParty/FreeRTOS/stream_buffer.o" --specs=nano.specs -mfpu=fpv5-sp-d16 -mfloat-abi=hard -mthumb -o "ThirdParty/FreeRTOS/stream_buffer.o"
arm-none-eabi-gcc "../ThirdParty/FreeRTOS/tasks.c" -mcpu=cortex-m7 -std=gnu11 -g -DDEBUG -DUSE_HAL_DRIVER -DSTM32F750xx -c -I../Drivers/CMSIS/Include -I"/Users/siemen/repos/rtos_course/RTOS_workspace/001Tasks/ThirdParty/FreeRTOS" -I"/Users/siemen/repos/rtos_course/RTOS_workspace/001Tasks/ThirdParty/SEGGER/Config" -I"/Users/siemen/repos/rtos_course/RTOS_workspace/001Tasks/ThirdParty/SEGGER/OS" -I"/Users/siemen/repos/rtos_course/RTOS_workspace/001Tasks/ThirdParty/SEGGER/SEGGER" -I"/Users/siemen/repos/rtos_course/RTOS_workspace/001Tasks/ThirdParty/FreeRTOS/include" -I"/Users/siemen/repos/rtos_course/RTOS_workspace/001Tasks/ThirdParty/FreeRTOS/portable/GCC/ARM_CM7/r0p1" -I../Drivers/CMSIS/Device/ST/STM32F7xx/Include -I../Core/Inc -I../Drivers/STM32F7xx_HAL_Driver/Inc -I../Drivers/STM32F7xx_HAL_Driver/Inc/Legacy -O0 -ffunction-sections -fdata-sections -Wall -fstack-usage -MMD -MP -MF"ThirdParty/FreeRTOS/tasks.d" -MT"ThirdParty/FreeRTOS/tasks.o" --specs=nano.specs -mfpu=fpv5-sp-d16 -mfloat-abi=hard -mthumb -o "ThirdParty/FreeRTOS/tasks.o"
arm-none-eabi-gcc "../ThirdParty/FreeRTOS/timers.c" -mcpu=cortex-m7 -std=gnu11 -g -DDEBUG -DUSE_HAL_DRIVER -DSTM32F750xx -c -I../Drivers/CMSIS/Include -I"/Users/siemen/repos/rtos_course/RTOS_workspace/001Tasks/ThirdParty/FreeRTOS" -I"/Users/siemen/repos/rtos_course/RTOS_workspace/001Tasks/ThirdParty/SEGGER/Config" -I"/Users/siemen/repos/rtos_course/RTOS_workspace/001Tasks/ThirdParty/SEGGER/OS" -I"/Users/siemen/repos/rtos_course/RTOS_workspace/001Tasks/ThirdParty/SEGGER/SEGGER" -I"/Users/siemen/repos/rtos_course/RTOS_workspace/001Tasks/ThirdParty/FreeRTOS/include" -I"/Users/siemen/repos/rtos_course/RTOS_workspace/001Tasks/ThirdParty/FreeRTOS/portable/GCC/ARM_CM7/r0p1" -I../Drivers/CMSIS/Device/ST/STM32F7xx/Include -I../Core/Inc -I../Drivers/STM32F7xx_HAL_Driver/Inc -I../Drivers/STM32F7xx_HAL_Driver/Inc/Legacy -O0 -ffunction-sections -fdata-sections -Wall -fstack-usage -MMD -MP -MF"ThirdParty/FreeRTOS/timers.d" -MT"ThirdParty/FreeRTOS/timers.o" --specs=nano.specs -mfpu=fpv5-sp-d16 -mfloat-abi=hard -mthumb -o "ThirdParty/FreeRTOS/timers.o"
arm-none-eabi-gcc "../Core/Src/main.c" -mcpu=cortex-m7 -std=gnu11 -g -DDEBUG -DUSE_HAL_DRIVER -DSTM32F750xx -c -I../Drivers/CMSIS/Include -I"/Users/siemen/repos/rtos_course/RTOS_workspace/001Tasks/ThirdParty/FreeRTOS" -I"/Users/siemen/repos/rtos_course/RTOS_workspace/001Tasks/ThirdParty/SEGGER/Config" -I"/Users/siemen/repos/rtos_course/RTOS_workspace/001Tasks/ThirdParty/SEGGER/OS" -I"/Users/siemen/repos/rtos_course/RTOS_workspace/001Tasks/ThirdParty/SEGGER/SEGGER" -I"/Users/siemen/repos/rtos_course/RTOS_workspace/001Tasks/ThirdParty/FreeRTOS/include" -I"/Users/siemen/repos/rtos_course/RTOS_workspace/001Tasks/ThirdParty/FreeRTOS/portable/GCC/ARM_CM7/r0p1" -I../Drivers/CMSIS/Device/ST/STM32F7xx/Include -I../Core/Inc -I../Drivers/STM32F7xx_HAL_Driver/Inc -I../Drivers/STM32F7xx_HAL_Driver/Inc/Legacy -O0 -ffunction-sections -fdata-sections -Wall -fstack-usage -MMD -MP -MF"Core/Src/main.d" -MT"Core/Src/main.o" --specs=nano.specs -mfpu=fpv5-sp-d16 -mfloat-abi=hard -mthumb -o "Core/Src/main.o"
arm-none-eabi-gcc -o "001Tasks.elf" @"objects.list"   -mcpu=cortex-m7 -T"/Users/siemen/repos/rtos_course/RTOS_workspace/001Tasks/STM32F750N8HX_FLASH.ld" --specs=nosys.specs -Wl,-Map="001Tasks.map" -Wl,--gc-sections -static --specs=nano.specs -mfpu=fpv5-sp-d16 -mfloat-abi=hard -mthumb -Wl,--start-group -lc -lm -Wl,--end-group
Finished building target: 001Tasks.elf
 
arm-none-eabi-objdump -h -S  001Tasks.elf  > "001Tasks.list"
arm-none-eabi-objcopy  -O binary  001Tasks.elf  "001Tasks.bin"
arm-none-eabi-size   001Tasks.elf 
   text	   data	    bss	    dec	    hex	filename
  25604	    124	  54836	  80564	  13ab4	001Tasks.elf
Finished building: default.size.stdout
 
Finished building: 001Tasks.bin
 
Finished building: 001Tasks.list
 
15:42:19 **** Incremental Build of configuration Debug for project 001Tasks ****
make -j7 all 
arm-none-eabi-size   001Tasks.elf 
   text	   data	    bss	    dec	    hex	filename
  25604	    124	  54836	  80564	  13ab4	001Tasks.elf
Finished building: default.size.stdout
 
