SEGGER_SYSVIEW.c:461:12:_EncodeData	32	static
SEGGER_SYSVIEW.c:495:12:_EncodeStr	32	static
SEGGER_SYSVIEW.c:549:12:_PreparePacket	16	static
SEGGER_SYSVIEW.c:566:13:_HandleIncomingPacket	16	static
SEGGER_SYSVIEW.c:633:12:_TrySendOverflowPacket	56	static
SEGGER_SYSVIEW.c:738:13:_SendPacket	48	static
SEGGER_SYSVIEW.c:879:12:_VPrintHost	144	static,ignoring_inline_asm
SEGGER_SYSVIEW.c:960:13:_StoreChar	48	static
SEGGER_SYSVIEW.c:1002:13:_PrintUnsigned	48	static
SEGGER_SYSVIEW.c:1093:13:_PrintInt	40	static
SEGGER_SYSVIEW.c:1166:13:_VPrintTarget	104	static,ignoring_inline_asm
SEGGER_SYSVIEW.c:1342:6:SEGGER_SYSVIEW_Init	32	static
SEGGER_SYSVIEW.c:1394:6:SEGGER_SYSVIEW_SetRAMBase	16	static
SEGGER_SYSVIEW.c:1408:6:SEGGER_SYSVIEW_RecordVoid	24	static,ignoring_inline_asm
SEGGER_SYSVIEW.c:1428:6:SEGGER_SYSVIEW_RecordU32	40	static,ignoring_inline_asm
SEGGER_SYSVIEW.c:1451:6:SEGGER_SYSVIEW_RecordU32x2	56	static,ignoring_inline_asm
SEGGER_SYSVIEW.c:1476:6:SEGGER_SYSVIEW_RecordU32x3	64	static,ignoring_inline_asm
SEGGER_SYSVIEW.c:1503:6:SEGGER_SYSVIEW_RecordU32x4	72	static,ignoring_inline_asm
SEGGER_SYSVIEW.c:1532:6:SEGGER_SYSVIEW_RecordU32x5	80	static,ignoring_inline_asm
SEGGER_SYSVIEW.c:1563:6:SEGGER_SYSVIEW_RecordU32x6	88	static,ignoring_inline_asm
SEGGER_SYSVIEW.c:1596:6:SEGGER_SYSVIEW_RecordU32x7	96	static,ignoring_inline_asm
SEGGER_SYSVIEW.c:1631:6:SEGGER_SYSVIEW_RecordU32x8	104	static,ignoring_inline_asm
SEGGER_SYSVIEW.c:1668:6:SEGGER_SYSVIEW_RecordU32x9	112	static,ignoring_inline_asm
SEGGER_SYSVIEW.c:1707:6:SEGGER_SYSVIEW_RecordU32x10	120	static,ignoring_inline_asm
SEGGER_SYSVIEW.c:1742:6:SEGGER_SYSVIEW_RecordString	32	static,ignoring_inline_asm
SEGGER_SYSVIEW.c:1778:6:SEGGER_SYSVIEW_Start	56	static,ignoring_inline_asm
SEGGER_SYSVIEW.c:1833:6:SEGGER_SYSVIEW_Stop	16	static,ignoring_inline_asm
SEGGER_SYSVIEW.c:1851:5:SEGGER_SYSVIEW_GetChannelID	4	static
SEGGER_SYSVIEW.c:1863:6:SEGGER_SYSVIEW_GetSysDesc	56	static,ignoring_inline_asm
SEGGER_SYSVIEW.c:1891:6:SEGGER_SYSVIEW_SendTaskInfo	80	static,ignoring_inline_asm
SEGGER_SYSVIEW.c:1918:6:SEGGER_SYSVIEW_SendTaskList	8	static
SEGGER_SYSVIEW.c:1948:6:SEGGER_SYSVIEW_SendSysDesc	32	static,ignoring_inline_asm
SEGGER_SYSVIEW.c:1966:6:SEGGER_SYSVIEW_RecordSystime	24	static
SEGGER_SYSVIEW.c:1990:6:SEGGER_SYSVIEW_RecordEnterISR	32	static,ignoring_inline_asm
SEGGER_SYSVIEW.c:2017:6:SEGGER_SYSVIEW_RecordExitISR	16	static,ignoring_inline_asm
SEGGER_SYSVIEW.c:2039:6:SEGGER_SYSVIEW_RecordExitISRToScheduler	16	static,ignoring_inline_asm
SEGGER_SYSVIEW.c:2057:6:SEGGER_SYSVIEW_RecordEnterTimer	40	static,ignoring_inline_asm
SEGGER_SYSVIEW.c:2075:6:SEGGER_SYSVIEW_RecordExitTimer	16	static,ignoring_inline_asm
SEGGER_SYSVIEW.c:2093:6:SEGGER_SYSVIEW_RecordEndCall	40	static,ignoring_inline_asm
SEGGER_SYSVIEW.c:2115:6:SEGGER_SYSVIEW_RecordEndCallU32	48	static,ignoring_inline_asm
SEGGER_SYSVIEW.c:2134:6:SEGGER_SYSVIEW_OnIdle	16	static,ignoring_inline_asm
SEGGER_SYSVIEW.c:2153:6:SEGGER_SYSVIEW_OnTaskCreate	40	static,ignoring_inline_asm
SEGGER_SYSVIEW.c:2178:6:SEGGER_SYSVIEW_OnTaskTerminate	40	static,ignoring_inline_asm
SEGGER_SYSVIEW.c:2202:6:SEGGER_SYSVIEW_OnTaskStartExec	40	static,ignoring_inline_asm
SEGGER_SYSVIEW.c:2222:6:SEGGER_SYSVIEW_OnTaskStopExec	16	static,ignoring_inline_asm
SEGGER_SYSVIEW.c:2240:6:SEGGER_SYSVIEW_OnTaskStartReady	40	static,ignoring_inline_asm
SEGGER_SYSVIEW.c:2263:6:SEGGER_SYSVIEW_OnTaskStopReady	48	static,ignoring_inline_asm
SEGGER_SYSVIEW.c:2286:6:SEGGER_SYSVIEW_MarkStart	40	static,ignoring_inline_asm
SEGGER_SYSVIEW.c:2307:6:SEGGER_SYSVIEW_MarkStop	40	static,ignoring_inline_asm
SEGGER_SYSVIEW.c:2328:6:SEGGER_SYSVIEW_Mark	48	static,ignoring_inline_asm
SEGGER_SYSVIEW.c:2355:6:SEGGER_SYSVIEW_NameMarker	48	static,ignoring_inline_asm
SEGGER_SYSVIEW.c:2383:6:SEGGER_SYSVIEW_NameResource	40	static,ignoring_inline_asm
SEGGER_SYSVIEW.c:2412:5:SEGGER_SYSVIEW_SendPacket	32	static,ignoring_inline_asm
SEGGER_SYSVIEW.c:2439:5:SEGGER_SYSVIEW_EncodeU32	24	static
SEGGER_SYSVIEW.c:2466:5:SEGGER_SYSVIEW_EncodeString	24	static
SEGGER_SYSVIEW.c:2492:5:SEGGER_SYSVIEW_EncodeData	24	static
SEGGER_SYSVIEW.c:2520:5:SEGGER_SYSVIEW_EncodeId	24	static
SEGGER_SYSVIEW.c:2548:5:SEGGER_SYSVIEW_ShrinkId	16	static
SEGGER_SYSVIEW.c:2570:6:SEGGER_SYSVIEW_RegisterModule	24	static,ignoring_inline_asm
SEGGER_SYSVIEW.c:2611:6:SEGGER_SYSVIEW_RecordModuleDescription	56	static,ignoring_inline_asm
SEGGER_SYSVIEW.c:2652:6:SEGGER_SYSVIEW_SendModule	56	static,ignoring_inline_asm
SEGGER_SYSVIEW.c:2691:6:SEGGER_SYSVIEW_SendModuleDescription	16	static
SEGGER_SYSVIEW.c:2712:6:SEGGER_SYSVIEW_SendNumModules	32	static,ignoring_inline_asm
SEGGER_SYSVIEW.c:2739:6:SEGGER_SYSVIEW_PrintfHostEx	28	static
SEGGER_SYSVIEW.c:2773:6:SEGGER_SYSVIEW_PrintfHost	16	static
SEGGER_SYSVIEW.c:2808:6:SEGGER_SYSVIEW_WarnfHost	16	static
SEGGER_SYSVIEW.c:2843:6:SEGGER_SYSVIEW_ErrorfHost	16	static
SEGGER_SYSVIEW.c:2876:6:SEGGER_SYSVIEW_PrintfTargetEx	28	static
SEGGER_SYSVIEW.c:2895:6:SEGGER_SYSVIEW_PrintfTarget	16	static
SEGGER_SYSVIEW.c:2914:6:SEGGER_SYSVIEW_WarnfTarget	16	static
SEGGER_SYSVIEW.c:2933:6:SEGGER_SYSVIEW_ErrorfTarget	16	static
SEGGER_SYSVIEW.c:2952:6:SEGGER_SYSVIEW_Print	48	static,ignoring_inline_asm
SEGGER_SYSVIEW.c:2974:6:SEGGER_SYSVIEW_Warn	48	static,ignoring_inline_asm
SEGGER_SYSVIEW.c:2996:6:SEGGER_SYSVIEW_Error	48	static,ignoring_inline_asm
SEGGER_SYSVIEW.c:3018:6:SEGGER_SYSVIEW_EnableEvents	16	static
SEGGER_SYSVIEW.c:3032:6:SEGGER_SYSVIEW_DisableEvents	16	static
SEGGER_SYSVIEW.c:3047:5:SEGGER_SYSVIEW_IsStarted	8	static
