SEGGER_SYSVIEW.c:463:12:_EncodeData	32	static
SEGGER_SYSVIEW.c:497:12:_EncodeStr	32	static
SEGGER_SYSVIEW.c:551:12:_PreparePacket	16	static
SEGGER_SYSVIEW.c:568:13:_HandleIncomingPacket	16	static
SEGGER_SYSVIEW.c:635:12:_TrySendOverflowPacket	56	static
SEGGER_SYSVIEW.c:740:13:_SendPacket	48	static
SEGGER_SYSVIEW.c:881:12:_VPrintHost	144	static,ignoring_inline_asm
SEGGER_SYSVIEW.c:962:13:_StoreChar	48	static
SEGGER_SYSVIEW.c:1004:13:_PrintUnsigned	48	static
SEGGER_SYSVIEW.c:1095:13:_PrintInt	40	static
SEGGER_SYSVIEW.c:1168:13:_VPrintTarget	104	static,ignoring_inline_asm
SEGGER_SYSVIEW.c:1344:6:SEGGER_SYSVIEW_Init	32	static
SEGGER_SYSVIEW.c:1396:6:SEGGER_SYSVIEW_SetRAMBase	16	static
SEGGER_SYSVIEW.c:1410:6:SEGGER_SYSVIEW_RecordVoid	24	static,ignoring_inline_asm
SEGGER_SYSVIEW.c:1430:6:SEGGER_SYSVIEW_RecordU32	40	static,ignoring_inline_asm
SEGGER_SYSVIEW.c:1453:6:SEGGER_SYSVIEW_RecordU32x2	56	static,ignoring_inline_asm
SEGGER_SYSVIEW.c:1478:6:SEGGER_SYSVIEW_RecordU32x3	64	static,ignoring_inline_asm
SEGGER_SYSVIEW.c:1505:6:SEGGER_SYSVIEW_RecordU32x4	72	static,ignoring_inline_asm
SEGGER_SYSVIEW.c:1534:6:SEGGER_SYSVIEW_RecordU32x5	80	static,ignoring_inline_asm
SEGGER_SYSVIEW.c:1565:6:SEGGER_SYSVIEW_RecordU32x6	88	static,ignoring_inline_asm
SEGGER_SYSVIEW.c:1598:6:SEGGER_SYSVIEW_RecordU32x7	96	static,ignoring_inline_asm
SEGGER_SYSVIEW.c:1633:6:SEGGER_SYSVIEW_RecordU32x8	104	static,ignoring_inline_asm
SEGGER_SYSVIEW.c:1670:6:SEGGER_SYSVIEW_RecordU32x9	112	static,ignoring_inline_asm
SEGGER_SYSVIEW.c:1709:6:SEGGER_SYSVIEW_RecordU32x10	120	static,ignoring_inline_asm
SEGGER_SYSVIEW.c:1744:6:SEGGER_SYSVIEW_RecordString	32	static,ignoring_inline_asm
SEGGER_SYSVIEW.c:1780:6:SEGGER_SYSVIEW_Start	56	static,ignoring_inline_asm
SEGGER_SYSVIEW.c:1835:6:SEGGER_SYSVIEW_Stop	16	static,ignoring_inline_asm
SEGGER_SYSVIEW.c:1853:5:SEGGER_SYSVIEW_GetChannelID	4	static
SEGGER_SYSVIEW.c:1865:6:SEGGER_SYSVIEW_GetSysDesc	56	static,ignoring_inline_asm
SEGGER_SYSVIEW.c:1893:6:SEGGER_SYSVIEW_SendTaskInfo	80	static,ignoring_inline_asm
SEGGER_SYSVIEW.c:1920:6:SEGGER_SYSVIEW_SendTaskList	8	static
SEGGER_SYSVIEW.c:1950:6:SEGGER_SYSVIEW_SendSysDesc	32	static,ignoring_inline_asm
SEGGER_SYSVIEW.c:1968:6:SEGGER_SYSVIEW_RecordSystime	24	static
SEGGER_SYSVIEW.c:1992:6:SEGGER_SYSVIEW_RecordEnterISR	32	static,ignoring_inline_asm
SEGGER_SYSVIEW.c:2019:6:SEGGER_SYSVIEW_RecordExitISR	16	static,ignoring_inline_asm
SEGGER_SYSVIEW.c:2041:6:SEGGER_SYSVIEW_RecordExitISRToScheduler	16	static,ignoring_inline_asm
SEGGER_SYSVIEW.c:2059:6:SEGGER_SYSVIEW_RecordEnterTimer	40	static,ignoring_inline_asm
SEGGER_SYSVIEW.c:2077:6:SEGGER_SYSVIEW_RecordExitTimer	16	static,ignoring_inline_asm
SEGGER_SYSVIEW.c:2095:6:SEGGER_SYSVIEW_RecordEndCall	40	static,ignoring_inline_asm
SEGGER_SYSVIEW.c:2117:6:SEGGER_SYSVIEW_RecordEndCallU32	48	static,ignoring_inline_asm
SEGGER_SYSVIEW.c:2136:6:SEGGER_SYSVIEW_OnIdle	16	static,ignoring_inline_asm
SEGGER_SYSVIEW.c:2155:6:SEGGER_SYSVIEW_OnTaskCreate	40	static,ignoring_inline_asm
SEGGER_SYSVIEW.c:2180:6:SEGGER_SYSVIEW_OnTaskTerminate	40	static,ignoring_inline_asm
SEGGER_SYSVIEW.c:2204:6:SEGGER_SYSVIEW_OnTaskStartExec	40	static,ignoring_inline_asm
SEGGER_SYSVIEW.c:2224:6:SEGGER_SYSVIEW_OnTaskStopExec	16	static,ignoring_inline_asm
SEGGER_SYSVIEW.c:2242:6:SEGGER_SYSVIEW_OnTaskStartReady	40	static,ignoring_inline_asm
SEGGER_SYSVIEW.c:2265:6:SEGGER_SYSVIEW_OnTaskStopReady	48	static,ignoring_inline_asm
SEGGER_SYSVIEW.c:2288:6:SEGGER_SYSVIEW_MarkStart	40	static,ignoring_inline_asm
SEGGER_SYSVIEW.c:2309:6:SEGGER_SYSVIEW_MarkStop	40	static,ignoring_inline_asm
SEGGER_SYSVIEW.c:2330:6:SEGGER_SYSVIEW_Mark	48	static,ignoring_inline_asm
SEGGER_SYSVIEW.c:2357:6:SEGGER_SYSVIEW_NameMarker	48	static,ignoring_inline_asm
SEGGER_SYSVIEW.c:2385:6:SEGGER_SYSVIEW_NameResource	40	static,ignoring_inline_asm
SEGGER_SYSVIEW.c:2414:5:SEGGER_SYSVIEW_SendPacket	32	static,ignoring_inline_asm
SEGGER_SYSVIEW.c:2441:5:SEGGER_SYSVIEW_EncodeU32	24	static
SEGGER_SYSVIEW.c:2468:5:SEGGER_SYSVIEW_EncodeString	24	static
SEGGER_SYSVIEW.c:2494:5:SEGGER_SYSVIEW_EncodeData	24	static
SEGGER_SYSVIEW.c:2522:5:SEGGER_SYSVIEW_EncodeId	24	static
SEGGER_SYSVIEW.c:2550:5:SEGGER_SYSVIEW_ShrinkId	16	static
SEGGER_SYSVIEW.c:2572:6:SEGGER_SYSVIEW_RegisterModule	24	static,ignoring_inline_asm
SEGGER_SYSVIEW.c:2613:6:SEGGER_SYSVIEW_RecordModuleDescription	56	static,ignoring_inline_asm
SEGGER_SYSVIEW.c:2654:6:SEGGER_SYSVIEW_SendModule	56	static,ignoring_inline_asm
SEGGER_SYSVIEW.c:2693:6:SEGGER_SYSVIEW_SendModuleDescription	16	static
SEGGER_SYSVIEW.c:2714:6:SEGGER_SYSVIEW_SendNumModules	32	static,ignoring_inline_asm
SEGGER_SYSVIEW.c:2741:6:SEGGER_SYSVIEW_PrintfHostEx	28	static
SEGGER_SYSVIEW.c:2775:6:SEGGER_SYSVIEW_PrintfHost	16	static
SEGGER_SYSVIEW.c:2810:6:SEGGER_SYSVIEW_WarnfHost	16	static
SEGGER_SYSVIEW.c:2845:6:SEGGER_SYSVIEW_ErrorfHost	16	static
SEGGER_SYSVIEW.c:2878:6:SEGGER_SYSVIEW_PrintfTargetEx	28	static
SEGGER_SYSVIEW.c:2897:6:SEGGER_SYSVIEW_PrintfTarget	16	static
SEGGER_SYSVIEW.c:2916:6:SEGGER_SYSVIEW_WarnfTarget	16	static
SEGGER_SYSVIEW.c:2935:6:SEGGER_SYSVIEW_ErrorfTarget	16	static
SEGGER_SYSVIEW.c:2954:6:SEGGER_SYSVIEW_Print	48	static,ignoring_inline_asm
SEGGER_SYSVIEW.c:2976:6:SEGGER_SYSVIEW_Warn	48	static,ignoring_inline_asm
SEGGER_SYSVIEW.c:2998:6:SEGGER_SYSVIEW_Error	48	static,ignoring_inline_asm
SEGGER_SYSVIEW.c:3020:6:SEGGER_SYSVIEW_EnableEvents	16	static
SEGGER_SYSVIEW.c:3034:6:SEGGER_SYSVIEW_DisableEvents	16	static
SEGGER_SYSVIEW.c:3049:5:SEGGER_SYSVIEW_IsStarted	8	static
